{'halo': False,
 'halo_size': 2.0,
 'halo_symbol': {'color': {'B': 255,
                           'G': 255,
                           'R': 255,
                           'dither': True,
                           'is_null': False,
                           'stream_offset': '0xdc',
                           'type': 'RgbColor',
                           'version': 1},
                 'enabled': True,
                 'fill_style': 'solid',
                 'locked': False,
                 'outline': {'color': {'B': 110,
                                       'G': 110,
                                       'R': 110,
                                       'dither': True,
                                       'is_null': False,
                                       'stream_offset': '0x99',
                                       'type': 'RgbColor',
                                       'version': 1},
                             'enabled': True,
                             'line_type': 'solid',
                             'locked': False,
                             'stream_offset': '0x87',
                             'symbol_level': 0,
                             'type': 'SimpleLineSymbol',
                             'version': 1,
                             'width': 0.0},
                 'stream_offset': '0x75',
                 'symbol_level': 0,
                 'type': 'SimpleFillSymbol',
                 'version': 1},
 'levels': [{'billboard_display': False,
             'color': {'B': 0,
                       'G': 0,
                       'R': 255,
                       'dither': False,
                       'is_null': False,
                       'stream_offset': '0x12d',
                       'type': 'RgbColor',
                       'version': 1},
             'depth_y': 8.0,
             'dx': 0.5,
             'dy': 0.5,
             'dz': 0.5,
             'enabled': True,
             'keep_aspect_ratio': True,
             'locked': False,
             'quality': 0.5,
             'size_z': 8.0,
             'stream_offset': '0x11b',
             'symbol_level': 0,
             'symbol_type': 'sphere_frame',
             'type': 'SimpleMarker3DSymbol',
             'version': 6,
             'width': 8.0,
             'x_offset': 0.0,
             'x_rotation': 0.0,
             'y_offset': 0.0,
             'y_rotation': 0.0,
             'z_offset': 0.0,
             'z_rotation': 0.0}],
 'stream_offset': '0x0',
 'symbol_level': 0,
 'type': 'MultiLayerMarkerSymbol',
 'version': 3}
