{'levels': [{'cap': 'square',
             'color': {'B': 0,
                       'G': 0,
                       'R': 255,
                       'dither': False,
                       'is_null': False,
                       'stream_offset': '0x49',
                       'type': 'RgbColor',
                       'version': 1},
             'decoration': None,
             'decoration_on_top': False,
             'enabled': True,
             'flip': False,
             'join': 'miter',
             'line_start_offset': 0.0,
             'locked': False,
             'miter_limit': 10.0,
             'offset': 0.0,
             'stream_offset': '0x1e',
             'symbol_level': 0,
             'template': {'pattern_interval': 7.0,
                          'pattern_parts': [[1.0, 2.0]],
                          'stream_offset': '0x78',
                          'type': 'LineTemplate',
                          'version': 1},
             'type': 'CartographicLineSymbol',
             'version': 1,
             'width': 7.999921007999999}],
 'stream_offset': '0x0',
 'symbol_level': 0,
 'type': 'MultiLayerLineSymbol',
 'version': 2}
