{
  "root": {
    "name": "points",
    "description": "",
    "datasource_type": "Shapefile Feature Class",
    "dataset_name": {
      "name": "points",
      "dataset_name": {
        "name": "C:\\temp",
        "browse_name": "Shapefile Data",
        "connection_properties": {
          "DATABASE": "C:\\temp",
          "type": "PropertySet",
          "version": 1,
          "ref_id": 3
        },
        "path_name": "",
        "workspace_type": "ESRI_FILESYSTEM_WORKSPACE",
        "workspace_factory": {
          "type": "ShapefileWorkspaceFactory",
          "version": 1
        },
        "name_string": "",
        "type": "WorkspaceName",
        "version": 1,
        "ref_id": 2
      },
      "datasource_type": "Shapefile Feature Class",
      "feature_type": "FT_SIMPLE",
      "shape_field_name": "Shape",
      "shape_type": "point",
      "type": "FeatureClassName",
      "version": 2,
      "ref_id": 1
    },
    "renderer": {
      "attributes": [
        "Heading",
        "Importance",
        "Pilots"
      ],
      "labels": [
        "Heading",
        "Importance",
        "Pilots"
      ],
      "exclusion_filter": "",
      "show_symbol_for_excluded": false,
      "prevent_overlap": true,
      "vary_size_by_attribute": "",
      "vary_size_using_sum_of_field_values": false,
      "normalize_size_by_attribute": "",
      "size_normalization_method": "normalize_by_nothing",
      "excluded_legend_group": {
        "heading": "",
        "visible": true,
        "editable_or_expanded": true,
        "classes": [
          {
            "symbol": null,
            "format": null,
            "label": "",
            "description": "",
            "feature_count": null,
            "type": "LegendClass",
            "version": 2,
            "ref_id": 6
          }
        ],
        "type": "LegendGroup",
        "version": 3,
        "ref_id": 5
      },
      "ramp_name": "Pastels",
      "legend_group": {
        "heading": "",
        "visible": true,
        "editable_or_expanded": false,
        "classes": [
          {
            "symbol": {
              "max_length": 48.0,
              "spacing": 0.0,
              "bar_width": 6.0,
              "display_in_3d": true,
              "thickness": 3.0,
              "symbols": [
                {
                  "color": {
                    "R": 76,
                    "G": 230,
                    "B": 0,
                    "dither": false,
                    "is_null": false,
                    "type": "RgbColor",
                    "version": 1,
                    "ref_id": 13
                  },
                  "outline": {
                    "color": {
                      "R": 110,
                      "G": 110,
                      "B": 110,
                      "dither": true,
                      "is_null": false,
                      "type": "RgbColor",
                      "version": 1,
                      "ref_id": 12
                    },
                    "width": 1.0,
                    "line_type": "solid",
                    "type": "SimpleLineSymbol",
                    "version": 1,
                    "ref_id": 11,
                    "enabled": true,
                    "locked": false,
                    "symbol_level": 0
                  },
                  "fill_style": "solid",
                  "type": "SimpleFillSymbol",
                  "version": 1,
                  "ref_id": 10,
                  "enabled": true,
                  "locked": false,
                  "symbol_level": 0
                },
                {
                  "color": {
                    "R": 0,
                    "G": 112,
                    "B": 255,
                    "dither": false,
                    "is_null": false,
                    "type": "RgbColor",
                    "version": 1,
                    "ref_id": 17
                  },
                  "outline": {
                    "color": {
                      "R": 110,
                      "G": 110,
                      "B": 110,
                      "dither": true,
                      "is_null": false,
                      "type": "RgbColor",
                      "version": 1,
                      "ref_id": 16
                    },
                    "width": 1.0,
                    "line_type": "solid",
                    "type": "SimpleLineSymbol",
                    "version": 1,
                    "ref_id": 15,
                    "enabled": true,
                    "locked": false,
                    "symbol_level": 0
                  },
                  "fill_style": "solid",
                  "type": "SimpleFillSymbol",
                  "version": 1,
                  "ref_id": 14,
                  "enabled": true,
                  "locked": false,
                  "symbol_level": 0
                },
                {
                  "color": {
                    "R": 255,
                    "G": 0,
                    "B": 0,
                    "dither": false,
                    "is_null": false,
                    "type": "RgbColor",
                    "version": 1,
                    "ref_id": 21
                  },
                  "outline": {
                    "color": {
                      "R": 110,
                      "G": 110,
                      "B": 110,
                      "dither": true,
                      "is_null": false,
                      "type": "RgbColor",
                      "version": 1,
                      "ref_id": 20
                    },
                    "width": 1.0,
                    "line_type": "solid",
                    "type": "SimpleLineSymbol",
                    "version": 1,
                    "ref_id": 19,
                    "enabled": true,
                    "locked": false,
                    "symbol_level": 0
                  },
                  "fill_style": "solid",
                  "type": "SimpleFillSymbol",
                  "version": 1,
                  "ref_id": 18,
                  "enabled": true,
                  "locked": false,
                  "symbol_level": 0
                }
              ],
              "axis_symbol": {
                "color": {
                  "R": 110,
                  "G": 110,
                  "B": 110,
                  "dither": true,
                  "is_null": false,
                  "type": "RgbColor",
                  "version": 1,
                  "ref_id": 29
                },
                "width": 1.0,
                "line_type": "solid",
                "type": "SimpleLineSymbol",
                "version": 1,
                "ref_id": 28,
                "enabled": true,
                "locked": false,
                "symbol_level": 0
              },
              "callout": {
                "margin_top": 0.0,
                "margin_right": 0.0,
                "margin_bottom": 0.0,
                "margin_left": 0.0,
                "border_symbol": null,
                "accent_symbol": null,
                "leader_symbol": {
                  "color": {
                    "R": 110,
                    "G": 110,
                    "B": 110,
                    "dither": true,
                    "is_null": false,
                    "type": "RgbColor",
                    "version": 1,
                    "ref_id": 32
                  },
                  "width": 1.0,
                  "line_type": "solid",
                  "type": "SimpleLineSymbol",
                  "version": 1,
                  "ref_id": 31,
                  "enabled": true,
                  "locked": false,
                  "symbol_level": 0
                },
                "tolerance": 15.0,
                "gap": 0.0,
                "style": "midpoint",
                "point": null,
                "type": "LineCallout",
                "version": 1,
                "ref_id": 30
              },
              "show_axis": false,
              "orientation_vertical": true,
              "values": [
                56.666666666666664,
                85.0,
                170.0
              ],
              "max_value": 340.0,
              "x_offset": 0.0,
              "y_offset": 0.0,
              "type": "BarChartSymbol",
              "version": 1,
              "ref_id": 27
            },
            "format": null,
            "label": "170",
            "description": "",
            "feature_count": null,
            "type": "LegendClass",
            "version": 2,
            "ref_id": 26
          }
        ],
        "type": "LegendGroup",
        "version": 3,
        "ref_id": 25
      },
      "class_legend": {
        "heading": "",
        "visible": true,
        "editable_or_expanded": false,
        "classes": [
          {
            "symbol": {
              "color": {
                "R": 76,
                "G": 230,
                "B": 0,
                "dither": false,
                "is_null": false,
                "type": "RgbColor",
                "version": 1,
                "ref_id": 13
              },
              "outline": {
                "color": {
                  "R": 110,
                  "G": 110,
                  "B": 110,
                  "dither": true,
                  "is_null": false,
                  "type": "RgbColor",
                  "version": 1,
                  "ref_id": 12
                },
                "width": 1.0,
                "line_type": "solid",
                "type": "SimpleLineSymbol",
                "version": 1,
                "ref_id": 11,
                "enabled": true,
                "locked": false,
                "symbol_level": 0
              },
              "fill_style": "solid",
              "type": "SimpleFillSymbol",
              "version": 1,
              "ref_id": 10,
              "enabled": true,
              "locked": false,
              "symbol_level": 0
            },
            "format": null,
            "label": "Heading",
            "description": "",
            "feature_count": null,
            "type": "LegendClass",
            "version": 2,
            "ref_id": 34
          },
          {
            "symbol": {
              "color": {
                "R": 0,
                "G": 112,
                "B": 255,
                "dither": false,
                "is_null": false,
                "type": "RgbColor",
                "version": 1,
                "ref_id": 17
              },
              "outline": {
                "color": {
                  "R": 110,
                  "G": 110,
                  "B": 110,
                  "dither": true,
                  "is_null": false,
                  "type": "RgbColor",
                  "version": 1,
                  "ref_id": 16
                },
                "width": 1.0,
                "line_type": "solid",
                "type": "SimpleLineSymbol",
                "version": 1,
                "ref_id": 15,
                "enabled": true,
                "locked": false,
                "symbol_level": 0
              },
              "fill_style": "solid",
              "type": "SimpleFillSymbol",
              "version": 1,
              "ref_id": 14,
              "enabled": true,
              "locked": false,
              "symbol_level": 0
            },
            "format": null,
            "label": "Importance",
            "description": "",
            "feature_count": null,
            "type": "LegendClass",
            "version": 2,
            "ref_id": 35
          },
          {
            "symbol": {
              "color": {
                "R": 255,
                "G": 0,
                "B": 0,
                "dither": false,
                "is_null": false,
                "type": "RgbColor",
                "version": 1,
                "ref_id": 21
              },
              "outline": {
                "color": {
                  "R": 110,
                  "G": 110,
                  "B": 110,
                  "dither": true,
                  "is_null": false,
                  "type": "RgbColor",
                  "version": 1,
                  "ref_id": 20
                },
                "width": 1.0,
                "line_type": "solid",
                "type": "SimpleLineSymbol",
                "version": 1,
                "ref_id": 19,
                "enabled": true,
                "locked": false,
                "symbol_level": 0
              },
              "fill_style": "solid",
              "type": "SimpleFillSymbol",
              "version": 1,
              "ref_id": 18,
              "enabled": true,
              "locked": false,
              "symbol_level": 0
            },
            "format": null,
            "label": "Pilots",
            "description": "",
            "feature_count": null,
            "type": "LegendClass",
            "version": 2,
            "ref_id": 36
          }
        ],
        "type": "LegendGroup",
        "version": 3,
        "ref_id": 33
      },
      "symbol": {
        "max_length": 48.0,
        "spacing": 0.0,
        "bar_width": 6.0,
        "display_in_3d": true,
        "thickness": 3.0,
        "symbols": [
          {
            "color": {
              "R": 76,
              "G": 230,
              "B": 0,
              "dither": false,
              "is_null": false,
              "type": "RgbColor",
              "version": 1,
              "ref_id": 13
            },
            "outline": {
              "color": {
                "R": 110,
                "G": 110,
                "B": 110,
                "dither": true,
                "is_null": false,
                "type": "RgbColor",
                "version": 1,
                "ref_id": 12
              },
              "width": 1.0,
              "line_type": "solid",
              "type": "SimpleLineSymbol",
              "version": 1,
              "ref_id": 11,
              "enabled": true,
              "locked": false,
              "symbol_level": 0
            },
            "fill_style": "solid",
            "type": "SimpleFillSymbol",
            "version": 1,
            "ref_id": 10,
            "enabled": true,
            "locked": false,
            "symbol_level": 0
          },
          {
            "color": {
              "R": 0,
              "G": 112,
              "B": 255,
              "dither": false,
              "is_null": false,
              "type": "RgbColor",
              "version": 1,
              "ref_id": 17
            },
            "outline": {
              "color": {
                "R": 110,
                "G": 110,
                "B": 110,
                "dither": true,
                "is_null": false,
                "type": "RgbColor",
                "version": 1,
                "ref_id": 16
              },
              "width": 1.0,
              "line_type": "solid",
              "type": "SimpleLineSymbol",
              "version": 1,
              "ref_id": 15,
              "enabled": true,
              "locked": false,
              "symbol_level": 0
            },
            "fill_style": "solid",
            "type": "SimpleFillSymbol",
            "version": 1,
            "ref_id": 14,
            "enabled": true,
            "locked": false,
            "symbol_level": 0
          },
          {
            "color": {
              "R": 255,
              "G": 0,
              "B": 0,
              "dither": false,
              "is_null": false,
              "type": "RgbColor",
              "version": 1,
              "ref_id": 21
            },
            "outline": {
              "color": {
                "R": 110,
                "G": 110,
                "B": 110,
                "dither": true,
                "is_null": false,
                "type": "RgbColor",
                "version": 1,
                "ref_id": 20
              },
              "width": 1.0,
              "line_type": "solid",
              "type": "SimpleLineSymbol",
              "version": 1,
              "ref_id": 19,
              "enabled": true,
              "locked": false,
              "symbol_level": 0
            },
            "fill_style": "solid",
            "type": "SimpleFillSymbol",
            "version": 1,
            "ref_id": 18,
            "enabled": true,
            "locked": false,
            "symbol_level": 0
          }
        ],
        "axis_symbol": {
          "color": {
            "R": 110,
            "G": 110,
            "B": 110,
            "dither": true,
            "is_null": false,
            "type": "RgbColor",
            "version": 1,
            "ref_id": 9
          },
          "width": 1.0,
          "line_type": "solid",
          "type": "SimpleLineSymbol",
          "version": 1,
          "ref_id": 8,
          "enabled": true,
          "locked": false,
          "symbol_level": 0
        },
        "callout": {
          "margin_top": 0.0,
          "margin_right": 0.0,
          "margin_bottom": 0.0,
          "margin_left": 0.0,
          "border_symbol": null,
          "accent_symbol": null,
          "leader_symbol": {
            "color": {
              "R": 110,
              "G": 110,
              "B": 110,
              "dither": true,
              "is_null": false,
              "type": "RgbColor",
              "version": 1,
              "ref_id": 24
            },
            "width": 1.0,
            "line_type": "solid",
            "type": "SimpleLineSymbol",
            "version": 1,
            "ref_id": 23,
            "enabled": true,
            "locked": false,
            "symbol_level": 0
          },
          "tolerance": 15.0,
          "gap": 0.0,
          "style": "midpoint",
          "point": null,
          "type": "LineCallout",
          "version": 1,
          "ref_id": 22
        },
        "show_axis": false,
        "orientation_vertical": true,
        "values": [
          56.666666666666664,
          85.0,
          170.0
        ],
        "max_value": 340.0,
        "x_offset": 0.0,
        "y_offset": 0.0,
        "type": "BarChartSymbol",
        "version": 1,
        "ref_id": 7
      },
      "symbol2": null,
      "size_compensation_flannery": false,
      "vary_size_using_log_of_attribute": false,
      "min_value": 0.0,
      "min_size": 12.0,
      "type": "ChartRenderer",
      "version": 2,
      "ref_id": 4
    },
    "field_format": {
      "FID": {
        "alias": "FID",
        "number_format": null,
        "visible": true,
        "highlight": false,
        "read_only": true,
        "value_as_ratio": false,
        "type": "FieldInfo",
        "version": 4,
        "ref_id": 37
      },
      "Shape": {
        "alias": "Shape",
        "number_format": null,
        "visible": true,
        "highlight": false,
        "read_only": false,
        "value_as_ratio": false,
        "type": "FieldInfo",
        "version": 4,
        "ref_id": 38
      },
      "Class": {
        "alias": "Class",
        "number_format": null,
        "visible": true,
        "highlight": false,
        "read_only": false,
        "value_as_ratio": false,
        "type": "FieldInfo",
        "version": 4,
        "ref_id": 39
      },
      "Heading": {
        "alias": "Heading",
        "number_format": {
          "alignment": "ALIGN_RIGHT",
          "alignment_width": 12,
          "rounding": "ROUND_NUMBER_OF_DECIMALS",
          "rounding_value": 0,
          "show_plus_sign": false,
          "zero_pad": false,
          "thousands": false,
          "type": "NumericFormat",
          "version": 1,
          "ref_id": 41
        },
        "visible": true,
        "highlight": false,
        "read_only": false,
        "value_as_ratio": false,
        "type": "FieldInfo",
        "version": 4,
        "ref_id": 40
      },
      "Importance": {
        "alias": "Importance",
        "number_format": {
          "alignment": "ALIGN_RIGHT",
          "alignment_width": 12,
          "rounding": "ROUND_NUMBER_OF_DECIMALS",
          "rounding_value": 3,
          "show_plus_sign": false,
          "zero_pad": false,
          "thousands": false,
          "type": "NumericFormat",
          "version": 1,
          "ref_id": 43
        },
        "visible": true,
        "highlight": false,
        "read_only": false,
        "value_as_ratio": false,
        "type": "FieldInfo",
        "version": 4,
        "ref_id": 42
      },
      "Pilots": {
        "alias": "Pilots",
        "number_format": {
          "alignment": "ALIGN_RIGHT",
          "alignment_width": 12,
          "rounding": "ROUND_NUMBER_OF_DECIMALS",
          "rounding_value": 0,
          "show_plus_sign": false,
          "zero_pad": false,
          "thousands": false,
          "type": "NumericFormat",
          "version": 1,
          "ref_id": 45
        },
        "visible": true,
        "highlight": false,
        "read_only": false,
        "value_as_ratio": false,
        "type": "FieldInfo",
        "version": 4,
        "ref_id": 44
      },
      "Cabin Crew": {
        "alias": "Cabin Crew",
        "number_format": {
          "alignment": "ALIGN_RIGHT",
          "alignment_width": 12,
          "rounding": "ROUND_NUMBER_OF_DECIMALS",
          "rounding_value": 0,
          "show_plus_sign": false,
          "zero_pad": false,
          "thousands": false,
          "type": "NumericFormat",
          "version": 1,
          "ref_id": 47
        },
        "visible": true,
        "highlight": false,
        "read_only": false,
        "value_as_ratio": false,
        "type": "FieldInfo",
        "version": 4,
        "ref_id": 46
      },
      "Staff": {
        "alias": "Staff",
        "number_format": {
          "alignment": "ALIGN_RIGHT",
          "alignment_width": 12,
          "rounding": "ROUND_NUMBER_OF_DECIMALS",
          "rounding_value": 0,
          "show_plus_sign": false,
          "zero_pad": false,
          "thousands": false,
          "type": "NumericFormat",
          "version": 1,
          "ref_id": 49
        },
        "visible": true,
        "highlight": false,
        "read_only": false,
        "value_as_ratio": false,
        "type": "FieldInfo",
        "version": 4,
        "ref_id": 48
      }
    },
    "visible": true,
    "zoom_min": 0.0,
    "zoom_max": 0.0,
    "stored_zoom_min": 0.0,
    "stored_zoom_max": 0.0,
    "definition_query": "",
    "definition_query_search_order": "spatial_first",
    "labels_enabled": false,
    "annotation_collection": {
      "properties": [
        {
          "label_features": true,
          "class_name": "Default",
          "class_filter": "",
          "expression": "[Class]",
          "advanced_expression": false,
          "scale_range_min": 0.0,
          "scale_range_max": 0.0,
          "text_symbol": {
            "color": {
              "R": 0,
              "G": 0,
              "B": 0,
              "dither": false,
              "is_null": false,
              "type": "RgbColor",
              "version": 1,
              "ref_id": 53
            },
            "raster_op": 13,
            "symbol_level": 0,
            "character_spacing": 0.0,
            "character_width": 100.0,
            "word_spacing": 100.0,
            "flip_angle": 90.0,
            "leading": 0.0,
            "right_to_left": false,
            "cjk_orientation": false,
            "kerning": true,
            "case": "normal",
            "x_offset": 0.0,
            "y_offset": 0.0,
            "position": "normal",
            "shadow_x_offset": 0.0,
            "shadow_y_offset": 0.0,
            "shadow_color": {
              "R": 0,
              "G": 0,
              "B": 0,
              "dither": false,
              "is_null": false,
              "type": "RgbColor",
              "version": 1,
              "ref_id": 54
            },
            "angle": 0.0,
            "font_size": 8.0,
            "font": {
              "font_name": "Arial",
              "charset": 0,
              "weight": 400,
              "size": 8.0,
              "italic": false,
              "strikethrough": false,
              "underline": false,
              "type": "Font",
              "version": 1,
              "ref_id": 55
            },
            "halo_enabled": false,
            "halo_size": 2.0,
            "halo_symbol": null,
            "background_symbol": null,
            "horizontal_alignment": "center",
            "vertical_alignment": "bottom",
            "text_fill_symbol": null,
            "text_direction": 0,
            "type_setting": true,
            "break_character": null,
            "clip": false,
            "rotate_with_transform": true,
            "type": "TextSymbol",
            "version": 4,
            "ref_id": 52
          },
          "overposter": {
            "line_label_position": {
              "above": true,
              "below": false,
              "online": false,
              "follow_line_orientation": false,
              "curved": false,
              "parallel": true,
              "perpendicular": false,
              "horizontal": false,
              "at_start": false,
              "at_end": false,
              "before_after_distance": 0.0,
              "best_position_along_line": true,
              "right_of_line": false,
              "type": "LineLabelPosition",
              "version": 2,
              "ref_id": 57
            },
            "line_label_priorities": {
              "above_before": 3,
              "above_at": 3,
              "above_after": 3,
              "on_line_before": 3,
              "on_line_at": 3,
              "on_line_after": 3,
              "below_before": 3,
              "below_at": 3,
              "below_after": 3,
              "type": "LineLabelPlacementPriorities",
              "version": 1,
              "ref_id": 58
            },
            "point_placement_method": "around",
            "point_placement_priorities": {
              "top_left": 2,
              "top_center": 2,
              "top_right": 1,
              "center_right": 2,
              "bottom_right": 2,
              "bottom_center": 3,
              "bottom_left": 3,
              "center_left": 3,
              "type": "PointPlacementPriorities",
              "version": 1,
              "ref_id": 59
            },
            "point_label_angle_field": "",
            "point_label_angle_perpendicular": false,
            "point_place_over_feature": false,
            "specified_point_angles": [],
            "polygon_placement_method": "always_horizontal",
            "polygon_only_inside": false,
            "margin_size": 0.0,
            "offset": 0.0,
            "number_restriction": "one_per_name",
            "feature_weight": "none",
            "label_weight": "high",
            "place_overlapping": false,
            "geometry_type": 0,
            "generate_unplaced": true,
            "max_distance_from_feature": 0.0,
            "point_label_angle_type": 1,
            "is_barrier": false,
            "place_labels": false,
            "place_symbols": false,
            "type": "BasicOverposterLayerProperties",
            "version": 6,
            "ref_id": 56
          },
          "expression_parser": null,
          "offset": 0.0,
          "label_which_features": 1,
          "symbol_id": 65535,
          "layer_full_extent": null,
          "scale_ratio": 0.0,
          "reference_scale": 0.0,
          "units_world_coordinates": "unknown",
          "priority": 1,
          "create_unplaced_elements": true,
          "feature_linked": false,
          "use_output": 65535,
          "annotation_class_id": 0,
          "add_unplaced_to_graphics_container": true,
          "type": "LabelEngineLayerProperties",
          "version": 7,
          "ref_id": 51
        }
      ],
      "type": "AnnotateLayerPropertiesCollection",
      "version": 2,
      "ref_id": 50
    },
    "display_filter": null,
    "transparency": 0,
    "brightness": 0,
    "hyperlink_type": "document",
    "hyperlink_field": "",
    "hyperlink_macro_name": "",
    "scale_symbols": true,
    "selection_color": null,
    "show_selection_using_symbol": false,
    "cached": false,
    "show_map_tips": false,
    "selected_feature_symbol": {
      "color": {
        "R": 0,
        "G": 255,
        "B": 255,
        "dither": true,
        "is_null": false,
        "type": "RgbColor",
        "version": 1,
        "ref_id": 63
      },
      "marker_type": "circle",
      "size": 8.0,
      "x_offset": 0.0,
      "y_offset": 0.0,
      "outline_enabled": false,
      "outline_color": {
        "R": 0,
        "G": 0,
        "B": 0,
        "dither": false,
        "is_null": false,
        "type": "RgbColor",
        "version": 1,
        "ref_id": 64
      },
      "outline_size": 1.0,
      "rotate_with_transform": true,
      "angle": 0.0,
      "type": "SimpleMarkerSymbol",
      "version": 2,
      "ref_id": 62,
      "enabled": true,
      "locked": false,
      "symbol_level": 0
    },
    "layer_extent": {
      "x_min": -118.88888888888877,
      "x_max": -83.33333333333316,
      "y_min": 22.80020703933768,
      "y_max": 46.871980676328754,
      "crs": {
        "wkt": "GEOGCS[\"GCS_WGS_1984\",DATUM[\"D_WGS_1984\",SPHEROID[\"WGS_1984\",6378137.0,298.257223563]],PRIMEM[\"Greenwich\",0.0],UNIT[\"Degree\",0.0174532925199433]]",
        "x_origin": -400.0,
        "y_origin": -400.0,
        "xy_scale": 11258999068426.238,
        "z_origin": -100000.0,
        "z_scale": 10000.0,
        "m_origin": -100000.0,
        "m_scale": 10000.0,
        "xy_tolerance": 8.983152841195215e-09,
        "z_tolerance": 0.001,
        "m_tolerance": 0.001,
        "is_high_precision": true,
        "type": "GeographicCoordinateSystem",
        "version": 7,
        "ref_id": 66
      },
      "type": "Envelope",
      "version": 3,
      "ref_id": 65
    },
    "features_excluded_from_rendering": {
      "features": [],
      "type": "FeatureIDSet",
      "version": 1,
      "ref_id": 60
    },
    "uid": {
      "value": "01004145-0d1c-11d2-a26f-080009b6f22b",
      "sub_type": 0,
      "type": "UID",
      "version": 1,
      "ref_id": 67
    },
    "display_expression_properties": {
      "expression": "[Class]",
      "advanced": false,
      "expression_parser": {
        "show_coded": true,
        "type": "AnnotationVBScriptEngine",
        "version": 2,
        "ref_id": 69
      },
      "type": "DisplayExpressionProperties",
      "version": 1,
      "ref_id": 68
    },
    "map_tip_hide_field_name": false,
    "map_tip_show_coded": true,
    "map_tip_field_name": "",
    "map_tip_url_prefix": "",
    "map_tip_url_suffix": "",
    "map_tip_xsl": "",
    "html_popup_enabled": true,
    "html_popup_style": "two_column_table",
    "html_popup_download_attachment": false,
    "use_advanced_symbol_levels": false,
    "time_enabled": false,
    "time_zone": null,
    "time_step": 0.0,
    "time_step_units": "hours",
    "time_offset": 0.0,
    "time_offset_units": "years",
    "time_data_changes_regularly": true,
    "time_format": "",
    "time_display_cumulative": false,
    "time_field": "",
    "time_end_field": "",
    "time_extent": null,
    "time_dimension_name": "",
    "time_dimension_format": "",
    "track_id_field_name": "",
    "extensions": [
      {
        "properties": {
          "ServiceLayerID": 0,
          "type": "PropertySet",
          "version": 1,
          "ref_id": 61
        },
        "type": "ServerLayerExtension",
        "version": 1
      }
    ],
    "join_type": "left_outer",
    "join": null,
    "relations": [],
    "hyperlinks": [],
    "selection_set": [],
    "hyperlink_expression_properties": {
      "expression": "",
      "is_expression_simple": true,
      "parser": null,
      "type": "HotLinkExpressionProperties",
      "version": 1,
      "ref_id": 70
    },
    "selectable": true,
    "weight": 98.0,
    "shape_type": "point",
    "use_page_definition_query": false,
    "page_name_field": "",
    "page_name_match_operator": "",
    "display_field": "Class",
    "area_of_interest": null,
    "type": "FeatureLayer",
    "version": 34,
    "ref_id": 0
  }
}