{'root': {'allow_interactive_display': False,
          'cached': False,
          'custom_extent': None,
          'dataset_name': {'file_name': 'transitions_100E_20N_v1_1.tif',
                           'path': 'RASTER: Workspace = '
                                   'C:\\Users\\nd13030\\Downloads\\; '
                                   'RasterDataset = '
                                   'transitions_100E_20N_v1_1.tif;',
                           'ref_id': 1,
                           'type': 'RasterDatasetName',
                           'version': 4,
                           'workspace_name': {'browse_name': 'Raster Data',
                                              'connection_properties': {'DATABASE': 'C:\\Users\\nd13030\\Downloads\\',
                                                                        'ref_id': 3,
                                                                        'type': 'PropertySet',
                                                                        'version': 1},
                                              'name': 'C:\\Users\\nd13030\\Downloads\\',
                                              'name_string': 'Raster Workspace '
                                                             '= '
                                                             'C:\\Users\\nd13030\\Downloads\\;',
                                              'path_name': '',
                                              'ref_id': 2,
                                              'type': 'WorkspaceName',
                                              'version': 1,
                                              'workspace_factory': {'type': 'RasterWorkspaceFactory',
                                                                    'version': 1},
                                              'workspace_type': 'ESRI_FILESYSTEM_WORKSPACE'}},
          'description': '',
          'extensions': [{'properties': {'ServiceLayerID': 1,
                                         'ref_id': 70,
                                         'type': 'PropertySet',
                                         'version': 1},
                          'ref_id': 69,
                          'type': 'ServerLayerExtension',
                          'version': 1}],
          'extent': {'crs': {'is_high_precision': True,
                             'm_origin': -100000.0,
                             'm_scale': 10000.0,
                             'm_tolerance': 0.001,
                             'ref_id': 75,
                             'type': 'GeographicCoordinateSystem',
                             'version': 7,
                             'wkt': 'GEOGCS["GCS_WGS_1984",DATUM["D_WGS_1984",SPHEROID["WGS_1984",6378137.0,298.257223563]],PRIMEM["Greenwich",0.0],UNIT["Degree",0.0174532925199433]]',
                             'x_origin': -400.0,
                             'xy_scale': 11258999068426.238,
                             'xy_tolerance': 8.983152841195215e-09,
                             'y_origin': -400.0,
                             'z_origin': -100000.0,
                             'z_scale': 10000.0,
                             'z_tolerance': 0.001},
                     'ref_id': 76,
                     'type': 'Envelope',
                     'version': 3,
                     'x_max': 110.0,
                     'x_min': 100.0,
                     'y_max': 20.0,
                     'y_min': 10.0},
          'extent_bottom': 10.0,
          'extent_left': 100.0,
          'extent_right': 110.0,
          'extent_top': 20.0,
          'file': 'transitions_100E_20N_v1_1.tif',
          'histogram': None,
          'joins': [],
          'path': '.',
          'ref_id': 0,
          'relations': [],
          'render_quality_percent': 100,
          'renderer': {'alpha_band': None,
                       'alpha_checked': False,
                       'brightness': 0,
                       'contrast': 0,
                       'groups': [{'classes': [{'description': '',
                                                'feature_count': None,
                                                'format': None,
                                                'label': 'label',
                                                'ref_id': 6,
                                                'symbol': {'color': {'B': 255,
                                                                     'G': 255,
                                                                     'R': 255,
                                                                     'dither': False,
                                                                     'is_null': False,
                                                                     'ref_id': 8,
                                                                     'type': 'RgbColor',
                                                                     'version': 1},
                                                           'enabled': True,
                                                           'locked': False,
                                                           'ref_id': 7,
                                                           'symbol_level': 0,
                                                           'type': 'ColorSymbol',
                                                           'version': 1},
                                                'type': 'LegendClass',
                                                'version': 2},
                                               {'description': '',
                                                'feature_count': None,
                                                'format': None,
                                                'label': 'label 1',
                                                'ref_id': 9,
                                                'symbol': {'color': {'B': 221,
                                                                     'G': 0,
                                                                     'R': 0,
                                                                     'dither': False,
                                                                     'is_null': False,
                                                                     'ref_id': 11,
                                                                     'type': 'RgbColor',
                                                                     'version': 1},
                                                           'enabled': True,
                                                           'locked': False,
                                                           'ref_id': 10,
                                                           'symbol_level': 0,
                                                           'type': 'ColorSymbol',
                                                           'version': 1},
                                                'type': 'LegendClass',
                                                'version': 2},
                                               {'description': '',
                                                'feature_count': None,
                                                'format': None,
                                                'label': '2',
                                                'ref_id': 12,
                                                'symbol': {'color': {'B': 76,
                                                                     'G': 177,
                                                                     'R': 33,
                                                                     'dither': False,
                                                                     'is_null': False,
                                                                     'ref_id': 14,
                                                                     'type': 'RgbColor',
                                                                     'version': 1},
                                                           'enabled': True,
                                                           'locked': False,
                                                           'ref_id': 13,
                                                           'symbol_level': 0,
                                                           'type': 'ColorSymbol',
                                                           'version': 1},
                                                'type': 'LegendClass',
                                                'version': 2},
                                               {'description': '',
                                                'feature_count': None,
                                                'format': None,
                                                'label': '3',
                                                'ref_id': 15,
                                                'symbol': {'color': {'B': 62,
                                                                     'G': 7,
                                                                     'R': 147,
                                                                     'dither': False,
                                                                     'is_null': False,
                                                                     'ref_id': 17,
                                                                     'type': 'RgbColor',
                                                                     'version': 1},
                                                           'enabled': True,
                                                           'locked': False,
                                                           'ref_id': 16,
                                                           'symbol_level': 0,
                                                           'type': 'ColorSymbol',
                                                           'version': 1},
                                                'type': 'LegendClass',
                                                'version': 2},
                                               {'description': '',
                                                'feature_count': None,
                                                'format': None,
                                                'label': '4',
                                                'ref_id': 18,
                                                'symbol': {'color': {'B': 234,
                                                                     'G': 217,
                                                                     'R': 153,
                                                                     'dither': False,
                                                                     'is_null': False,
                                                                     'ref_id': 20,
                                                                     'type': 'RgbColor',
                                                                     'version': 1},
                                                           'enabled': True,
                                                           'locked': False,
                                                           'ref_id': 19,
                                                           'symbol_level': 0,
                                                           'type': 'ColorSymbol',
                                                           'version': 1},
                                                'type': 'LegendClass',
                                                'version': 2},
                                               {'description': '',
                                                'feature_count': None,
                                                'format': None,
                                                'label': '5',
                                                'ref_id': 21,
                                                'symbol': {'color': {'B': 29,
                                                                     'G': 229,
                                                                     'R': 181,
                                                                     'dither': False,
                                                                     'is_null': False,
                                                                     'ref_id': 23,
                                                                     'type': 'RgbColor',
                                                                     'version': 1},
                                                           'enabled': True,
                                                           'locked': False,
                                                           'ref_id': 22,
                                                           'symbol_level': 0,
                                                           'type': 'ColorSymbol',
                                                           'version': 1},
                                                'type': 'LegendClass',
                                                'version': 2},
                                               {'description': '',
                                                'feature_count': None,
                                                'format': None,
                                                'label': '6',
                                                'ref_id': 24,
                                                'symbol': {'color': {'B': 186,
                                                                     'G': 179,
                                                                     'R': 235,
                                                                     'dither': False,
                                                                     'is_null': False,
                                                                     'ref_id': 26,
                                                                     'type': 'RgbColor',
                                                                     'version': 1},
                                                           'enabled': True,
                                                           'locked': False,
                                                           'ref_id': 25,
                                                           'symbol_level': 0,
                                                           'type': 'ColorSymbol',
                                                           'version': 1},
                                                'type': 'LegendClass',
                                                'version': 2},
                                               {'description': '',
                                                'feature_count': None,
                                                'format': None,
                                                'label': '7',
                                                'ref_id': 27,
                                                'symbol': {'color': {'B': 55,
                                                                     'G': 139,
                                                                     'R': 255,
                                                                     'dither': False,
                                                                     'is_null': False,
                                                                     'ref_id': 29,
                                                                     'type': 'RgbColor',
                                                                     'version': 1},
                                                           'enabled': True,
                                                           'locked': False,
                                                           'ref_id': 28,
                                                           'symbol_level': 0,
                                                           'type': 'ColorSymbol',
                                                           'version': 1},
                                                'type': 'LegendClass',
                                                'version': 2},
                                               {'description': '',
                                                'feature_count': None,
                                                'format': None,
                                                'label': '8',
                                                'ref_id': 30,
                                                'symbol': {'color': {'B': 102,
                                                                     'G': 221,
                                                                     'R': 254,
                                                                     'dither': False,
                                                                     'is_null': False,
                                                                     'ref_id': 32,
                                                                     'type': 'RgbColor',
                                                                     'version': 1},
                                                           'enabled': True,
                                                           'locked': False,
                                                           'ref_id': 31,
                                                           'symbol_level': 0,
                                                           'type': 'ColorSymbol',
                                                           'version': 1},
                                                'type': 'LegendClass',
                                                'version': 2},
                                               {'description': '',
                                                'feature_count': None,
                                                'format': None,
                                                'label': '9',
                                                'ref_id': 33,
                                                'symbol': {'color': {'B': 127,
                                                                     'G': 127,
                                                                     'R': 127,
                                                                     'dither': False,
                                                                     'is_null': False,
                                                                     'ref_id': 35,
                                                                     'type': 'RgbColor',
                                                                     'version': 1},
                                                           'enabled': True,
                                                           'locked': False,
                                                           'ref_id': 34,
                                                           'symbol_level': 0,
                                                           'type': 'ColorSymbol',
                                                           'version': 1},
                                                'type': 'LegendClass',
                                                'version': 2},
                                               {'description': '',
                                                'feature_count': None,
                                                'format': None,
                                                'label': '10',
                                                'ref_id': 36,
                                                'symbol': {'color': {'B': 172,
                                                                     'G': 172,
                                                                     'R': 172,
                                                                     'dither': False,
                                                                     'is_null': False,
                                                                     'ref_id': 38,
                                                                     'type': 'RgbColor',
                                                                     'version': 1},
                                                           'enabled': True,
                                                           'locked': False,
                                                           'ref_id': 37,
                                                           'symbol_level': 0,
                                                           'type': 'ColorSymbol',
                                                           'version': 1},
                                                'type': 'LegendClass',
                                                'version': 2},
                                               {'description': '',
                                                'feature_count': None,
                                                'format': None,
                                                'label': '11',
                                                'ref_id': 39,
                                                'symbol': {'color': {'B': 0,
                                                                     'G': 0,
                                                                     'R': 0,
                                                                     'dither': False,
                                                                     'is_null': False,
                                                                     'ref_id': 41,
                                                                     'type': 'RgbColor',
                                                                     'version': 1},
                                                           'enabled': True,
                                                           'locked': False,
                                                           'ref_id': 40,
                                                           'symbol_level': 0,
                                                           'type': 'ColorSymbol',
                                                           'version': 1},
                                                'type': 'LegendClass',
                                                'version': 2},
                                               {'description': '',
                                                'feature_count': None,
                                                'format': None,
                                                'label': '12',
                                                'ref_id': 42,
                                                'symbol': {'color': {'B': 0,
                                                                     'G': 0,
                                                                     'R': 0,
                                                                     'dither': False,
                                                                     'is_null': False,
                                                                     'ref_id': 44,
                                                                     'type': 'RgbColor',
                                                                     'version': 1},
                                                           'enabled': True,
                                                           'locked': False,
                                                           'ref_id': 43,
                                                           'symbol_level': 0,
                                                           'type': 'ColorSymbol',
                                                           'version': 1},
                                                'type': 'LegendClass',
                                                'version': 2},
                                               {'description': '',
                                                'feature_count': None,
                                                'format': None,
                                                'label': '13',
                                                'ref_id': 45,
                                                'symbol': {'color': {'B': 0,
                                                                     'G': 0,
                                                                     'R': 0,
                                                                     'dither': False,
                                                                     'is_null': False,
                                                                     'ref_id': 47,
                                                                     'type': 'RgbColor',
                                                                     'version': 1},
                                                           'enabled': True,
                                                           'locked': False,
                                                           'ref_id': 46,
                                                           'symbol_level': 0,
                                                           'type': 'ColorSymbol',
                                                           'version': 1},
                                                'type': 'LegendClass',
                                                'version': 2},
                                               {'description': '',
                                                'feature_count': None,
                                                'format': None,
                                                'label': '14',
                                                'ref_id': 48,
                                                'symbol': {'color': {'B': 0,
                                                                     'G': 0,
                                                                     'R': 0,
                                                                     'dither': False,
                                                                     'is_null': False,
                                                                     'ref_id': 50,
                                                                     'type': 'RgbColor',
                                                                     'version': 1},
                                                           'enabled': True,
                                                           'locked': False,
                                                           'ref_id': 49,
                                                           'symbol_level': 0,
                                                           'type': 'ColorSymbol',
                                                           'version': 1},
                                                'type': 'LegendClass',
                                                'version': 2},
                                               {'description': '',
                                                'feature_count': None,
                                                'format': None,
                                                'label': '15',
                                                'ref_id': 51,
                                                'symbol': {'color': {'B': 0,
                                                                     'G': 0,
                                                                     'R': 0,
                                                                     'dither': False,
                                                                     'is_null': False,
                                                                     'ref_id': 53,
                                                                     'type': 'RgbColor',
                                                                     'version': 1},
                                                           'enabled': True,
                                                           'locked': False,
                                                           'ref_id': 52,
                                                           'symbol_level': 0,
                                                           'type': 'ColorSymbol',
                                                           'version': 1},
                                                'type': 'LegendClass',
                                                'version': 2},
                                               {'description': '',
                                                'feature_count': None,
                                                'format': None,
                                                'label': '16',
                                                'ref_id': 54,
                                                'symbol': {'color': {'B': 0,
                                                                     'G': 0,
                                                                     'R': 0,
                                                                     'dither': False,
                                                                     'is_null': False,
                                                                     'ref_id': 56,
                                                                     'type': 'RgbColor',
                                                                     'version': 1},
                                                           'enabled': True,
                                                           'locked': False,
                                                           'ref_id': 55,
                                                           'symbol_level': 0,
                                                           'type': 'ColorSymbol',
                                                           'version': 1},
                                                'type': 'LegendClass',
                                                'version': 2},
                                               {'description': '',
                                                'feature_count': None,
                                                'format': None,
                                                'label': '17',
                                                'ref_id': 57,
                                                'symbol': {'color': {'B': 0,
                                                                     'G': 0,
                                                                     'R': 0,
                                                                     'dither': False,
                                                                     'is_null': False,
                                                                     'ref_id': 59,
                                                                     'type': 'RgbColor',
                                                                     'version': 1},
                                                           'enabled': True,
                                                           'locked': False,
                                                           'ref_id': 58,
                                                           'symbol_level': 0,
                                                           'type': 'ColorSymbol',
                                                           'version': 1},
                                                'type': 'LegendClass',
                                                'version': 2},
                                               {'description': '',
                                                'feature_count': None,
                                                'format': None,
                                                'label': '18',
                                                'ref_id': 60,
                                                'symbol': {'color': {'B': 0,
                                                                     'G': 0,
                                                                     'R': 0,
                                                                     'dither': False,
                                                                     'is_null': False,
                                                                     'ref_id': 62,
                                                                     'type': 'RgbColor',
                                                                     'version': 1},
                                                           'enabled': True,
                                                           'locked': False,
                                                           'ref_id': 61,
                                                           'symbol_level': 0,
                                                           'type': 'ColorSymbol',
                                                           'version': 1},
                                                'type': 'LegendClass',
                                                'version': 2},
                                               {'description': '',
                                                'feature_count': None,
                                                'format': None,
                                                'label': '19',
                                                'ref_id': 63,
                                                'symbol': {'color': {'B': 0,
                                                                     'G': 0,
                                                                     'R': 0,
                                                                     'dither': False,
                                                                     'is_null': False,
                                                                     'ref_id': 65,
                                                                     'type': 'RgbColor',
                                                                     'version': 1},
                                                           'enabled': True,
                                                           'locked': False,
                                                           'ref_id': 64,
                                                           'symbol_level': 0,
                                                           'type': 'ColorSymbol',
                                                           'version': 1},
                                                'type': 'LegendClass',
                                                'version': 2},
                                               {'description': '',
                                                'feature_count': None,
                                                'format': None,
                                                'label': '20',
                                                'ref_id': 66,
                                                'symbol': {'color': {'B': 0,
                                                                     'G': 0,
                                                                     'R': 0,
                                                                     'dither': False,
                                                                     'is_null': False,
                                                                     'ref_id': 68,
                                                                     'type': 'RgbColor',
                                                                     'version': 1},
                                                           'enabled': True,
                                                           'locked': False,
                                                           'ref_id': 67,
                                                           'symbol_level': 0,
                                                           'type': 'ColorSymbol',
                                                           'version': 1},
                                                'type': 'LegendClass',
                                                'version': 2}],
                                   'editable_or_expanded': True,
                                   'heading': '',
                                   'ref_id': 5,
                                   'type': 'LegendGroup',
                                   'version': 3,
                                   'visible': True}],
                       'nodata_color': {'B': 255,
                                        'G': 255,
                                        'R': 255,
                                        'dither': False,
                                        'is_null': True,
                                        'type': 'RgbColor',
                                        'version': 1},
                       'primary_display_field': False,
                       'ref_id': 4,
                       'resampling_type': 'nearest_neighbor',
                       'type': 'RasterColorMapRenderer',
                       'values': [0,
                                  1,
                                  2,
                                  3,
                                  4,
                                  5,
                                  6,
                                  7,
                                  8,
                                  9,
                                  10,
                                  11,
                                  12,
                                  13,
                                  14,
                                  15,
                                  16,
                                  17,
                                  18,
                                  19,
                                  20],
                       'version': 3},
          'show_map_tips': False,
          'show_resolution_in_toc': False,
          'stored_zoom_max': 0.0,
          'stored_zoom_min': 0.0,
          'time_data_changes_regularly': False,
          'time_enabled': False,
          'time_offset': 0.0,
          'time_offset_units': 'years',
          'time_step': 0.0,
          'time_step_units': 'hours',
          'transform': {'ref_id': 71,
                        'transforms': [],
                        'type': 'CompositeXForm',
                        'version': 2},
          'transparency': 0,
          'type': 'RasterLayer',
          'version': 18,
          'visible': True,
          'weight': 200.0,
          'zoom_max': 0.0,
          'zoom_min': 0.0}}
