{
  "root": {
    "name": "polys",
    "description": "",
    "datasource_type": "Shapefile Feature Class",
    "dataset_name": {
      "name": "polys",
      "dataset_name": {
        "name": "C:\\temp",
        "browse_name": "Shapefile Data",
        "connection_properties": {
          "DATABASE": "C:\\temp",
          "type": "PropertySet",
          "version": 1,
          "ref_id": 3
        },
        "path_name": "",
        "workspace_type": "ESRI_FILESYSTEM_WORKSPACE",
        "workspace_factory": {
          "type": "ShapefileWorkspaceFactory",
          "version": 1
        },
        "name_string": "",
        "type": "WorkspaceName",
        "version": 1,
        "ref_id": 2
      },
      "datasource_type": "Shapefile Feature Class",
      "feature_type": "FT_SIMPLE",
      "shape_field_name": "Shape",
      "shape_type": "polygon",
      "type": "FeatureClassName",
      "version": 2,
      "ref_id": 1
    },
    "renderer": {
      "rotation_attribute": "",
      "rotation_type": "geographic",
      "rotate_flag_3d": "none",
      "rotation_expression_x": "",
      "rotation_expression_y": "",
      "rotation_expression_z": "",
      "transparency_attribute": "",
      "random_rotation_min_x": 0.0,
      "random_rotation_max_x": 360.0,
      "random_rotation_min_y": 0.0,
      "random_rotation_max_y": 360.0,
      "random_rotation_min_z": 0.0,
      "random_rotation_max_z": 360.0,
      "graduated_expression": "",
      "graduated_size_type": "",
      "random_size_min": 0.1,
      "random_size_max": 100.0,
      "attribute": "Value",
      "ramp_name": "Brown to Blue Green Diverging, Bright",
      "legend_group": {
        "heading": "Value",
        "visible": true,
        "editable_or_expanded": true,
        "classes": [
          {
            "symbol": {
              "color": {
                "R": 217,
                "G": 179,
                "B": 117,
                "dither": false,
                "is_null": false,
                "type": "HsvColor",
                "version": 1,
                "ref_id": 10
              },
              "outline": {
                "color": {
                  "R": 110,
                  "G": 110,
                  "B": 110,
                  "dither": true,
                  "is_null": false,
                  "type": "RgbColor",
                  "version": 1,
                  "ref_id": 9
                },
                "width": 0.4,
                "line_type": "solid",
                "type": "SimpleLineSymbol",
                "version": 1,
                "ref_id": 8,
                "enabled": true,
                "locked": false,
                "symbol_level": 0
              },
              "fill_style": "solid",
              "type": "SimpleFillSymbol",
              "version": 1,
              "ref_id": 7,
              "enabled": true,
              "locked": false,
              "symbol_level": 0
            },
            "format": null,
            "label": " < -0.88 Std. Dev.",
            "description": "",
            "feature_count": null,
            "type": "LegendClass",
            "version": 2,
            "ref_id": 6
          },
          {
            "symbol": {
              "color": {
                "R": 227,
                "G": 197,
                "B": 134,
                "dither": false,
                "is_null": false,
                "type": "HsvColor",
                "version": 1,
                "ref_id": 15
              },
              "outline": {
                "color": {
                  "R": 110,
                  "G": 110,
                  "B": 110,
                  "dither": true,
                  "is_null": false,
                  "type": "RgbColor",
                  "version": 1,
                  "ref_id": 14
                },
                "width": 0.4,
                "line_type": "solid",
                "type": "SimpleLineSymbol",
                "version": 1,
                "ref_id": 13,
                "enabled": true,
                "locked": false,
                "symbol_level": 0
              },
              "fill_style": "solid",
              "type": "SimpleFillSymbol",
              "version": 1,
              "ref_id": 12,
              "enabled": true,
              "locked": false,
              "symbol_level": 0
            },
            "format": null,
            "label": "-0.88 - -0.63 Std. Dev.",
            "description": "",
            "feature_count": null,
            "type": "LegendClass",
            "version": 2,
            "ref_id": 11
          },
          {
            "symbol": {
              "color": {
                "R": 237,
                "G": 216,
                "B": 152,
                "dither": false,
                "is_null": false,
                "type": "HsvColor",
                "version": 1,
                "ref_id": 20
              },
              "outline": {
                "color": {
                  "R": 110,
                  "G": 110,
                  "B": 110,
                  "dither": true,
                  "is_null": false,
                  "type": "RgbColor",
                  "version": 1,
                  "ref_id": 19
                },
                "width": 0.4,
                "line_type": "solid",
                "type": "SimpleLineSymbol",
                "version": 1,
                "ref_id": 18,
                "enabled": true,
                "locked": false,
                "symbol_level": 0
              },
              "fill_style": "solid",
              "type": "SimpleFillSymbol",
              "version": 1,
              "ref_id": 17,
              "enabled": true,
              "locked": false,
              "symbol_level": 0
            },
            "format": null,
            "label": "-0.63 - -0.38 Std. Dev.",
            "description": "",
            "feature_count": null,
            "type": "LegendClass",
            "version": 2,
            "ref_id": 16
          },
          {
            "symbol": {
              "color": {
                "R": 245,
                "G": 234,
                "B": 171,
                "dither": false,
                "is_null": false,
                "type": "HsvColor",
                "version": 1,
                "ref_id": 25
              },
              "outline": {
                "color": {
                  "R": 110,
                  "G": 110,
                  "B": 110,
                  "dither": true,
                  "is_null": false,
                  "type": "RgbColor",
                  "version": 1,
                  "ref_id": 24
                },
                "width": 0.4,
                "line_type": "solid",
                "type": "SimpleLineSymbol",
                "version": 1,
                "ref_id": 23,
                "enabled": true,
                "locked": false,
                "symbol_level": 0
              },
              "fill_style": "solid",
              "type": "SimpleFillSymbol",
              "version": 1,
              "ref_id": 22,
              "enabled": true,
              "locked": false,
              "symbol_level": 0
            },
            "format": null,
            "label": "-0.38 - -0.13 Std. Dev.",
            "description": "",
            "feature_count": null,
            "type": "LegendClass",
            "version": 2,
            "ref_id": 21
          },
          {
            "symbol": {
              "color": {
                "R": 255,
                "G": 255,
                "B": 191,
                "dither": false,
                "is_null": false,
                "type": "HsvColor",
                "version": 1,
                "ref_id": 30
              },
              "outline": {
                "color": {
                  "R": 110,
                  "G": 110,
                  "B": 110,
                  "dither": true,
                  "is_null": false,
                  "type": "RgbColor",
                  "version": 1,
                  "ref_id": 29
                },
                "width": 0.4,
                "line_type": "solid",
                "type": "SimpleLineSymbol",
                "version": 1,
                "ref_id": 28,
                "enabled": true,
                "locked": false,
                "symbol_level": 0
              },
              "fill_style": "solid",
              "type": "SimpleFillSymbol",
              "version": 1,
              "ref_id": 27,
              "enabled": true,
              "locked": false,
              "symbol_level": 0
            },
            "format": null,
            "label": "-0.13 - 0.12 Std. Dev.",
            "description": "",
            "feature_count": null,
            "type": "LegendClass",
            "version": 2,
            "ref_id": 26
          },
          {
            "symbol": {
              "color": {
                "R": 234,
                "G": 242,
                "B": 187,
                "dither": false,
                "is_null": false,
                "type": "HsvColor",
                "version": 1,
                "ref_id": 35
              },
              "outline": {
                "color": {
                  "R": 110,
                  "G": 110,
                  "B": 110,
                  "dither": true,
                  "is_null": false,
                  "type": "RgbColor",
                  "version": 1,
                  "ref_id": 34
                },
                "width": 0.4,
                "line_type": "solid",
                "type": "SimpleLineSymbol",
                "version": 1,
                "ref_id": 33,
                "enabled": true,
                "locked": false,
                "symbol_level": 0
              },
              "fill_style": "solid",
              "type": "SimpleFillSymbol",
              "version": 1,
              "ref_id": 32,
              "enabled": true,
              "locked": false,
              "symbol_level": 0
            },
            "format": null,
            "label": "0.12 - 0.38 Std. Dev.",
            "description": "",
            "feature_count": null,
            "type": "LegendClass",
            "version": 2,
            "ref_id": 31
          },
          {
            "symbol": {
              "color": {
                "R": 212,
                "G": 230,
                "B": 184,
                "dither": false,
                "is_null": false,
                "type": "HsvColor",
                "version": 1,
                "ref_id": 40
              },
              "outline": {
                "color": {
                  "R": 110,
                  "G": 110,
                  "B": 110,
                  "dither": true,
                  "is_null": false,
                  "type": "RgbColor",
                  "version": 1,
                  "ref_id": 39
                },
                "width": 0.4,
                "line_type": "solid",
                "type": "SimpleLineSymbol",
                "version": 1,
                "ref_id": 38,
                "enabled": true,
                "locked": false,
                "symbol_level": 0
              },
              "fill_style": "solid",
              "type": "SimpleFillSymbol",
              "version": 1,
              "ref_id": 37,
              "enabled": true,
              "locked": false,
              "symbol_level": 0
            },
            "format": null,
            "label": "0.38 - 0.63 Std. Dev.",
            "description": "",
            "feature_count": null,
            "type": "LegendClass",
            "version": 2,
            "ref_id": 36
          },
          {
            "symbol": {
              "color": {
                "R": 190,
                "G": 217,
                "B": 180,
                "dither": false,
                "is_null": false,
                "type": "HsvColor",
                "version": 1,
                "ref_id": 45
              },
              "outline": {
                "color": {
                  "R": 110,
                  "G": 110,
                  "B": 110,
                  "dither": true,
                  "is_null": false,
                  "type": "RgbColor",
                  "version": 1,
                  "ref_id": 44
                },
                "width": 0.4,
                "line_type": "solid",
                "type": "SimpleLineSymbol",
                "version": 1,
                "ref_id": 43,
                "enabled": true,
                "locked": false,
                "symbol_level": 0
              },
              "fill_style": "solid",
              "type": "SimpleFillSymbol",
              "version": 1,
              "ref_id": 42,
              "enabled": true,
              "locked": false,
              "symbol_level": 0
            },
            "format": null,
            "label": "0.63 - 0.88 Std. Dev.",
            "description": "",
            "feature_count": null,
            "type": "LegendClass",
            "version": 2,
            "ref_id": 41
          },
          {
            "symbol": {
              "color": {
                "R": 167,
                "G": 201,
                "B": 173,
                "dither": false,
                "is_null": false,
                "type": "HsvColor",
                "version": 1,
                "ref_id": 50
              },
              "outline": {
                "color": {
                  "R": 110,
                  "G": 110,
                  "B": 110,
                  "dither": true,
                  "is_null": false,
                  "type": "RgbColor",
                  "version": 1,
                  "ref_id": 49
                },
                "width": 0.4,
                "line_type": "solid",
                "type": "SimpleLineSymbol",
                "version": 1,
                "ref_id": 48,
                "enabled": true,
                "locked": false,
                "symbol_level": 0
              },
              "fill_style": "solid",
              "type": "SimpleFillSymbol",
              "version": 1,
              "ref_id": 47,
              "enabled": true,
              "locked": false,
              "symbol_level": 0
            },
            "format": null,
            "label": "0.88 - 1.1 Std. Dev.",
            "description": "",
            "feature_count": null,
            "type": "LegendClass",
            "version": 2,
            "ref_id": 46
          },
          {
            "symbol": {
              "color": {
                "R": 145,
                "G": 189,
                "B": 168,
                "dither": false,
                "is_null": false,
                "type": "HsvColor",
                "version": 1,
                "ref_id": 55
              },
              "outline": {
                "color": {
                  "R": 110,
                  "G": 110,
                  "B": 110,
                  "dither": true,
                  "is_null": false,
                  "type": "RgbColor",
                  "version": 1,
                  "ref_id": 54
                },
                "width": 0.4,
                "line_type": "solid",
                "type": "SimpleLineSymbol",
                "version": 1,
                "ref_id": 53,
                "enabled": true,
                "locked": false,
                "symbol_level": 0
              },
              "fill_style": "solid",
              "type": "SimpleFillSymbol",
              "version": 1,
              "ref_id": 52,
              "enabled": true,
              "locked": false,
              "symbol_level": 0
            },
            "format": null,
            "label": "1.1 - 1.4 Std. Dev.",
            "description": "",
            "feature_count": null,
            "type": "LegendClass",
            "version": 2,
            "ref_id": 51
          },
          {
            "symbol": {
              "color": {
                "R": 123,
                "G": 176,
                "B": 163,
                "dither": false,
                "is_null": false,
                "type": "HsvColor",
                "version": 1,
                "ref_id": 60
              },
              "outline": {
                "color": {
                  "R": 110,
                  "G": 110,
                  "B": 110,
                  "dither": true,
                  "is_null": false,
                  "type": "RgbColor",
                  "version": 1,
                  "ref_id": 59
                },
                "width": 0.4,
                "line_type": "solid",
                "type": "SimpleLineSymbol",
                "version": 1,
                "ref_id": 58,
                "enabled": true,
                "locked": false,
                "symbol_level": 0
              },
              "fill_style": "solid",
              "type": "SimpleFillSymbol",
              "version": 1,
              "ref_id": 57,
              "enabled": true,
              "locked": false,
              "symbol_level": 0
            },
            "format": null,
            "label": "1.4 - 1.6 Std. Dev.",
            "description": "",
            "feature_count": null,
            "type": "LegendClass",
            "version": 2,
            "ref_id": 56
          },
          {
            "symbol": {
              "color": {
                "R": 104,
                "G": 166,
                "B": 161,
                "dither": false,
                "is_null": false,
                "type": "HsvColor",
                "version": 1,
                "ref_id": 65
              },
              "outline": {
                "color": {
                  "R": 110,
                  "G": 110,
                  "B": 110,
                  "dither": true,
                  "is_null": false,
                  "type": "RgbColor",
                  "version": 1,
                  "ref_id": 64
                },
                "width": 0.4,
                "line_type": "solid",
                "type": "SimpleLineSymbol",
                "version": 1,
                "ref_id": 63,
                "enabled": true,
                "locked": false,
                "symbol_level": 0
              },
              "fill_style": "solid",
              "type": "SimpleFillSymbol",
              "version": 1,
              "ref_id": 62,
              "enabled": true,
              "locked": false,
              "symbol_level": 0
            },
            "format": null,
            "label": "1.6 - 1.9 Std. Dev.",
            "description": "",
            "feature_count": null,
            "type": "LegendClass",
            "version": 2,
            "ref_id": 61
          },
          {
            "symbol": {
              "color": {
                "R": 82,
                "G": 154,
                "B": 156,
                "dither": false,
                "is_null": false,
                "type": "HsvColor",
                "version": 1,
                "ref_id": 70
              },
              "outline": {
                "color": {
                  "R": 110,
                  "G": 110,
                  "B": 110,
                  "dither": true,
                  "is_null": false,
                  "type": "RgbColor",
                  "version": 1,
                  "ref_id": 69
                },
                "width": 0.4,
                "line_type": "solid",
                "type": "SimpleLineSymbol",
                "version": 1,
                "ref_id": 68,
                "enabled": true,
                "locked": false,
                "symbol_level": 0
              },
              "fill_style": "solid",
              "type": "SimpleFillSymbol",
              "version": 1,
              "ref_id": 67,
              "enabled": true,
              "locked": false,
              "symbol_level": 0
            },
            "format": null,
            "label": "1.9 - 2.1 Std. Dev.",
            "description": "",
            "feature_count": null,
            "type": "LegendClass",
            "version": 2,
            "ref_id": 66
          },
          {
            "symbol": {
              "color": {
                "R": 60,
                "G": 141,
                "B": 150,
                "dither": false,
                "is_null": false,
                "type": "HsvColor",
                "version": 1,
                "ref_id": 75
              },
              "outline": {
                "color": {
                  "R": 110,
                  "G": 110,
                  "B": 110,
                  "dither": true,
                  "is_null": false,
                  "type": "RgbColor",
                  "version": 1,
                  "ref_id": 74
                },
                "width": 0.4,
                "line_type": "solid",
                "type": "SimpleLineSymbol",
                "version": 1,
                "ref_id": 73,
                "enabled": true,
                "locked": false,
                "symbol_level": 0
              },
              "fill_style": "solid",
              "type": "SimpleFillSymbol",
              "version": 1,
              "ref_id": 72,
              "enabled": true,
              "locked": false,
              "symbol_level": 0
            },
            "format": null,
            "label": "2.1 - 2.4 Std. Dev.",
            "description": "",
            "feature_count": null,
            "type": "LegendClass",
            "version": 2,
            "ref_id": 71
          },
          {
            "symbol": {
              "color": {
                "R": 33,
                "G": 130,
                "B": 145,
                "dither": false,
                "is_null": false,
                "type": "HsvColor",
                "version": 1,
                "ref_id": 80
              },
              "outline": {
                "color": {
                  "R": 110,
                  "G": 110,
                  "B": 110,
                  "dither": true,
                  "is_null": false,
                  "type": "RgbColor",
                  "version": 1,
                  "ref_id": 79
                },
                "width": 0.4,
                "line_type": "solid",
                "type": "SimpleLineSymbol",
                "version": 1,
                "ref_id": 78,
                "enabled": true,
                "locked": false,
                "symbol_level": 0
              },
              "fill_style": "solid",
              "type": "SimpleFillSymbol",
              "version": 1,
              "ref_id": 77,
              "enabled": true,
              "locked": false,
              "symbol_level": 0
            },
            "format": null,
            "label": "2.4 - 2.5 Std. Dev.",
            "description": "",
            "feature_count": null,
            "type": "LegendClass",
            "version": 2,
            "ref_id": 76
          }
        ],
        "type": "LegendGroup",
        "version": 3,
        "ref_id": 5
      },
      "show_using_values": false,
      "color_ramp": {
        "parts": [
          {
            "color1": {
              "R": 156,
              "G": 85,
              "B": 31,
              "dither": false,
              "is_null": false,
              "type": "HsvColor",
              "version": 1,
              "ref_id": 90
            },
            "color2": {
              "R": 255,
              "G": 255,
              "B": 191,
              "dither": false,
              "is_null": false,
              "type": "HsvColor",
              "version": 1,
              "ref_id": 91
            },
            "algorithm": 1,
            "type": "AlgorithmicColorRamp",
            "version": 1,
            "ref_id": 89
          },
          {
            "color1": {
              "R": 255,
              "G": 255,
              "B": 191,
              "dither": false,
              "is_null": false,
              "type": "HsvColor",
              "version": 1,
              "ref_id": 93
            },
            "color2": {
              "R": 33,
              "G": 130,
              "B": 145,
              "dither": false,
              "is_null": false,
              "type": "HsvColor",
              "version": 1,
              "ref_id": 94
            },
            "algorithm": 1,
            "type": "AlgorithmicColorRamp",
            "version": 1,
            "ref_id": 92
          }
        ],
        "part_lengths": [
          1.0,
          1.0
        ],
        "type": "MultiPartColorRamp",
        "version": 2,
        "ref_id": 88
      },
      "ranges": [
        [
          7.0,
          7.734240809853028
        ],
        [
          7.734241809853028,
          8.638743435609305
        ],
        [
          8.638744435609304,
          9.543246061365583
        ],
        [
          9.543247061365582,
          10.44774868712186
        ],
        [
          10.44774968712186,
          11.352251312878138
        ],
        [
          11.352252312878138,
          12.256753938634416
        ],
        [
          12.256754938634415,
          13.161256564390694
        ],
        [
          13.161257564390693,
          14.065759190146972
        ],
        [
          14.065760190146971,
          14.97026181590325
        ],
        [
          14.970262815903249,
          15.874764441659527
        ],
        [
          15.874765441659527,
          16.779267067415805
        ],
        [
          16.779268067415806,
          17.68376969317208
        ],
        [
          17.683770693172082,
          18.588272318928357
        ],
        [
          18.58827331892836,
          19.492774944684633
        ],
        [
          19.492775944684634,
          20.0
        ]
      ],
      "classifier": "standard_deviation",
      "normalize_by_attribute": "",
      "normalization_method": "normalize_by_nothing",
      "st_dev_interval": 0.25,
      "sampling_size": 12345,
      "exclusion_filter": "",
      "excluded_legend_group": {
        "heading": "",
        "visible": true,
        "editable_or_expanded": true,
        "classes": [
          {
            "symbol": {
              "color": {
                "R": 255,
                "G": 0,
                "B": 0,
                "dither": false,
                "is_null": false,
                "type": "RgbColor",
                "version": 1,
                "ref_id": 87
              },
              "outline": {
                "color": {
                  "R": 110,
                  "G": 110,
                  "B": 110,
                  "dither": true,
                  "is_null": false,
                  "type": "RgbColor",
                  "version": 1,
                  "ref_id": 86
                },
                "width": 0.4,
                "line_type": "solid",
                "type": "SimpleLineSymbol",
                "version": 1,
                "ref_id": 85,
                "enabled": true,
                "locked": false,
                "symbol_level": 0
              },
              "fill_style": "solid",
              "type": "SimpleFillSymbol",
              "version": 1,
              "ref_id": 84,
              "enabled": true,
              "locked": false,
              "symbol_level": 0
            },
            "format": null,
            "label": "excluded label",
            "description": "excluded desc",
            "feature_count": null,
            "type": "LegendClass",
            "version": 2,
            "ref_id": 83
          }
        ],
        "type": "LegendGroup",
        "version": 3,
        "ref_id": 82
      },
      "show_excluded_class": false,
      "is_graduated_symbol": false,
      "barrier_weight": 0,
      "sort_ascending": true,
      "sampling_method": 0,
      "background_symbol": null,
      "normalization_total": 1.0,
      "flip_symbols": false,
      "type": "ClassBreaksRenderer",
      "version": 10,
      "ref_id": 4
    },
    "field_format": {
      "FID": {
        "alias": "FID",
        "number_format": null,
        "visible": true,
        "highlight": false,
        "read_only": true,
        "value_as_ratio": false,
        "type": "FieldInfo",
        "version": 4,
        "ref_id": 95
      },
      "Shape": {
        "alias": "Shape",
        "number_format": null,
        "visible": true,
        "highlight": false,
        "read_only": false,
        "value_as_ratio": false,
        "type": "FieldInfo",
        "version": 4,
        "ref_id": 96
      },
      "Name": {
        "alias": "Name",
        "number_format": null,
        "visible": true,
        "highlight": false,
        "read_only": false,
        "value_as_ratio": false,
        "type": "FieldInfo",
        "version": 4,
        "ref_id": 97
      },
      "Value": {
        "alias": "Value",
        "number_format": {
          "alignment": "ALIGN_RIGHT",
          "alignment_width": 12,
          "rounding": "ROUND_NUMBER_OF_DECIMALS",
          "rounding_value": 6,
          "show_plus_sign": false,
          "zero_pad": false,
          "thousands": false,
          "type": "NumericFormat",
          "version": 1,
          "ref_id": 99
        },
        "visible": true,
        "highlight": false,
        "read_only": false,
        "value_as_ratio": false,
        "type": "FieldInfo",
        "version": 4,
        "ref_id": 98
      }
    },
    "visible": true,
    "zoom_min": 0.0,
    "zoom_max": 0.0,
    "stored_zoom_min": 0.0,
    "stored_zoom_max": 0.0,
    "definition_query": "",
    "definition_query_search_order": "spatial_first",
    "labels_enabled": false,
    "annotation_collection": {
      "properties": [
        {
          "label_features": true,
          "class_name": "Default",
          "class_filter": "",
          "expression": "[Name]",
          "advanced_expression": false,
          "scale_range_min": 0.0,
          "scale_range_max": 0.0,
          "text_symbol": {
            "color": {
              "R": 0,
              "G": 0,
              "B": 0,
              "dither": false,
              "is_null": false,
              "type": "RgbColor",
              "version": 1,
              "ref_id": 103
            },
            "raster_op": 13,
            "symbol_level": 0,
            "character_spacing": 0.0,
            "character_width": 100.0,
            "word_spacing": 100.0,
            "flip_angle": 90.0,
            "leading": 0.0,
            "right_to_left": false,
            "cjk_orientation": false,
            "kerning": true,
            "case": "normal",
            "x_offset": 0.0,
            "y_offset": 0.0,
            "position": "normal",
            "shadow_x_offset": 0.0,
            "shadow_y_offset": 0.0,
            "shadow_color": {
              "R": 0,
              "G": 0,
              "B": 0,
              "dither": false,
              "is_null": false,
              "type": "RgbColor",
              "version": 1,
              "ref_id": 104
            },
            "angle": 0.0,
            "font_size": 8.0,
            "font": {
              "font_name": "Arial",
              "charset": 0,
              "weight": 400,
              "size": 8.0,
              "italic": false,
              "strikethrough": false,
              "underline": false,
              "type": "Font",
              "version": 1,
              "ref_id": 105
            },
            "halo_enabled": false,
            "halo_size": 2.0,
            "halo_symbol": null,
            "background_symbol": null,
            "horizontal_alignment": "center",
            "vertical_alignment": "bottom",
            "text_fill_symbol": null,
            "text_direction": 0,
            "type_setting": true,
            "break_character": null,
            "clip": false,
            "rotate_with_transform": true,
            "type": "TextSymbol",
            "version": 4,
            "ref_id": 102
          },
          "overposter": {
            "line_label_position": {
              "above": true,
              "below": false,
              "online": false,
              "follow_line_orientation": false,
              "curved": false,
              "parallel": true,
              "perpendicular": false,
              "horizontal": false,
              "at_start": false,
              "at_end": false,
              "before_after_distance": 0.0,
              "best_position_along_line": true,
              "right_of_line": false,
              "type": "LineLabelPosition",
              "version": 2,
              "ref_id": 107
            },
            "line_label_priorities": {
              "above_before": 3,
              "above_at": 3,
              "above_after": 3,
              "on_line_before": 3,
              "on_line_at": 3,
              "on_line_after": 3,
              "below_before": 3,
              "below_at": 3,
              "below_after": 3,
              "type": "LineLabelPlacementPriorities",
              "version": 1,
              "ref_id": 108
            },
            "point_placement_method": "around",
            "point_placement_priorities": {
              "top_left": 2,
              "top_center": 2,
              "top_right": 1,
              "center_right": 2,
              "bottom_right": 2,
              "bottom_center": 3,
              "bottom_left": 3,
              "center_left": 3,
              "type": "PointPlacementPriorities",
              "version": 1,
              "ref_id": 109
            },
            "point_label_angle_field": "",
            "point_label_angle_perpendicular": false,
            "point_place_over_feature": false,
            "specified_point_angles": [],
            "polygon_placement_method": "always_horizontal",
            "polygon_only_inside": false,
            "margin_size": 0.0,
            "offset": 0.0,
            "number_restriction": "one_per_part",
            "feature_weight": "none",
            "label_weight": "high",
            "place_overlapping": false,
            "geometry_type": 2,
            "generate_unplaced": true,
            "max_distance_from_feature": 0.0,
            "point_label_angle_type": 1,
            "is_barrier": false,
            "place_labels": false,
            "place_symbols": false,
            "type": "BasicOverposterLayerProperties",
            "version": 6,
            "ref_id": 106
          },
          "expression_parser": null,
          "offset": 0.0,
          "label_which_features": 1,
          "symbol_id": 65535,
          "layer_full_extent": null,
          "scale_ratio": 0.0,
          "reference_scale": 0.0,
          "units_world_coordinates": "unknown",
          "priority": 2,
          "create_unplaced_elements": true,
          "feature_linked": false,
          "use_output": 65535,
          "annotation_class_id": 1,
          "add_unplaced_to_graphics_container": true,
          "type": "LabelEngineLayerProperties",
          "version": 7,
          "ref_id": 101
        }
      ],
      "type": "AnnotateLayerPropertiesCollection",
      "version": 2,
      "ref_id": 100
    },
    "display_filter": null,
    "transparency": 0,
    "brightness": 0,
    "hyperlink_type": "document",
    "hyperlink_field": "",
    "hyperlink_macro_name": "",
    "scale_symbols": true,
    "selection_color": null,
    "show_selection_using_symbol": false,
    "cached": false,
    "show_map_tips": false,
    "selected_feature_symbol": {
      "color": {
        "R": 0,
        "G": 0,
        "B": 0,
        "dither": true,
        "is_null": true,
        "type": "RgbColor",
        "version": 1,
        "ref_id": 115
      },
      "outline": {
        "color": {
          "R": 0,
          "G": 255,
          "B": 255,
          "dither": true,
          "is_null": false,
          "type": "RgbColor",
          "version": 1,
          "ref_id": 114
        },
        "width": 2.0,
        "line_type": "solid",
        "type": "SimpleLineSymbol",
        "version": 1,
        "ref_id": 113,
        "enabled": true,
        "locked": false,
        "symbol_level": 0
      },
      "fill_style": "solid",
      "type": "SimpleFillSymbol",
      "version": 1,
      "ref_id": 112,
      "enabled": true,
      "locked": false,
      "symbol_level": 0
    },
    "layer_extent": {
      "x_min": -118.92286230599032,
      "x_max": -83.79001199101509,
      "y_min": 24.50786971868489,
      "y_max": 46.726172650770444,
      "crs": {
        "wkt": "GEOGCS[\"WGS 84\",DATUM[\"unknown\",SPHEROID[\"WGS84\",6378137.0,298.257223563]],PRIMEM[\"Greenwich\",0.0],UNIT[\"degree\",0.0174532925199433]]",
        "x_origin": -400.0,
        "y_origin": -400.0,
        "xy_scale": 11258999068426.238,
        "z_origin": -100000.0,
        "z_scale": 10000.0,
        "m_origin": -100000.0,
        "m_scale": 10000.0,
        "xy_tolerance": 8.983152841195215e-09,
        "z_tolerance": 0.001,
        "m_tolerance": 0.001,
        "is_high_precision": true,
        "type": "GeographicCoordinateSystem",
        "version": 7,
        "ref_id": 117
      },
      "type": "Envelope",
      "version": 3,
      "ref_id": 116
    },
    "features_excluded_from_rendering": {
      "features": [],
      "type": "FeatureIDSet",
      "version": 1,
      "ref_id": 110
    },
    "uid": {
      "value": "01004145-0d1c-11d2-a26f-080009b6f22b",
      "sub_type": 0,
      "type": "UID",
      "version": 1,
      "ref_id": 118
    },
    "display_expression_properties": {
      "expression": "[Name]",
      "advanced": false,
      "expression_parser": {
        "show_coded": true,
        "type": "AnnotationVBScriptEngine",
        "version": 2,
        "ref_id": 120
      },
      "type": "DisplayExpressionProperties",
      "version": 1,
      "ref_id": 119
    },
    "map_tip_hide_field_name": false,
    "map_tip_show_coded": true,
    "map_tip_field_name": "",
    "map_tip_url_prefix": "",
    "map_tip_url_suffix": "",
    "map_tip_xsl": "",
    "html_popup_enabled": true,
    "html_popup_style": "two_column_table",
    "html_popup_download_attachment": false,
    "use_advanced_symbol_levels": false,
    "time_enabled": false,
    "time_zone": null,
    "time_step": 0.0,
    "time_step_units": "hours",
    "time_offset": 0.0,
    "time_offset_units": "years",
    "time_data_changes_regularly": true,
    "time_format": "",
    "time_display_cumulative": false,
    "time_field": "",
    "time_end_field": "",
    "time_extent": null,
    "time_dimension_name": "",
    "time_dimension_format": "",
    "track_id_field_name": "",
    "extensions": [
      {
        "properties": {
          "ServiceLayerID": 5,
          "type": "PropertySet",
          "version": 1,
          "ref_id": 111
        },
        "type": "ServerLayerExtension",
        "version": 1
      }
    ],
    "join_type": "left_outer",
    "join": null,
    "relations": [],
    "hyperlinks": [],
    "selection_set": [],
    "hyperlink_expression_properties": {
      "expression": "",
      "is_expression_simple": true,
      "parser": null,
      "type": "HotLinkExpressionProperties",
      "version": 1,
      "ref_id": 121
    },
    "selectable": true,
    "weight": 100.0,
    "shape_type": "polygon",
    "use_page_definition_query": false,
    "page_name_field": "",
    "page_name_match_operator": "",
    "display_field": "Name",
    "area_of_interest": null,
    "type": "FeatureLayer",
    "version": 34,
    "ref_id": 0
  }
}