{
  "root": {
    "name": "lines",
    "description": "",
    "datasource_type": "Shapefile Feature Class",
    "dataset_name": {
      "name": "lines",
      "dataset_name": {
        "name": "C:\\temp",
        "browse_name": "Shapefile Data",
        "connection_properties": {
          "DATABASE": "C:\\temp",
          "type": "PropertySet",
          "version": 1,
          "ref_id": 3
        },
        "path_name": "",
        "workspace_type": "ESRI_FILESYSTEM_WORKSPACE",
        "workspace_factory": {
          "type": "ShapefileWorkspaceFactory",
          "version": 1
        },
        "name_string": "",
        "type": "WorkspaceName",
        "version": 1,
        "ref_id": 2
      },
      "datasource_type": "Shapefile Feature Class",
      "feature_type": "FT_SIMPLE",
      "shape_field_name": "Shape",
      "shape_type": "polyline",
      "type": "FeatureClassName",
      "version": 2,
      "ref_id": 1
    },
    "renderer": {
      "rotation_attribute": "",
      "rotation_type": "geographic",
      "rotate_flag_3d": "none",
      "rotation_expression_x": "",
      "rotation_expression_y": "",
      "rotation_expression_z": "",
      "transparency_attribute": "",
      "random_rotation_min_x": 0.0,
      "random_rotation_max_x": 360.0,
      "random_rotation_min_y": 0.0,
      "random_rotation_max_y": 360.0,
      "random_rotation_min_z": 0.0,
      "random_rotation_max_z": 360.0,
      "graduated_expression": "",
      "graduated_size_type": "",
      "random_size_min": 0.1,
      "random_size_max": 100.0,
      "symbol": {
        "levels": [
          {
            "color": {
              "R": 0,
              "G": 0,
              "B": 0,
              "dither": false,
              "is_null": false,
              "type": "RgbColor",
              "version": 1,
              "ref_id": 7
            },
            "width": 0.864,
            "offset": 0.0,
            "cap": "butt",
            "join": "round",
            "template": null,
            "decoration": null,
            "miter_limit": 10.0,
            "decoration_on_top": false,
            "flip": false,
            "line_start_offset": 0.0,
            "type": "CartographicLineSymbol",
            "version": 1,
            "ref_id": 6,
            "enabled": true,
            "locked": false,
            "symbol_level": 0
          }
        ],
        "symbol_level": 0,
        "type": "MultiLayerLineSymbol",
        "version": 2,
        "ref_id": 5
      },
      "legend_group": {
        "heading": "",
        "visible": true,
        "editable_or_expanded": true,
        "classes": [
          {
            "symbol": {
              "levels": [
                {
                  "color": {
                    "R": 0,
                    "G": 0,
                    "B": 0,
                    "dither": false,
                    "is_null": false,
                    "type": "RgbColor",
                    "version": 1,
                    "ref_id": 7
                  },
                  "width": 0.864,
                  "offset": 0.0,
                  "cap": "butt",
                  "join": "round",
                  "template": null,
                  "decoration": null,
                  "miter_limit": 10.0,
                  "decoration_on_top": false,
                  "flip": false,
                  "line_start_offset": 0.0,
                  "type": "CartographicLineSymbol",
                  "version": 1,
                  "ref_id": 6,
                  "enabled": true,
                  "locked": false,
                  "symbol_level": 0
                }
              ],
              "symbol_level": 0,
              "type": "MultiLayerLineSymbol",
              "version": 2,
              "ref_id": 5
            },
            "format": null,
            "label": "",
            "description": "",
            "feature_count": null,
            "type": "LegendClass",
            "version": 2,
            "ref_id": 9
          }
        ],
        "type": "LegendGroup",
        "version": 3,
        "ref_id": 8
      },
      "type": "SimpleRenderer",
      "version": 3,
      "ref_id": 4
    },
    "field_format": {
      "FID": {
        "alias": "FID",
        "number_format": null,
        "visible": true,
        "highlight": false,
        "read_only": true,
        "value_as_ratio": false,
        "type": "FieldInfo",
        "version": 4,
        "ref_id": 10
      },
      "Shape": {
        "alias": "Shape",
        "number_format": null,
        "visible": true,
        "highlight": false,
        "read_only": false,
        "value_as_ratio": false,
        "type": "FieldInfo",
        "version": 4,
        "ref_id": 11
      },
      "Name": {
        "alias": "Name",
        "number_format": null,
        "visible": true,
        "highlight": false,
        "read_only": false,
        "value_as_ratio": false,
        "type": "FieldInfo",
        "version": 4,
        "ref_id": 12
      },
      "Value": {
        "alias": "Value",
        "number_format": {
          "alignment": "ALIGN_RIGHT",
          "alignment_width": 12,
          "rounding": "ROUND_NUMBER_OF_DECIMALS",
          "rounding_value": 6,
          "show_plus_sign": false,
          "zero_pad": false,
          "thousands": false,
          "type": "NumericFormat",
          "version": 1,
          "ref_id": 14
        },
        "visible": true,
        "highlight": false,
        "read_only": false,
        "value_as_ratio": false,
        "type": "FieldInfo",
        "version": 4,
        "ref_id": 13
      }
    },
    "visible": true,
    "zoom_min": 0.0,
    "zoom_max": 0.0,
    "stored_zoom_min": 0.0,
    "stored_zoom_max": 0.0,
    "definition_query": "",
    "definition_query_search_order": "spatial_first",
    "labels_enabled": true,
    "annotation_collection": {
      "properties": [
        {
          "label_features": true,
          "class_name": "Default",
          "class_filter": "",
          "expression": "[Name]",
          "scale_range_min": 0.0,
          "scale_range_max": 0.0,
          "text_symbol": {
            "color": {
              "R": 0,
              "G": 0,
              "B": 0,
              "dither": false,
              "is_null": false,
              "type": "RgbColor",
              "version": 1,
              "ref_id": 18
            },
            "raster_op": 13,
            "symbol_level": 0,
            "character_spacing": 0.0,
            "character_width": 100.0,
            "word_spacing": 100.0,
            "flip_angle": 90.0,
            "leading": 0.0,
            "right_to_left": false,
            "cjk_orientation": false,
            "kerning": true,
            "case": "normal",
            "x_offset": 0.0,
            "y_offset": 0.0,
            "position": "normal",
            "shadow_x_offset": 13.0,
            "shadow_y_offset": 14.0,
            "shadow_color": {
              "R": 0,
              "G": 92,
              "B": 230,
              "dither": false,
              "is_null": false,
              "type": "RgbColor",
              "version": 1,
              "ref_id": 19
            },
            "angle": 0.0,
            "font_size": 8.0,
            "font": {
              "font_name": "Arial",
              "charset": 0,
              "weight": 400,
              "size": 8.25,
              "italic": false,
              "strikethrough": false,
              "underline": false,
              "type": "Font",
              "version": 1,
              "ref_id": 20
            },
            "halo_enabled": false,
            "halo_size": 2.0,
            "halo_symbol": null,
            "background_symbol": null,
            "horizontal_alignment": "left",
            "vertical_alignment": "baseline",
            "text_fill_symbol": null,
            "text_direction": 0,
            "type_setting": true,
            "break_character": null,
            "clip": false,
            "rotate_with_transform": false,
            "type": "TextSymbol",
            "version": 4,
            "ref_id": 17
          },
          "overposter": {
            "place_labels": false,
            "is_barrier": false,
            "place_symbols": false,
            "tag_unplaced": false,
            "point_placement": "best",
            "point_placement_priorities": {
              "top_left": 4,
              "top_center": 2,
              "top_right": 1,
              "center_right": 3,
              "bottom_right": 5,
              "bottom_center": 7,
              "bottom_left": 8,
              "center_left": 6,
              "type": "PointPlacementPriorities",
              "version": 1,
              "ref_id": 23
            },
            "user_defined_zones": false,
            "may_shift_label_on_fixed_position": false,
            "offset_along_line_properties": {
              "placement_method": "best_position_along_line",
              "distance": 0.0,
              "tolerance": 0.0,
              "unit": "map_unit",
              "anchor": "center_of_label",
              "use_line_direction": true,
              "type": "MaplexOffsetAlongLineProperties",
              "version": 2,
              "ref_id": 25
            },
            "rotation_properties": {
              "rotate_by_attribute": false,
              "rotation_attribute": "",
              "keep_upright": true,
              "perpendicular_to_angle": false,
              "rotation_type": "arithmetic",
              "type": "MaplexRotationProperties",
              "version": 2,
              "ref_id": 26
            },
            "stacking_properties": {
              "stacking_justification": "best",
              "stacking_separators": [
                {
                  "separator": " ",
                  "forced_split": false,
                  "visible": false,
                  "split_after": true
                },
                {
                  "separator": ",",
                  "forced_split": false,
                  "visible": true,
                  "split_after": true
                }
              ],
              "max_stacking_lines": 3,
              "min_stacking_chars_per_line": 3,
              "max_stacking_chars_per_line": 24,
              "type": "MaplexLabelStackingProperties",
              "version": 3,
              "ref_id": 24
            },
            "properties": {
              "PolygonInternalZones": "0 0 0 0 0 0 0 0 1",
              "PolygonExternalZones": "4 2 1 3 5 7 8 6",
              "StrategyPriority": "1 2 3 4 5",
              "GraticuleAlignmentType": 0,
              "LineFeatureType": 0,
              "AnchorPointType": 0,
              "ContourAlignmentType": 1,
              "ContourMaximumAngle": 90,
              "ContourLadderType": 1,
              "RotationAlignmentType": 0,
              "RotationAdditionalAngle": 0,
              "IsOffsetFromFeatureGeometry": 0,
              "EnableSecondaryOffset": 0,
              "SecondaryOffsetMinimum": 0.0,
              "SecondaryOffsetMaximum": 0.0,
              "IsLabelBufferHardConstraint": 0,
              "IsMinimumSizeBasedOnArea": 0,
              "CanPlaceLabelOnTopOfFeature": 0,
              "CanReduceLeading": 0,
              "CanFlipStackedStreetLabel": 0,
              "EnablePolygonFixedPosition": 0,
              "ThinningDistanceUnit": 3,
              "RepetitionIntervalUnit": 0,
              "MinimumFeatureSizeUnit": 0,
              "MaximumLabelOverrunUnit": 3,
              "PolygonFeatureType": 0,
              "AvoidPolygonHoles": -1,
              "BoundaryLabelingAllowSingleSided": 0,
              "BoundaryLabelingAllowHoles": 0,
              "BoundaryLabelingSingleSidedOnLine": 0,
              "CanKeyNumberLabel": 0,
              "KeyNumberGroupName": "Default",
              "UseExactSymbolOutline": 0,
              "TruncationMarkerCharacter": ".",
              "TruncationPreferredCharacters": "aeiou",
              "TruncationMinimumLength": 1,
              "PreferLabelNearMapBorder": 0,
              "PreferLabelNearMapBorderClearance": 0.0,
              "PreferLabelNearJunction": 0,
              "PreferLabelNearJunctionClearance": 0.0,
              "EnableLineConnection": -1,
              "LineConnectionType": 0,
              "LabelLargestPolygonPart": -1,
              "MultiPartOption": 0,
              "AllowStraddleStacking": 0,
              "RemoveExtraWhiteSpace": -1,
              "RemoveExtraLineBreaks": 0,
              "type": "PropertySet",
              "version": 1,
              "ref_id": 27
            },
            "feature_weight": 0,
            "is_background_label": false,
            "margin_buffer_percent": 15,
            "max_offset": 100.0,
            "offset": 1.0,
            "offset_unit": "point",
            "place_overlapping": false,
            "align_to_graticule": false,
            "reduce_duplicates": false,
            "reduce_duplicates_distance": 0.0,
            "line_placement": "offset_straight_from_line",
            "spread_characters_max": 0.0,
            "spread_words_max": 0.0,
            "repeat_labels": false,
            "repeat_distance": 0.0,
            "min_feature_size": 0.0,
            "offset_constraint": "above_line",
            "preferred_end_of_line_clearance": 0.0,
            "min_end_of_line_clearance": 0.0,
            "spread_words": false,
            "polygon_placement": "curved_in_polygon",
            "place_outside_polygon": true,
            "polygon_boundary_weight": 0,
            "overrun_allow_asymmetric": false,
            "may_place_primary_label_under_when_stacked": false,
            "spread_chars": false,
            "overrun": false,
            "can_overrun_feature": true,
            "polygon_land_parcel_placement": false,
            "reduce_font_size": false,
            "font_size_lower_limit_points": 4.0,
            "font_size_step_interval_points": 0.5,
            "font_width_compression_limit_percent": 90.0,
            "font_width_compression_step_interval": 5.0,
            "abbreviate": false,
            "max_overrun": 16.0,
            "can_remove_overlapping": true,
            "can_truncate": false,
            "align_to_direction_of_line": false,
            "try_horizontal_first": false,
            "dictionary_name": "",
            "feature_buffer": 15,
            "feature_type": 1,
            "priority": 4294967295,
            "type": "MaplexOverposterLayerProperties",
            "version": 22,
            "ref_id": 22
          },
          "expression_parser": {
            "show_coded": true,
            "type": "AnnotationVBScriptEngine",
            "version": 2,
            "ref_id": 21
          },
          "offset": 0.0,
          "label_which_features": 1,
          "symbol_id": 65535,
          "layer_full_extent": null,
          "scale_ratio": 0.0,
          "reference_scale": 0.0,
          "units_world_coordinates": "unknown",
          "priority": 1,
          "create_unplaced_elements": true,
          "feature_linked": false,
          "use_output": 65535,
          "annotation_class_id": 0,
          "add_unplaced_to_graphics_container": true,
          "type": "MaplexLabelEngineLayerProperties",
          "version": 11,
          "ref_id": 16
        }
      ],
      "type": "AnnotateLayerPropertiesCollection",
      "version": 2,
      "ref_id": 15
    },
    "display_filter": null,
    "transparency": 0,
    "brightness": 0,
    "hyperlink_type": "document",
    "hyperlink_field": "",
    "hyperlink_macro_name": "",
    "scale_symbols": true,
    "selection_color": null,
    "show_selection_using_symbol": false,
    "cached": false,
    "show_map_tips": false,
    "selected_feature_symbol": {
      "color": {
        "R": 0,
        "G": 255,
        "B": 255,
        "dither": true,
        "is_null": false,
        "type": "RgbColor",
        "version": 1,
        "ref_id": 31
      },
      "width": 2.0,
      "line_type": "solid",
      "type": "SimpleLineSymbol",
      "version": 1,
      "ref_id": 30,
      "enabled": true,
      "locked": false,
      "symbol_level": 0
    },
    "layer_extent": {
      "x_min": -117.62319839219053,
      "x_max": -82.32264950769274,
      "y_min": 23.20820580488509,
      "y_max": 46.18290982947509,
      "crs": {
        "wkt": "GEOGCS[\"WGS 84\",DATUM[\"unknown\",SPHEROID[\"WGS84\",6378137.0,298.257223563]],PRIMEM[\"Greenwich\",0.0],UNIT[\"degree\",0.0174532925199433]]",
        "x_origin": -400.0,
        "y_origin": -400.0,
        "xy_scale": 11258999068426.238,
        "z_origin": -100000.0,
        "z_scale": 10000.0,
        "m_origin": -100000.0,
        "m_scale": 10000.0,
        "xy_tolerance": 8.983152841195215e-09,
        "z_tolerance": 0.001,
        "m_tolerance": 0.001,
        "is_high_precision": true,
        "type": "GeographicCoordinateSystem",
        "version": 7,
        "ref_id": 33
      },
      "type": "Envelope",
      "version": 3,
      "ref_id": 32
    },
    "features_excluded_from_rendering": {
      "features": [],
      "type": "FeatureIDSet",
      "version": 1,
      "ref_id": 28
    },
    "uid": {
      "value": "20664808-0d1c-11d2-a26f-080009b6f22b",
      "sub_type": 0,
      "type": "UID",
      "version": 1,
      "ref_id": 34
    },
    "display_expression_properties": {
      "expression": "[Name]",
      "advanced": false,
      "expression_parser": {
        "show_coded": true,
        "type": "AnnotationVBScriptEngine",
        "version": 2,
        "ref_id": 36
      },
      "type": "DisplayExpressionProperties",
      "version": 1,
      "ref_id": 35
    },
    "map_tip_hide_field_name": false,
    "map_tip_show_coded": true,
    "map_tip_field_name": "",
    "map_tip_url_prefix": "",
    "map_tip_url_suffix": "",
    "map_tip_xsl": "",
    "html_popup_enabled": true,
    "html_popup_style": "two_column_table",
    "html_popup_download_attachment": false,
    "use_advanced_symbol_levels": false,
    "time_enabled": false,
    "time_zone": null,
    "time_step": 0.0,
    "time_step_units": "hours",
    "time_offset": 0.0,
    "time_offset_units": "years",
    "time_data_changes_regularly": true,
    "time_format": "",
    "time_display_cumulative": false,
    "time_field": "",
    "time_end_field": "",
    "time_extent": null,
    "time_dimension_name": "",
    "time_dimension_format": "",
    "track_id_field_name": "",
    "extensions": [
      {
        "properties": {
          "ServiceLayerID": 24,
          "type": "PropertySet",
          "version": 1,
          "ref_id": 29
        },
        "type": "ServerLayerExtension",
        "version": 1
      }
    ],
    "join_type": "left_outer",
    "join": null,
    "relations": [],
    "hyperlinks": [],
    "selection_set": [],
    "hyperlink_expression_properties": {
      "expression": "",
      "is_expression_simple": true,
      "parser": null,
      "type": "HotLinkExpressionProperties",
      "version": 1,
      "ref_id": 37
    },
    "selectable": true,
    "weight": 99.0,
    "shape_type": "polyline",
    "use_page_definition_query": false,
    "page_name_field": "",
    "page_name_match_operator": "",
    "display_field": "Name",
    "area_of_interest": null,
    "type": "FeatureLayer",
    "version": 34,
    "ref_id": 0
  }
}