{
  "root": {
    "name": "Forest_Cover_Cambodia_2006_indian60",
    "description": "",
    "datasource_type": "Shapefile Feature Class",
    "dataset_name": {
      "name": "Forest cover at National",
      "dataset_name": {
        "name": "E:\\CBNRM  LI GIS Data\\Cambodia Data\\Tenure Data",
        "browse_name": "Shapefile Data",
        "connection_properties": {
          "DATABASE": "E:\\CBNRM  LI GIS Data\\Cambodia Data\\Tenure Data",
          "type": "PropertySet",
          "version": 1,
          "ref_id": 3
        },
        "path_name": "",
        "workspace_type": "ESRI_FILESYSTEM_WORKSPACE",
        "workspace_factory": {
          "type": "ShapefileWorkspaceFactory",
          "version": 1
        },
        "name_string": "",
        "type": "WorkspaceName",
        "version": 1,
        "ref_id": 2
      },
      "datasource_type": "Shapefile Feature Class",
      "feature_type": "FT_SIMPLE",
      "shape_field_name": "Shape",
      "shape_type": "polygon",
      "type": "FeatureClassName",
      "version": 2,
      "ref_id": 1
    },
    "renderer": {
      "rotation_attribute": "",
      "rotation_type": "geographic",
      "rotate_flag_3d": "none",
      "rotation_expression_x": "",
      "rotation_expression_y": "",
      "rotation_expression_z": "",
      "transparency_attribute": "",
      "random_rotation_min_x": 0.0,
      "random_rotation_max_x": 360,
      "random_rotation_min_y": 0.0,
      "random_rotation_max_y": 360,
      "random_rotation_min_z": 0.0,
      "random_rotation_max_z": 360,
      "graduated_expression": "",
      "graduated_size_type": "",
      "random_size_min": 0.1,
      "random_size_max": 100.0,
      "fields": [
        "DESCRIPTIO"
      ],
      "concatenator": ", ",
      "symbol": {
        "color": {
          "R": 218,
          "G": 252,
          "B": 197,
          "dither": false,
          "is_null": false,
          "type": "RgbColor",
          "version": 1,
          "ref_id": 8
        },
        "outline": {
          "color": {
            "R": 110,
            "G": 110,
            "B": 110,
            "dither": true,
            "is_null": false,
            "type": "RgbColor",
            "version": 1,
            "ref_id": 7
          },
          "width": 0.4,
          "line_type": "solid",
          "type": "SimpleLineSymbol",
          "version": 1,
          "ref_id": 6,
          "enabled": true,
          "locked": false,
          "symbol_level": 0
        },
        "fill_style": "solid",
        "type": "SimpleFillSymbol",
        "version": 1,
        "ref_id": 5,
        "enabled": true,
        "locked": false,
        "symbol_level": 0
      },
      "groups": [
        {
          "heading": "DESCRIPTIO",
          "visible": true,
          "editable_or_expanded": true,
          "classes": [
            {
              "symbol": {
                "color": {
                  "R": 38,
                  "G": 115,
                  "B": 0,
                  "dither": false,
                  "is_null": false,
                  "type": "RgbColor",
                  "version": 1,
                  "ref_id": 14
                },
                "outline": {
                  "color": {
                    "R": 240,
                    "G": 240,
                    "B": 240,
                    "dither": true,
                    "is_null": true,
                    "type": "RgbColor",
                    "version": 1,
                    "ref_id": 13
                  },
                  "width": 0.4,
                  "line_type": "solid",
                  "type": "SimpleLineSymbol",
                  "version": 1,
                  "ref_id": 12,
                  "enabled": true,
                  "locked": false,
                  "symbol_level": 0
                },
                "fill_style": "solid",
                "type": "SimpleFillSymbol",
                "version": 1,
                "ref_id": 11,
                "enabled": true,
                "locked": false,
                "symbol_level": 0
              },
              "format": null,
              "label": "E-F",
              "description": "",
              "feature_count": null,
              "type": "LegendClass",
              "version": 1,
              "ref_id": 10
            },
            {
              "symbol": {
                "levels": [
                  {
                    "color": {
                      "R": 97,
                      "G": 163,
                      "B": 43,
                      "dither": true,
                      "is_null": false,
                      "type": "RgbColor",
                      "version": 1,
                      "ref_id": 21
                    },
                    "outline": {
                      "color": {
                        "R": 110,
                        "G": 110,
                        "B": 110,
                        "dither": true,
                        "is_null": false,
                        "type": "RgbColor",
                        "version": 1,
                        "ref_id": 20
                      },
                      "width": 0.0,
                      "line_type": "solid",
                      "type": "SimpleLineSymbol",
                      "version": 1,
                      "ref_id": 19,
                      "enabled": true,
                      "locked": false,
                      "symbol_level": 0
                    },
                    "fill_style": "solid",
                    "type": "SimpleFillSymbol",
                    "version": 1,
                    "ref_id": 18,
                    "enabled": true,
                    "locked": false,
                    "symbol_level": 0
                  }
                ],
                "symbol_level": 0,
                "type": "MultiLayerFillSymbol",
                "version": 1,
                "ref_id": 16
              },
              "format": null,
              "label": "D-F",
              "description": "",
              "feature_count": null,
              "type": "LegendClass",
              "version": 1,
              "ref_id": 15
            },
            {
              "symbol": {
                "levels": [
                  {
                    "color": {
                      "R": 211,
                      "G": 255,
                      "B": 204,
                      "dither": true,
                      "is_null": false,
                      "type": "RgbColor",
                      "version": 1,
                      "ref_id": 29
                    },
                    "outline": {
                      "levels": [
                        {
                          "color": {
                            "R": 240,
                            "G": 240,
                            "B": 240,
                            "dither": true,
                            "is_null": true,
                            "type": "RgbColor",
                            "version": 1,
                            "ref_id": 28
                          },
                          "width": 0.4,
                          "line_type": "solid",
                          "type": "SimpleLineSymbol",
                          "version": 1,
                          "ref_id": 27,
                          "enabled": true,
                          "locked": false,
                          "symbol_level": 0
                        }
                      ],
                      "symbol_level": 0,
                      "type": "MultiLayerLineSymbol",
                      "version": 1,
                      "ref_id": 26
                    },
                    "fill_style": "solid",
                    "type": "SimpleFillSymbol",
                    "version": 1,
                    "ref_id": 25,
                    "enabled": true,
                    "locked": false,
                    "symbol_level": 0
                  }
                ],
                "symbol_level": 0,
                "type": "MultiLayerFillSymbol",
                "version": 1,
                "ref_id": 23
              },
              "format": null,
              "label": "N-F",
              "description": "",
              "feature_count": null,
              "type": "LegendClass",
              "version": 1,
              "ref_id": 22
            },
            {
              "symbol": {
                "color": {
                  "R": 233,
                  "G": 255,
                  "B": 190,
                  "dither": false,
                  "is_null": false,
                  "type": "RgbColor",
                  "version": 1,
                  "ref_id": 34
                },
                "outline": {
                  "color": {
                    "R": 240,
                    "G": 240,
                    "B": 240,
                    "dither": true,
                    "is_null": true,
                    "type": "RgbColor",
                    "version": 1,
                    "ref_id": 33
                  },
                  "width": 0.4,
                  "line_type": "solid",
                  "type": "SimpleLineSymbol",
                  "version": 1,
                  "ref_id": 32,
                  "enabled": true,
                  "locked": false,
                  "symbol_level": 0
                },
                "fill_style": "solid",
                "type": "SimpleFillSymbol",
                "version": 1,
                "ref_id": 31,
                "enabled": true,
                "locked": false,
                "symbol_level": 0
              },
              "format": null,
              "label": "O-F",
              "description": "",
              "feature_count": null,
              "type": "LegendClass",
              "version": 1,
              "ref_id": 30
            },
            {
              "symbol": {
                "color": {
                  "R": 163,
                  "G": 255,
                  "B": 115,
                  "dither": false,
                  "is_null": false,
                  "type": "RgbColor",
                  "version": 1,
                  "ref_id": 39
                },
                "outline": {
                  "color": {
                    "R": 240,
                    "G": 240,
                    "B": 240,
                    "dither": true,
                    "is_null": true,
                    "type": "RgbColor",
                    "version": 1,
                    "ref_id": 38
                  },
                  "width": 0.4,
                  "line_type": "solid",
                  "type": "SimpleLineSymbol",
                  "version": 1,
                  "ref_id": 37,
                  "enabled": true,
                  "locked": false,
                  "symbol_level": 0
                },
                "fill_style": "solid",
                "type": "SimpleFillSymbol",
                "version": 1,
                "ref_id": 36,
                "enabled": true,
                "locked": false,
                "symbol_level": 0
              },
              "format": null,
              "label": "S-F",
              "description": "",
              "feature_count": null,
              "type": "LegendClass",
              "version": 1,
              "ref_id": 35
            },
            {
              "symbol": {
                "color": {
                  "R": 209,
                  "G": 255,
                  "B": 115,
                  "dither": false,
                  "is_null": false,
                  "type": "RgbColor",
                  "version": 1,
                  "ref_id": 44
                },
                "outline": {
                  "color": {
                    "R": 240,
                    "G": 240,
                    "B": 240,
                    "dither": true,
                    "is_null": true,
                    "type": "RgbColor",
                    "version": 1,
                    "ref_id": 43
                  },
                  "width": 0.4,
                  "line_type": "solid",
                  "type": "SimpleLineSymbol",
                  "version": 1,
                  "ref_id": 42,
                  "enabled": true,
                  "locked": false,
                  "symbol_level": 0
                },
                "fill_style": "solid",
                "type": "SimpleFillSymbol",
                "version": 1,
                "ref_id": 41,
                "enabled": true,
                "locked": false,
                "symbol_level": 0
              },
              "format": null,
              "label": "W-D",
              "description": "",
              "feature_count": null,
              "type": "LegendClass",
              "version": 1,
              "ref_id": 40
            },
            {
              "symbol": {
                "color": {
                  "R": 163,
                  "G": 255,
                  "B": 115,
                  "dither": false,
                  "is_null": false,
                  "type": "RgbColor",
                  "version": 1,
                  "ref_id": 49
                },
                "outline": {
                  "color": {
                    "R": 240,
                    "G": 240,
                    "B": 240,
                    "dither": true,
                    "is_null": true,
                    "type": "RgbColor",
                    "version": 1,
                    "ref_id": 48
                  },
                  "width": 0.4,
                  "line_type": "solid",
                  "type": "SimpleLineSymbol",
                  "version": 1,
                  "ref_id": 47,
                  "enabled": true,
                  "locked": false,
                  "symbol_level": 0
                },
                "fill_style": "solid",
                "type": "SimpleFillSymbol",
                "version": 1,
                "ref_id": 46,
                "enabled": true,
                "locked": false,
                "symbol_level": 0
              },
              "format": null,
              "label": "W-E",
              "description": "",
              "feature_count": null,
              "type": "LegendClass",
              "version": 1,
              "ref_id": 45
            },
            {
              "symbol": {
                "levels": [
                  {
                    "color_foreground": null,
                    "color_foreground_model": null,
                    "color_background": {
                      "R": 255,
                      "G": 255,
                      "B": 255,
                      "dither": false,
                      "is_null": false,
                      "type": "RgbColor",
                      "version": 1,
                      "ref_id": 55
                    },
                    "color_background_model": "rgb",
                    "color_transparent": {
                      "R": 255,
                      "G": 255,
                      "B": 255,
                      "dither": false,
                      "is_null": false,
                      "type": "RgbColor",
                      "version": 1,
                      "ref_id": 56
                    },
                    "color_transparent_model": "rgb",
                    "swap_fg_bg": false,
                    "outline": {
                      "levels": [
                        {
                          "color": {
                            "R": 240,
                            "G": 240,
                            "B": 240,
                            "dither": true,
                            "is_null": true,
                            "type": "RgbColor",
                            "version": 1,
                            "ref_id": 59
                          },
                          "width": 0.4,
                          "line_type": "solid",
                          "type": "SimpleLineSymbol",
                          "version": 1,
                          "ref_id": 58,
                          "enabled": true,
                          "locked": false,
                          "symbol_level": 0
                        }
                      ],
                      "symbol_level": 0,
                      "type": "MultiLayerLineSymbol",
                      "version": 1,
                      "ref_id": 57
                    },
                    "picture": {
                      "picture_type": "BmpPicture",
                      "content": "UWswV0NBQUFBQUFBQURZQUFBQW9BQUFBSEFBQUFCZ0FBQUFCQUJnQUFBQUFBT0FIQUFBQUFBQUFBQUFBQUFBQUFBQUFBQUFBLy8vLy8vLy8vLy8vLy8vLy8vLy8vLy8vLy8vLy8vLy8vLy8vLy8vLy8vLy8vLy8vLy8vLy8vLy8vLy8vLy8vLy8vLy8vLy8vLy8vLy8vLy8vLy8vLy8vLy8vLy8vLy8vLy8vLy8vLy8vLy8vLy8vLy8vLy8vLy8vLy8vLy8vLy8vLy8vLy8vLy8vLy8vLy8vLy8vLy8vLy8vLy8vLy8vLy8vLy8vLy8vLy8vLy8vLy8vLy8vLy8vLy8vLy8vLy8vLy8vLy8vLy8vLy8vLy8vLy8vLy8vLy8vLy8vLy8vLy8vLy8vLy8vLy8vLy8vLy8vLy8vLy8vLy8vLy8vLy8vLy8vLy8vLy8vLy8vLy8vLy8vLy8vLy8vLy8vLy8vLy8vLy8vLy8vLy8vLy8vLy8vLy8vLy8vLy8vLy8vLy8vLy8vLy8vLy8vLy8vLy8vLy8vLy8vLy8vLy8vLy8vLy8vLy8vLy8vLy8vLy8vLy8vLy9BRUNBQUVDQS8vLy8vLy8vLy8vLy8vLy8vLy8vLy8vLy8vLy8vLy8vLy8vLy8vLy8vLy8vLy8vL0FFQ0FBRUNBLy8vLy8vLy8vLy8vLy8vLy8vLy8vLy8vLy8vLy8vLy8vLy8vLy8vLy8vLy8vLy8vUTd0dFE3dHQvLy8vLy8vLy8vLy8vLy8vLy8vLy8vLy8vLy8vLy8vLy8vLy8vLy8vLy8vLy8vLy9RN3R0UTd0dC8vLy8vLy8vLy8vLy8vLy8vLy8vLy8vLy8vLy8vLy8vLy8vLy8vLy8vLy8vUTd0dC8vLy8vLy8vUTd0dC8vLy8vLy8vLy8vLy8vLy8vLy8vLy8vLy8vLy8vLy8vLy8vLy8vLy9RN3R0Ly8vLy8vLy9RN3R0Ly8vLy8vLy8vLy8vLy8vLy8vLy8vLy8vLy8vLy8vLy8vLy8vLy8vLy8vLy8vLy8vLy8vLy8vLy8vLy8vLy8vLy8vLy8vLy8vLy8vLy8vLy8vLy8vLy8vLy8vLy8vLy8vLy8vLy8vLy8vLy8vLy8vLy8vLy8vLy8vLy8vLy8vLy8vLy8vLy8vLy8vLy8vLy8vLy8vLy8vLy8vLy8vLy8vLy8vLy8vLy8vLy8vLy8vLy8vLy8vLy8vLy8vLy8vLy8vLy8vLy8vLy8vLy8vLy8vLy8vLy8vLy8vLy8vLy8vLy8vLy8vLy8vLy8vLy8vLy8vLy8vLy8vLy8vLy8vLy8vLy8vLy8vLy8vLy8vLy8vLy8vLy8vLy8vLy8vLy8vLy8vLy8vLy8vLy8vLy8vLy8vLy8vLy8vLy8vLy8vLy8vLy8vLy8vLy8vLy8vLy8vLy8vLy8vLy8vLy8vLy8vLy8vLy8vLy8vLy8vLy8vLy8vLy8vLy8vLy8vLy8vLy8vLy8vLy8vLy8vLy8vLy8vLy8vLy8vLy8vLy8vLy8vLy8vLy8vLy8vLy8vLy8vLy8vLy8vLy8vLy8vLy8vLy8vLy8vLy8vLy8vLy8vLy8vLy8vLy9RN3R0UTd0dC8vLy8vLy8vLy8vLy8vLy8vLy8vLy8vLy8vLy8vLy8vLy8vLy8vLy8vLy8vLy8vL1E3dHRRN3R0Ly8vLy8vLy8vLy8vLy8vLy8vLy8vLy8vLy8vLy8vLy8vLy8vLy8vLy8vLy9RN3R0Ly8vLy8vLy9RN3R0Ly8vLy8vLy8vLy8vLy8vLy8vLy8vLy8vLy8vLy8vLy8vLy8vLy8vL1E3dHQvLy8vLy8vL1E3dHQvLy8vLy8vLy8vLy8vLy8vLy8vLy8vLy8vLy8vLy8vLy8vLy8vLy8vLy8vLy8vLy8vLy8vLy8vLy8vLy8vLy8vLy8vLy8vLy8vLy8vLy8vLy8vLy8vLy8vLy8vLy8vLy8vLy8vLy8vLy8vLy8vLy8vLy8vLy8vLy8vLy8vLy8vLy8vLy8vLy8vLy8vLy8vLy8vLy8vLy8vLy8vLy8vLy8vLy8vLy8vLy8vLy8vLy8vLy8vLy8vLy8vLy8vLy8vLy8vLy8vLy8vLy8vLy8vLy8vLy8vLy8vLy8vLy8vLy8vLy8vLy8vLy8vLy8vLy8vLy8vLy8vLy8vLy8vLy8vLy8vLy8vLy8vLy8vLy8vLy8vLy8vLy8vLy8vLy8vLy8vLy8vLy8vLy8vLy8vLy8vLy8vLy8vLy8vLy8vLy8vLy8vLy8vLy8vLy8vLy8vLy8vLy8vLy8vLy8vLy8vLy8vLy8vLy8vLy8vLy8vLy8vLy8vLy8vLy8vLy8vLy8vLy8vLy8vLy8vLy8vLy8vLy8vLy8vLy8vLy8vLy9BRUNBQUVDQS8vLy8vLy8vLy8vLy8vLy8vLy8vLy8vLy8vLy8vLy8vLy8vLy8vLy8vLy8vLy8vL0FFQ0FBRUNBLy8vLy8vLy8vLy8vLy8vLy8vLy8vLy8vLy8vLy8vLy8vLy8vLy8vLy8vLy8vLy8vUTd0dFE3dHQvLy8vLy8vLy8vLy8vLy8vLy8vLy8vLy8vLy8vLy8vLy8vLy8vLy8vLy8vLy8vLy9RN3R0UTd0dC8vLy8vLy8vLy8vLy8vLy8vLy8vLy8vLy8vLy8vLy8vLy8vLy8vLy8vLy8vUTd0dC8vLy8vLy8vUTd0dC8vLy8vLy8vLy8vLy8vLy8vLy8vLy8vLy8vLy8vLy8vLy8vLy8vLy9RN3R0Ly8vLy8vLy9RN3R0Ly8vLy8vLy8vLy8vLy8vLy8vLy8vLy8vLy8vLy8vLy8vLy8vLy8vLy8vLy8vLy8vLy8vLy8vLy8vLy8vLy8vLy8vLy8vLy8vLy8vLy8vLy8vLy8vLy8vLy8vLy8vLy8vLy8vLy8vLy8vLy8vLy8vLy8vLy8vLy8vLy8vLy8vLy8vLy8vLy8vLy8vLy8vLy8vLy8vLy8vLy8vLy8vLy8vLy8vLy8vLy8vLy8vLy8vLy8vLy8vLy8vLy8vLy8vLy8vLy8vLy8vLy8vLy8vLy8vLy8vLy8vLy8vLy8vLy8vLy8vLy8vLy8vLy8vLy8vLy8vLy8vLy8vLy8vLy8vLy8vLy8vLy8vLy8vLy8vLy8vLy8vLy8vLy8vLy8vLy8vLy8vLy8vLy8vLy8vLy8vLy8vLy8vLy8vLy8vLy8vLy8vLy8vLy8vLy8vLy8vLy8vLy8vLy8vLy8vLy8vLy8vLy8vLy8vLy8vLy8vLy8vLy8vLy8vLy8vLy8vLy8vLy8vLy8vLy8vLy8vLy8vLy8vLy8vLy8vLy8vLy8vLy8vLy8vLy8vLy8vLy8vLy8vLy8vLy8vLy8vLy8vLy8vLy8vLy8vLy8vLy8vLy8vLy8vLy8vLy9RN3R0UTd0dC8vLy8vLy8vLy8vLy8vLy8vLy8vLy8vLy8vLy8vLy8vLy8vLy8vLy8vLy8vLy8vL1E3dHRRN3R0Ly8vLy8vLy8vLy8vLy8vLy8vLy8vLy8vLy8vLy8vLy8vLy8vLy8vLy8vLy9RN3R0Ly8vLy8vLy9RN3R0Ly8vLy8vLy8vLy8vLy8vLy8vLy8vLy8vLy8vLy8vLy8vLy8vLy8vL1E3dHQvLy8vLy8vL1E3dHQvLy8vLy8vLy8vLy8vLy8vLy8vLy8vLy8vLy8vLy8vLy8vLy8vLy8v",
                      "type": "StdPicture",
                      "version": 1,
                      "ref_id": 54
                    },
                    "angle": 0.0,
                    "scale_x": 1.0,
                    "scale_y": 1.0,
                    "offset_x": 0.0,
                    "offset_y": 0.0,
                    "separation_x": 0.0,
                    "separation_y": 0.0,
                    "type": "PictureFillSymbol",
                    "version": 4,
                    "ref_id": 53,
                    "enabled": true,
                    "locked": false,
                    "symbol_level": 0
                  }
                ],
                "symbol_level": 0,
                "type": "MultiLayerFillSymbol",
                "version": 1,
                "ref_id": 51
              },
              "format": null,
              "label": "B-B",
              "description": "",
              "feature_count": null,
              "type": "LegendClass",
              "version": 1,
              "ref_id": 50
            }
          ],
          "type": "LegendGroup",
          "version": 2,
          "ref_id": 9
        }
      ],
      "values": [
        "E-F",
        "D-F",
        "N-F",
        "O-F",
        "S-F",
        "W-D",
        "W-E",
        "B-B"
      ],
      "include_all_other": false,
      "all_other_value": "<all other values>",
      "reversed": false,
      "ramp": null,
      "ramp_name": "Pastels",
      "style_path": "",
      "flip_symbols": false,
      "type": "UniqueValueRenderer",
      "version": 2,
      "ref_id": 4
    },
    "field_format": {
      "FID": {
        "alias": "FID",
        "number_format": null,
        "visible": true,
        "highlight": true,
        "read_only": true,
        "value_as_ratio": false,
        "type": "FieldInfo",
        "version": 3,
        "ref_id": 60
      },
      "Shape": {
        "alias": "Shape",
        "number_format": null,
        "visible": true,
        "highlight": true,
        "read_only": true,
        "value_as_ratio": false,
        "type": "FieldInfo",
        "version": 3,
        "ref_id": 61
      },
      "NEW_FCODE": {
        "alias": "NEW_FCODE",
        "number_format": {
          "alignment": "ALIGN_RIGHT",
          "alignment_width": 12,
          "rounding": "ROUND_NUMBER_OF_DECIMALS",
          "rounding_value": 0,
          "show_plus_sign": false,
          "zero_pad": false,
          "thousands": false,
          "type": "NumericFormat",
          "version": 1,
          "ref_id": 63
        },
        "visible": true,
        "highlight": true,
        "read_only": true,
        "value_as_ratio": false,
        "type": "FieldInfo",
        "version": 3,
        "ref_id": 62
      },
      "DESCRIPTIO": {
        "alias": "DESCRIPTIO",
        "number_format": null,
        "visible": true,
        "highlight": true,
        "read_only": true,
        "value_as_ratio": false,
        "type": "FieldInfo",
        "version": 3,
        "ref_id": 64
      },
      "AREA": {
        "alias": "AREA",
        "number_format": {
          "alignment": "ALIGN_RIGHT",
          "alignment_width": 12,
          "rounding": "ROUND_NUMBER_OF_DECIMALS",
          "rounding_value": 1,
          "show_plus_sign": false,
          "zero_pad": false,
          "thousands": false,
          "type": "NumericFormat",
          "version": 1,
          "ref_id": 66
        },
        "visible": true,
        "highlight": true,
        "read_only": true,
        "value_as_ratio": false,
        "type": "FieldInfo",
        "version": 3,
        "ref_id": 65
      },
      "PERIMETER": {
        "alias": "PERIMETER",
        "number_format": {
          "alignment": "ALIGN_RIGHT",
          "alignment_width": 12,
          "rounding": "ROUND_NUMBER_OF_DECIMALS",
          "rounding_value": 3,
          "show_plus_sign": false,
          "zero_pad": false,
          "thousands": false,
          "type": "NumericFormat",
          "version": 1,
          "ref_id": 68
        },
        "visible": true,
        "highlight": true,
        "read_only": true,
        "value_as_ratio": false,
        "type": "FieldInfo",
        "version": 3,
        "ref_id": 67
      },
      "HECTARES": {
        "alias": "HECTARES",
        "number_format": {
          "alignment": "ALIGN_RIGHT",
          "alignment_width": 12,
          "rounding": "ROUND_NUMBER_OF_DECIMALS",
          "rounding_value": 3,
          "show_plus_sign": false,
          "zero_pad": false,
          "thousands": false,
          "type": "NumericFormat",
          "version": 1,
          "ref_id": 70
        },
        "visible": true,
        "highlight": true,
        "read_only": true,
        "value_as_ratio": false,
        "type": "FieldInfo",
        "version": 3,
        "ref_id": 69
      },
      "FOREST_TYP": {
        "alias": "FOREST_TYP",
        "number_format": null,
        "visible": true,
        "highlight": true,
        "read_only": true,
        "value_as_ratio": false,
        "type": "FieldInfo",
        "version": 3,
        "ref_id": 71
      },
      "K_FOREST_T": {
        "alias": "K_FOREST_T",
        "number_format": null,
        "visible": true,
        "highlight": true,
        "read_only": true,
        "value_as_ratio": false,
        "type": "FieldInfo",
        "version": 3,
        "ref_id": 72
      }
    },
    "visible": false,
    "zoom_min": 0.0,
    "zoom_max": 0.0,
    "stored_zoom_min": 0.0,
    "stored_zoom_max": 0.0,
    "definition_query": "",
    "definition_query_search_order": "spatial_first",
    "labels_enabled": false,
    "annotation_collection": {
      "properties": [
        {
          "label_features": true,
          "class_name": "Default",
          "class_filter": "",
          "expression": "[DESCRIPTIO]",
          "advanced_expression": false,
          "scale_range_min": 0.0,
          "scale_range_max": 0.0,
          "text_symbol": {
            "color": {
              "R": 0,
              "G": 0,
              "B": 0,
              "dither": false,
              "is_null": false,
              "type": "RgbColor",
              "version": 1,
              "ref_id": 76
            },
            "raster_op": 13,
            "symbol_level": 0,
            "character_spacing": 0.0,
            "character_width": 100.0,
            "word_spacing": 100.0,
            "flip_angle": 90.0,
            "leading": 0.0,
            "right_to_left": false,
            "cjk_orientation": false,
            "kerning": true,
            "case": "normal",
            "x_offset": 0.0,
            "y_offset": 0.0,
            "position": "normal",
            "shadow_x_offset": 0.0,
            "shadow_y_offset": 0.0,
            "shadow_color": {
              "R": 0,
              "G": 0,
              "B": 0,
              "dither": false,
              "is_null": false,
              "type": "RgbColor",
              "version": 1,
              "ref_id": 77
            },
            "angle": 0.0,
            "font_size": 8.0,
            "font": {
              "font_name": "Arial",
              "charset": 0,
              "weight": 400,
              "size": 8.0,
              "italic": false,
              "strikethrough": false,
              "underline": false,
              "type": "Font",
              "version": 1,
              "ref_id": 78
            },
            "halo_enabled": false,
            "halo_size": 2.0,
            "halo_symbol": null,
            "background_symbol": null,
            "horizontal_alignment": "center",
            "vertical_alignment": "bottom",
            "text_fill_symbol": null,
            "text_direction": 0,
            "type_setting": true,
            "break_character": null,
            "clip": false,
            "rotate_with_transform": true,
            "type": "TextSymbol",
            "version": 4,
            "ref_id": 75
          },
          "overposter": {
            "line_label_position": {
              "above": true,
              "below": false,
              "online": false,
              "follow_line_orientation": false,
              "curved": false,
              "parallel": true,
              "perpendicular": false,
              "horizontal": false,
              "at_start": false,
              "at_end": false,
              "before_after_distance": 0.0,
              "best_position_along_line": true,
              "right_of_line": false,
              "type": "LineLabelPosition",
              "version": 2,
              "ref_id": 80
            },
            "line_label_priorities": {
              "above_before": 3,
              "above_at": 3,
              "above_after": 3,
              "on_line_before": 3,
              "on_line_at": 3,
              "on_line_after": 3,
              "below_before": 3,
              "below_at": 3,
              "below_after": 3,
              "type": "LineLabelPlacementPriorities",
              "version": 1,
              "ref_id": 81
            },
            "point_placement_method": "around",
            "point_placement_priorities": {
              "top_left": 2,
              "top_center": 2,
              "top_right": 1,
              "center_right": 2,
              "bottom_right": 2,
              "bottom_center": 3,
              "bottom_left": 3,
              "center_left": 3,
              "type": "PointPlacementPriorities",
              "version": 1,
              "ref_id": 82
            },
            "point_label_angle_field": "",
            "point_label_angle_perpendicular": false,
            "point_place_over_feature": false,
            "specified_point_angles": [],
            "polygon_placement_method": "always_horizontal",
            "polygon_only_inside": false,
            "margin_size": 0.0,
            "offset": 0.0,
            "number_restriction": "one_per_part",
            "feature_weight": "none",
            "label_weight": "high",
            "place_overlapping": false,
            "geometry_type": 2,
            "generate_unplaced": true,
            "max_distance_from_feature": 0.0,
            "point_label_angle_type": 1,
            "is_barrier": false,
            "place_labels": false,
            "place_symbols": false,
            "type": "BasicOverposterLayerProperties",
            "version": 6,
            "ref_id": 79
          },
          "expression_parser": null,
          "offset": 0.0,
          "label_which_features": 1,
          "symbol_id": 65535,
          "layer_full_extent": null,
          "scale_ratio": 0.0,
          "reference_scale": 0.0,
          "units_world_coordinates": "unknown",
          "priority": 4294967295,
          "create_unplaced_elements": true,
          "feature_linked": false,
          "use_output": 65535,
          "annotation_class_id": 0,
          "add_unplaced_to_graphics_container": true,
          "type": "LabelEngineLayerProperties",
          "version": 7,
          "ref_id": 74
        }
      ],
      "type": "AnnotateLayerPropertiesCollection",
      "version": 2,
      "ref_id": 73
    },
    "display_filter": null,
    "transparency": 0,
    "brightness": 0,
    "hyperlink_type": "document",
    "hyperlink_field": "",
    "hyperlink_macro_name": "",
    "scale_symbols": true,
    "selection_color": null,
    "show_selection_using_symbol": false,
    "cached": false,
    "show_map_tips": false,
    "selected_feature_symbol": {
      "color": {
        "R": 0,
        "G": 0,
        "B": 0,
        "dither": true,
        "is_null": true,
        "type": "RgbColor",
        "version": 1,
        "ref_id": 87
      },
      "outline": {
        "color": {
          "R": 0,
          "G": 255,
          "B": 255,
          "dither": true,
          "is_null": false,
          "type": "RgbColor",
          "version": 1,
          "ref_id": 86
        },
        "width": 2.0,
        "line_type": "solid",
        "type": "SimpleLineSymbol",
        "version": 1,
        "ref_id": 85,
        "enabled": true,
        "locked": false,
        "symbol_level": 0
      },
      "fill_style": "solid",
      "type": "SimpleFillSymbol",
      "version": 1,
      "ref_id": 84,
      "enabled": true,
      "locked": false,
      "symbol_level": 0
    },
    "layer_extent": {
      "x_min": 211823.125,
      "x_max": 785034.0,
      "y_min": 1144273.25,
      "y_max": 1625281.25,
      "crs": {
        "wkt": "PROJCS[\"Indian_1960_UTM_Zone_48N\",GEOGCS[\"GCS_Indian_1960\",DATUM[\"D_Indian_1960\",SPHEROID[\"Everest_Adjustment_1937\",6377276.345,300.8017]],PRIMEM[\"Greenwich\",0.0],UNIT[\"Degree\",0.0174532925199433]],PROJECTION[\"Transverse_Mercator\"],PARAMETER[\"False_Easting\",500000.0],PARAMETER[\"False_Northing\",0.0],PARAMETER[\"Central_Meridian\",105.0],PARAMETER[\"Scale_Factor\",0.9996],PARAMETER[\"Latitude_Of_Origin\",0.0],UNIT[\"Meter\",1.0],AUTHORITY[\"EPSG\",3148]]",
        "x_origin": -5120100.0,
        "y_origin": -9996900.0,
        "m_origin": NaN,
        "z_origin": NaN,
        "xy_scale": 450499617.61851126,
        "m_scale": NaN,
        "z_scale": NaN,
        "xy_tolerance": 0.001,
        "z_tolerance": 0.001,
        "m_tolerance": 0.001,
        "is_high_precision": true,
        "type": "ProjectedCoordinateSystem",
        "version": 6,
        "ref_id": 89
      },
      "type": "Envelope",
      "version": 3,
      "ref_id": 88
    },
    "features_excluded_from_rendering": {
      "features": [],
      "type": "FeatureIDSet",
      "version": 1,
      "ref_id": 83
    },
    "uid": {
      "value": "01004145-0d1c-11d2-a26f-080009b6f22b",
      "sub_type": 0,
      "type": "UID",
      "version": 1,
      "ref_id": 90
    },
    "display_expression_properties": null,
    "map_tip_hide_field_name": false,
    "map_tip_show_coded": true,
    "map_tip_field_name": "",
    "map_tip_url_prefix": "",
    "map_tip_url_suffix": "",
    "map_tip_xsl": "",
    "html_popup_enabled": false,
    "html_popup_style": "two_column_table",
    "html_popup_download_attachment": false,
    "use_advanced_symbol_levels": false,
    "time_enabled": false,
    "time_zone": null,
    "time_step": 0,
    "time_step_units": "unknown",
    "time_offset": 0,
    "time_offset_units": "unknown",
    "time_data_changes_regularly": false,
    "time_format": "",
    "time_display_cumulative": false,
    "time_field": "",
    "time_end_field": "",
    "time_extent": null,
    "time_dimension_name": "",
    "time_dimension_format": "",
    "track_id_field_name": "",
    "extensions": [],
    "join_type": "left_outer",
    "join": null,
    "relations": [],
    "hyperlinks": [],
    "selection_set": [],
    "hyperlink_expression_properties": null,
    "selectable": true,
    "weight": 100.0,
    "shape_type": "polygon",
    "use_page_definition_query": false,
    "page_name_field": "",
    "page_name_match_operator": "",
    "display_field": "DESCRIPTIO",
    "area_of_interest": null,
    "type": "FeatureLayer",
    "version": 25,
    "ref_id": 0
  }
}