{'root': {'allow_interactive_display': False,
          'cached': False,
          'custom_extent': None,
          'dataset_name': {'file_name': 'dem.tif',
                           'path': 'RASTER: Workspace = C:\\temp\\; '
                                   'RasterDataset = dem.tif;',
                           'ref_id': 1,
                           'type': 'RasterDatasetName',
                           'version': 4,
                           'workspace_name': {'browse_name': 'Raster Data',
                                              'connection_properties': {'DATABASE': 'C:\\temp\\',
                                                                        'ref_id': 3,
                                                                        'type': 'PropertySet',
                                                                        'version': 1},
                                              'name': 'C:\\temp\\',
                                              'name_string': 'Raster Workspace '
                                                             '= C:\\temp\\;',
                                              'path_name': '',
                                              'ref_id': 2,
                                              'type': 'WorkspaceName',
                                              'version': 1,
                                              'workspace_factory': {'type': 'RasterWorkspaceFactory',
                                                                    'version': 1},
                                              'workspace_type': 'ESRI_FILESYSTEM_WORKSPACE'}},
          'description': '',
          'extensions': [{'properties': {'ServiceLayerID': 3,
                                         'ref_id': 26,
                                         'type': 'PropertySet',
                                         'version': 1},
                          'ref_id': 25,
                          'type': 'ServerLayerExtension',
                          'version': 1}],
          'extent': {'crs': {'is_high_precision': True,
                             'm_origin': -100000.0,
                             'm_scale': 10000.0,
                             'm_tolerance': 0.001,
                             'ref_id': 31,
                             'type': 'GeographicCoordinateSystem',
                             'version': 7,
                             'wkt': 'GEOGCS["GCS_WGS_1984",DATUM["D_WGS_1984",SPHEROID["WGS_1984",6378137.0,298.257223563]],PRIMEM["Greenwich",0.0],UNIT["Degree",0.0174532925199433]]',
                             'x_origin': -400.0,
                             'xy_scale': 11258999068426.238,
                             'xy_tolerance': 8.983152841195215e-09,
                             'y_origin': -400.0,
                             'z_origin': -100000.0,
                             'z_scale': 10000.0,
                             'z_tolerance': 0.001},
                     'ref_id': 32,
                     'type': 'Envelope',
                     'version': 3,
                     'x_max': 18.703597944199995,
                     'x_min': 18.6662979442,
                     'y_max': 45.8117014376,
                     'y_min': 45.7767014376},
          'extent_bottom': 5075777.482601355,
          'extent_left': 784846.0679442561,
          'extent_right': 787924.3347125242,
          'extent_top': 5079799.690382825,
          'file': 'dem.tif',
          'histogram': None,
          'joins': [],
          'path': '.',
          'ref_id': 0,
          'relations': [],
          'render_quality_percent': 100,
          'renderer': {'allow_interactive_display': False,
                       'alpha_band': None,
                       'alpha_checked': False,
                       'breaks': [85.0,
                                  120.93725490196107,
                                  171.1254901960791,
                                  243.0],
                       'brightness': 0,
                       'classifier': 'natural_breaks',
                       'contrast': 0,
                       'deviation_interval': 0.0,
                       'excluded_ranges': [],
                       'excluded_show_class': False,
                       'excluded_values': [],
                       'hillshade_z': 1.0,
                       'legend': {'description': '',
                                  'feature_count': None,
                                  'format': None,
                                  'label': '',
                                  'ref_id': 16,
                                  'symbol': {'color': {'B': 0,
                                                       'G': 0,
                                                       'R': 0,
                                                       'dither': True,
                                                       'is_null': True,
                                                       'ref_id': 20,
                                                       'type': 'RgbColor',
                                                       'version': 1},
                                             'enabled': True,
                                             'fill_style': 'solid',
                                             'locked': False,
                                             'outline': {'color': {'B': 110,
                                                                   'G': 110,
                                                                   'R': 110,
                                                                   'dither': True,
                                                                   'is_null': False,
                                                                   'ref_id': 19,
                                                                   'type': 'RgbColor',
                                                                   'version': 1},
                                                         'enabled': True,
                                                         'line_type': 'solid',
                                                         'locked': False,
                                                         'ref_id': 18,
                                                         'symbol_level': 0,
                                                         'type': 'SimpleLineSymbol',
                                                         'version': 1,
                                                         'width': 1.0},
                                             'ref_id': 17,
                                             'symbol_level': 0,
                                             'type': 'SimpleFillSymbol',
                                             'version': 1},
                                  'type': 'LegendClass',
                                  'version': 2},
                       'legend_group': {'classes': [{'description': '',
                                                     'feature_count': None,
                                                     'format': None,
                                                     'label': '85 - '
                                                              '120.9372549',
                                                     'ref_id': 6,
                                                     'symbol': {'color': {'B': 0,
                                                                          'G': 0,
                                                                          'R': 0,
                                                                          'dither': False,
                                                                          'is_null': False,
                                                                          'ref_id': 8,
                                                                          'type': 'HsvColor',
                                                                          'version': 1},
                                                                'enabled': True,
                                                                'locked': False,
                                                                'ref_id': 7,
                                                                'symbol_level': 0,
                                                                'type': 'ColorSymbol',
                                                                'version': 1},
                                                     'type': 'LegendClass',
                                                     'version': 2},
                                                    {'description': '',
                                                     'feature_count': None,
                                                     'format': None,
                                                     'label': '120.937255 - '
                                                              '171.1254902',
                                                     'ref_id': 9,
                                                     'symbol': {'color': {'B': 128,
                                                                          'G': 128,
                                                                          'R': 127,
                                                                          'dither': False,
                                                                          'is_null': False,
                                                                          'ref_id': 11,
                                                                          'type': 'HsvColor',
                                                                          'version': 1},
                                                                'enabled': True,
                                                                'locked': False,
                                                                'ref_id': 10,
                                                                'symbol_level': 0,
                                                                'type': 'ColorSymbol',
                                                                'version': 1},
                                                     'type': 'LegendClass',
                                                     'version': 2},
                                                    {'description': '',
                                                     'feature_count': None,
                                                     'format': None,
                                                     'label': '171.1254903 - '
                                                              '243',
                                                     'ref_id': 12,
                                                     'symbol': {'color': {'B': 255,
                                                                          'G': 255,
                                                                          'R': 255,
                                                                          'dither': False,
                                                                          'is_null': False,
                                                                          'ref_id': 14,
                                                                          'type': 'HsvColor',
                                                                          'version': 1},
                                                                'enabled': True,
                                                                'locked': False,
                                                                'ref_id': 13,
                                                                'symbol_level': 0,
                                                                'type': 'ColorSymbol',
                                                                'version': 1},
                                                     'type': 'LegendClass',
                                                     'version': 2}],
                                        'editable_or_expanded': True,
                                        'heading': '<VALUE>',
                                        'ref_id': 5,
                                        'type': 'LegendGroup',
                                        'version': 3,
                                        'visible': True},
                       'nodata_color': {'B': 0,
                                        'G': 0,
                                        'R': 230,
                                        'dither': False,
                                        'is_null': False,
                                        'type': 'RgbColor',
                                        'version': 1},
                       'normalization_field': '<None>',
                       'number_format': {'alignment': 'ALIGN_LEFT',
                                         'alignment_width': 12,
                                         'ref_id': 15,
                                         'rounding': 'ROUND_NUMBER_OF_SIGNIFICANT_DIGITS',
                                         'rounding_value': 10,
                                         'show_plus_sign': False,
                                         'thousands': True,
                                         'type': 'NumericFormat',
                                         'version': 1,
                                         'zero_pad': False},
                       'primary_display_field': False,
                       'ramp_name': 'Black to White',
                       'ref_id': 4,
                       'resampling_type': 'nearest_neighbor',
                       'show_class_breaks_using_cell_values': False,
                       'sort_classes_ascending': True,
                       'source_field_name': '<VALUE>',
                       'type': 'RasterClassifyColorRampRenderer',
                       'unique_values': {'ref_id': 21,
                                         'type': 'UniqueValues',
                                         'values': [[85.0, 2],
                                                    [85.61960784313726, 7],
                                                    [86.23921568627452, 183],
                                                    [86.85882352941178, 2304],
                                                    [87.47843137254904, 3223],
                                                    [88.0980392156863, 4218],
                                                    [88.71764705882356, 2819],
                                                    [89.33725490196082, 1797],
                                                    [89.95686274509808, 2174],
                                                    [90.57647058823534, 1955],
                                                    [91.1960784313726, 3281],
                                                    [91.81568627450986, 4092],
                                                    [92.43529411764712, 5710],
                                                    [93.05490196078438, 619],
                                                    [93.67450980392164, 300],
                                                    [94.2941176470589, 262],
                                                    [94.91372549019616, 289],
                                                    [95.53333333333342, 226],
                                                    [96.15294117647068, 211],
                                                    [96.77254901960794, 195],
                                                    [97.3921568627452, 181],
                                                    [98.01176470588246, 174],
                                                    [98.63137254901972, 165],
                                                    [99.25098039215698, 166],
                                                    [99.87058823529424, 243],
                                                    [100.4901960784315, 190],
                                                    [101.10980392156875, 245],
                                                    [101.72941176470601, 189],
                                                    [102.34901960784327, 192],
                                                    [102.96862745098053, 178],
                                                    [103.5882352941178, 190],
                                                    [104.20784313725505, 180],
                                                    [104.82745098039231, 269],
                                                    [105.44705882352957, 189],
                                                    [106.06666666666683, 211],
                                                    [106.6862745098041, 238],
                                                    [107.30588235294135, 274],
                                                    [107.92549019607861, 285],
                                                    [108.54509803921587, 246],
                                                    [109.16470588235313, 247],
                                                    [109.78431372549039, 305],
                                                    [110.40392156862765, 218],
                                                    [111.02352941176491, 212],
                                                    [111.64313725490217, 242],
                                                    [112.26274509803943, 227],
                                                    [112.88235294117669, 227],
                                                    [113.50196078431395, 244],
                                                    [114.12156862745121, 284],
                                                    [114.74117647058847, 376],
                                                    [115.36078431372573, 260],
                                                    [115.98039215686299, 271],
                                                    [116.60000000000025, 315],
                                                    [117.21960784313751, 402],
                                                    [117.83921568627477, 419],
                                                    [118.45882352941203, 359],
                                                    [119.07843137254929, 303],
                                                    [119.69803921568655, 429],
                                                    [120.31764705882381, 337],
                                                    [120.93725490196107, 403],
                                                    [121.55686274509833, 349],
                                                    [122.17647058823559, 393],
                                                    [122.79607843137285, 356],
                                                    [123.41568627451011, 376],
                                                    [124.03529411764737, 425],
                                                    [124.65490196078463, 528],
                                                    [125.27450980392189, 422],
                                                    [125.89411764705915, 404],
                                                    [126.5137254901964, 384],
                                                    [127.13333333333367, 379],
                                                    [127.75294117647093, 415],
                                                    [128.3725490196082, 425],
                                                    [128.99215686274545, 464],
                                                    [129.6117647058827, 560],
                                                    [130.23137254901997, 392],
                                                    [130.85098039215723, 456],
                                                    [131.47058823529449, 428],
                                                    [132.09019607843175, 411],
                                                    [132.709803921569, 442],
                                                    [133.32941176470626, 456],
                                                    [133.94901960784352, 413],
                                                    [134.56862745098078, 609],
                                                    [135.18823529411804, 414],
                                                    [135.8078431372553, 442],
                                                    [136.42745098039256, 432],
                                                    [137.04705882352982, 462],
                                                    [137.66666666666708, 495],
                                                    [138.28627450980434, 512],
                                                    [138.9058823529416, 550],
                                                    [139.52549019607886, 701],
                                                    [140.14509803921612, 493],
                                                    [140.76470588235338, 519],
                                                    [141.38431372549064, 501],
                                                    [142.0039215686279, 513],
                                                    [142.62352941176516, 533],
                                                    [143.24313725490242, 520],
                                                    [143.86274509803968, 488],
                                                    [144.48235294117694, 685],
                                                    [145.1019607843142, 483],
                                                    [145.72156862745146, 512],
                                                    [146.34117647058872, 523],
                                                    [146.96078431372598, 517],
                                                    [147.58039215686324, 482],
                                                    [148.2000000000005, 510],
                                                    [148.81960784313776, 498],
                                                    [149.43921568627502, 676],
                                                    [150.05882352941228, 497],
                                                    [150.67843137254954, 533],
                                                    [151.2980392156868, 484],
                                                    [151.91764705882406, 535],
                                                    [152.53725490196132, 498],
                                                    [153.15686274509858, 478],
                                                    [153.77647058823584, 497],
                                                    [154.3960784313731, 671],
                                                    [155.01568627451036, 462],
                                                    [155.63529411764762, 479],
                                                    [156.25490196078488, 501],
                                                    [156.87450980392214, 477],
                                                    [157.4941176470594, 477],
                                                    [158.11372549019666, 504],
                                                    [158.73333333333392, 460],
                                                    [159.35294117647118, 476],
                                                    [159.97254901960844, 680],
                                                    [160.5921568627457, 494],
                                                    [161.21176470588296, 479],
                                                    [161.83137254902022, 503],
                                                    [162.45098039215748, 478],
                                                    [163.07058823529474, 488],
                                                    [163.690196078432, 504],
                                                    [164.30980392156926, 480],
                                                    [164.92941176470651, 721],
                                                    [165.54901960784377, 458],
                                                    [166.16862745098103, 512],
                                                    [166.7882352941183, 486],
                                                    [167.40784313725555, 495],
                                                    [168.0274509803928, 514],
                                                    [168.64705882353007, 519],
                                                    [169.26666666666733, 525],
                                                    [169.8862745098046, 697],
                                                    [170.50588235294185, 550],
                                                    [171.1254901960791, 501],
                                                    [171.74509803921637, 537],
                                                    [172.36470588235363, 530],
                                                    [172.9843137254909, 532],
                                                    [173.60392156862815, 539],
                                                    [174.2235294117654, 547],
                                                    [174.84313725490267, 739],
                                                    [175.46274509803993, 579],
                                                    [176.0823529411772, 569],
                                                    [176.70196078431445, 573],
                                                    [177.3215686274517, 606],
                                                    [177.94117647058897, 614],
                                                    [178.56078431372623, 608],
                                                    [179.1803921568635, 634],
                                                    [179.80000000000075, 837],
                                                    [180.419607843138, 678],
                                                    [181.03921568627527, 689],
                                                    [181.65882352941253, 653],
                                                    [182.2784313725498, 674],
                                                    [182.89803921568705, 692],
                                                    [183.5176470588243, 756],
                                                    [184.13725490196157, 740],
                                                    [184.75686274509883, 967],
                                                    [185.3764705882361, 741],
                                                    [185.99607843137335, 756],
                                                    [186.6156862745106, 683],
                                                    [187.23529411764787, 711],
                                                    [187.85490196078513, 790],
                                                    [188.4745098039224, 657],
                                                    [189.09411764705965, 678],
                                                    [189.7137254901969, 832],
                                                    [190.33333333333417, 730],
                                                    [190.95294117647143, 743],
                                                    [191.5725490196087, 700],
                                                    [192.19215686274595, 656],
                                                    [192.8117647058832, 668],
                                                    [193.43137254902047, 646],
                                                    [194.05098039215773, 628],
                                                    [194.67058823529499, 801],
                                                    [195.29019607843225, 614],
                                                    [195.9098039215695, 656],
                                                    [196.52941176470677, 637],
                                                    [197.14901960784402, 637],
                                                    [197.76862745098128, 657],
                                                    [198.38823529411854, 748],
                                                    [199.0078431372558, 615],
                                                    [199.62745098039306, 667],
                                                    [200.24705882353032, 428],
                                                    [200.86666666666758, 455],
                                                    [201.48627450980484, 431],
                                                    [202.1058823529421, 458],
                                                    [202.72549019607936, 440],
                                                    [203.34509803921662, 524],
                                                    [203.96470588235388, 622],
                                                    [204.58431372549114, 709],
                                                    [205.2039215686284, 545],
                                                    [205.82352941176566, 417],
                                                    [206.44313725490292, 311],
                                                    [207.06274509804018, 262],
                                                    [207.68235294117744, 268],
                                                    [208.3019607843147, 271],
                                                    [208.92156862745196, 272],
                                                    [209.54117647058922, 344],
                                                    [210.16078431372648, 271],
                                                    [210.78039215686374, 298],
                                                    [211.400000000001, 293],
                                                    [212.01960784313826, 273],
                                                    [212.63921568627552, 348],
                                                    [213.25882352941278, 345],
                                                    [213.87843137255004, 353],
                                                    [214.4980392156873, 405],
                                                    [215.11764705882456, 227],
                                                    [215.73725490196182, 174],
                                                    [216.35686274509908, 190],
                                                    [216.97647058823634, 174],
                                                    [217.5960784313736, 181],
                                                    [218.21568627451086, 194],
                                                    [218.83529411764812, 204],
                                                    [219.45490196078538, 284],
                                                    [220.07450980392264, 213],
                                                    [220.6941176470599, 217],
                                                    [221.31372549019716, 211],
                                                    [221.93333333333442, 200],
                                                    [222.55294117647168, 216],
                                                    [223.17254901960894, 240],
                                                    [223.7921568627462, 301],
                                                    [224.41176470588346, 329],
                                                    [225.03137254902072, 244],
                                                    [225.65098039215798, 136],
                                                    [226.27058823529524, 118],
                                                    [226.8901960784325, 99],
                                                    [227.50980392156976, 110],
                                                    [228.12941176470702, 100],
                                                    [228.74901960784428, 98],
                                                    [229.36862745098153, 100],
                                                    [229.9882352941188, 106],
                                                    [230.60784313725605, 97],
                                                    [231.22745098039331, 84],
                                                    [231.84705882353057, 86],
                                                    [232.46666666666783, 89],
                                                    [233.0862745098051, 91],
                                                    [233.70588235294235, 88],
                                                    [234.3254901960796, 103],
                                                    [234.94509803921687, 110],
                                                    [235.56470588235413, 107],
                                                    [236.1843137254914, 93],
                                                    [236.80392156862865, 112],
                                                    [237.4235294117659, 142],
                                                    [238.04313725490317, 131],
                                                    [238.66274509804043, 117],
                                                    [239.2823529411777, 102],
                                                    [239.90196078431495, 26],
                                                    [240.5215686274522, 3],
                                                    [241.14117647058947, 1],
                                                    [241.76078431372673, 1],
                                                    [243.0, 1]],
                                         'version': 1},
                       'use_hillshade': False,
                       'version': 5},
          'show_map_tips': False,
          'show_resolution_in_toc': False,
          'stored_zoom_max': 0.0,
          'stored_zoom_min': 0.0,
          'time_data_changes_regularly': False,
          'time_enabled': False,
          'time_offset': 0.0,
          'time_offset_units': 'years',
          'time_step': 0.0,
          'time_step_units': 'hours',
          'transform': {'ref_id': 27,
                        'transforms': [],
                        'type': 'CompositeXForm',
                        'version': 2},
          'transparency': 0,
          'type': 'RasterLayer',
          'version': 18,
          'visible': True,
          'weight': 200.0,
          'zoom_max': 0.0,
          'zoom_min': 0.0}}
