{'root': {'allow_interactive_display': False,
          'cached': False,
          'custom_extent': None,
          'dataset_name': {'file_name': 'dem.tif',
                           'path': 'RASTER: Workspace = C:\\temp\\; '
                                   'RasterDataset = dem.tif;',
                           'ref_id': 1,
                           'type': 'RasterDatasetName',
                           'version': 4,
                           'workspace_name': {'browse_name': 'Raster Data',
                                              'connection_properties': {'DATABASE': 'C:\\temp\\',
                                                                        'ref_id': 3,
                                                                        'type': 'PropertySet',
                                                                        'version': 1},
                                              'name': 'C:\\temp\\',
                                              'name_string': 'Raster Workspace '
                                                             '= C:\\temp\\;',
                                              'path_name': '',
                                              'ref_id': 2,
                                              'type': 'WorkspaceName',
                                              'version': 1,
                                              'workspace_factory': {'type': 'RasterWorkspaceFactory',
                                                                    'version': 1},
                                              'workspace_type': 'ESRI_FILESYSTEM_WORKSPACE'}},
          'description': '',
          'extensions': [{'properties': {'ServiceLayerID': 15,
                                         'ref_id': 13,
                                         'type': 'PropertySet',
                                         'version': 1},
                          'ref_id': 12,
                          'type': 'ServerLayerExtension',
                          'version': 1}],
          'extent': {'crs': {'is_high_precision': True,
                             'm_origin': -100000.0,
                             'm_scale': 10000.0,
                             'm_tolerance': 0.001,
                             'ref_id': 18,
                             'type': 'GeographicCoordinateSystem',
                             'version': 7,
                             'wkt': 'GEOGCS["GCS_WGS_1984",DATUM["D_WGS_1984",SPHEROID["WGS_1984",6378137.0,298.257223563]],PRIMEM["Greenwich",0.0],UNIT["Degree",0.0174532925199433]]',
                             'x_origin': -400.0,
                             'xy_scale': 11258999068426.238,
                             'xy_tolerance': 8.983152841195215e-09,
                             'y_origin': -400.0,
                             'z_origin': -100000.0,
                             'z_scale': 10000.0,
                             'z_tolerance': 0.001},
                     'ref_id': 19,
                     'type': 'Envelope',
                     'version': 3,
                     'x_max': 18.703597944199995,
                     'x_min': 18.6662979442,
                     'y_max': 45.81170143759999,
                     'y_min': 45.776701437599996},
          'extent_bottom': 5744637.392733738,
          'extent_left': 2077922.7821438734,
          'extent_right': 2082074.999150462,
          'extent_top': 5750225.419064212,
          'file': 'dem.tif',
          'histogram': None,
          'joins': [],
          'path': '.',
          'ref_id': 0,
          'relations': [],
          'render_quality_percent': 100,
          'renderer': {'alpha_band': None,
                       'alpha_checked': False,
                       'brightness': 0,
                       'color_ramp': {'part_lengths': [1.0, 1.0],
                                      'parts': [{'algorithm': 1,
                                                 'color1': {'B': 16,
                                                            'G': 204,
                                                            'R': 32,
                                                            'dither': False,
                                                            'is_null': False,
                                                            'ref_id': 7,
                                                            'type': 'HsvColor',
                                                            'version': 1},
                                                 'color2': {'B': 242,
                                                            'G': 242,
                                                            'R': 0,
                                                            'dither': False,
                                                            'is_null': False,
                                                            'ref_id': 8,
                                                            'type': 'HsvColor',
                                                            'version': 1},
                                                 'ref_id': 6,
                                                 'type': 'AlgorithmicColorRamp',
                                                 'version': 1},
                                                {'algorithm': 1,
                                                 'color1': {'B': 242,
                                                            'G': 242,
                                                            'R': 0,
                                                            'dither': False,
                                                            'is_null': False,
                                                            'ref_id': 10,
                                                            'type': 'HsvColor',
                                                            'version': 1},
                                                 'color2': {'B': 227,
                                                            'G': 32,
                                                            'R': 0,
                                                            'dither': False,
                                                            'is_null': False,
                                                            'ref_id': 11,
                                                            'type': 'HsvColor',
                                                            'version': 1},
                                                 'ref_id': 9,
                                                 'type': 'AlgorithmicColorRamp',
                                                 'version': 1}],
                                      'ref_id': 5,
                                      'type': 'MultiPartColorRamp',
                                      'version': 2},
                       'contrast': 0,
                       'nodata_color': {'B': 255,
                                        'G': 255,
                                        'R': 255,
                                        'dither': False,
                                        'is_null': True,
                                        'type': 'RgbColor',
                                        'version': 1},
                       'number_of_colors': 255,
                       'primary_display_field': False,
                       'ramp_name': 'Green to Blue',
                       'ref_id': 4,
                       'resampling_type': 'nearest_neighbor',
                       'type': 'RasterDiscreteColorRenderer',
                       'version': 1},
          'show_map_tips': False,
          'show_resolution_in_toc': False,
          'stored_zoom_max': 0.0,
          'stored_zoom_min': 0.0,
          'time_data_changes_regularly': False,
          'time_enabled': False,
          'time_offset': 0.0,
          'time_offset_units': 'years',
          'time_step': 0.0,
          'time_step_units': 'hours',
          'transform': {'ref_id': 14,
                        'transforms': [],
                        'type': 'CompositeXForm',
                        'version': 2},
          'transparency': 0,
          'type': 'RasterLayer',
          'version': 18,
          'visible': True,
          'weight': 200.0,
          'zoom_max': 0.0,
          'zoom_min': 0.0}}
