{'root': {'allow_interactive_display': False,
          'cached': False,
          'custom_extent': None,
          'dataset_name': {'file_name': 'landsat.tif',
                           'path': 'RASTER: Workspace = C:\\temp\\; '
                                   'RasterDataset = landsat.tif;',
                           'ref_id': 1,
                           'type': 'RasterDatasetName',
                           'version': 4,
                           'workspace_name': {'browse_name': 'Raster Data',
                                              'connection_properties': {'DATABASE': 'C:\\temp\\',
                                                                        'ref_id': 3,
                                                                        'type': 'PropertySet',
                                                                        'version': 1},
                                              'name': 'C:\\temp\\',
                                              'name_string': 'Raster Workspace '
                                                             '= C:\\temp\\;',
                                              'path_name': '',
                                              'ref_id': 2,
                                              'type': 'WorkspaceName',
                                              'version': 1,
                                              'workspace_factory': {'type': 'RasterWorkspaceFactory',
                                                                    'version': 1},
                                              'workspace_type': 'ESRI_FILESYSTEM_WORKSPACE'}},
          'description': '',
          'extensions': [{'properties': {'ServiceLayerID': 5,
                                         'ref_id': 10,
                                         'type': 'PropertySet',
                                         'version': 1},
                          'ref_id': 9,
                          'type': 'ServerLayerExtension',
                          'version': 1}],
          'extent': {'crs': {'is_high_precision': True,
                             'm_origin': -100000.0,
                             'm_scale': 10000.0,
                             'm_tolerance': 0.001,
                             'ref_id': 15,
                             'type': 'ProjectedCoordinateSystem',
                             'version': 6,
                             'wkt': 'PROJCS["WGS_1984_UTM_Zone_33N",GEOGCS["GCS_WGS_1984",DATUM["D_WGS_1984",SPHEROID["WGS_1984",6378137.0,298.257223563]],PRIMEM["Greenwich",0.0],UNIT["Degree",0.0174532925199433]],PROJECTION["Transverse_Mercator"],PARAMETER["False_Easting",500000.0],PARAMETER["False_Northing",0.0],PARAMETER["Central_Meridian",15.0],PARAMETER["Scale_Factor",0.9996],PARAMETER["Latitude_Of_Origin",0.0],UNIT["Meter",1.0]]',
                             'x_origin': -5120900.0,
                             'xy_scale': 450445547.3910538,
                             'xy_tolerance': 0.001,
                             'y_origin': -9998100.0,
                             'z_origin': -100000.0,
                             'z_scale': 10000.0,
                             'z_tolerance': 0.001},
                     'ref_id': 16,
                     'type': 'Envelope',
                     'version': 3,
                     'x_max': 793062.375,
                     'x_min': 781662.375,
                     'y_max': 3350923.125,
                     'y_min': 3339523.125},
          'extent_bottom': 4904428.882224145,
          'extent_left': 2180785.941944359,
          'extent_right': 2194369.026699893,
          'extent_top': 4918011.962323937,
          'file': 'landsat.tif',
          'histogram': None,
          'joins': [],
          'path': '.',
          'ref_id': 0,
          'relations': [],
          'render_quality_percent': 100,
          'renderer': {'alpha_band': 1,
                       'alpha_checked': False,
                       'apply_gamma': False,
                       'background_color': {'B': 255,
                                            'G': 255,
                                            'R': 255,
                                            'dither': False,
                                            'is_null': True,
                                            'type': 'RgbColor',
                                            'version': 1},
                       'background_value_blue': 0.0,
                       'background_value_green': 0.0,
                       'background_value_red': 0.0,
                       'blue_band': 3,
                       'blue_checked': True,
                       'blue_gamma': 1.0,
                       'brightness': 0,
                       'contrast': 0,
                       'contrast_parameters': {'components': [-1.7976931348623157e+308,
                                                              -1.7976931348623157e+308,
                                                              -1.7976931348623157e+308],
                                               'ref_id': 8,
                                               'type': 'RasterRgbRendererColorComponents',
                                               'version': 1},
                       'display_background_value': False,
                       'green_band': 2,
                       'green_checked': True,
                       'green_gamma': 1.0,
                       'invert_stretch': False,
                       'mean_parameters': {'components': [-1.7976931348623157e+308,
                                                          -1.7976931348623157e+308,
                                                          -1.7976931348623157e+308],
                                           'ref_id': 7,
                                           'type': 'RasterRgbRendererColorComponents',
                                           'version': 1},
                       'nodata_color': {'B': 255,
                                        'G': 255,
                                        'R': 255,
                                        'dither': False,
                                        'is_null': True,
                                        'type': 'RgbColor',
                                        'version': 1},
                       'pansharpening_enabled': False,
                       'pansharpening_properties': None,
                       'primary_display_field': False,
                       'red_band': 1,
                       'red_checked': True,
                       'red_gamma': 1.0,
                       'ref_id': 4,
                       'resampling_type': 'nearest_neighbor',
                       'sigmoid_strength': 3,
                       'stats_type': 'dataset',
                       'stretch_high': 2.0,
                       'stretch_low': 2.0,
                       'stretch_standard_deviations': 2.5,
                       'stretch_type': 'stdev',
                       'type': 'RasterRGBRenderer',
                       'version': 10},
          'show_map_tips': False,
          'show_resolution_in_toc': False,
          'stored_zoom_max': 0.0,
          'stored_zoom_min': 0.0,
          'time_data_changes_regularly': False,
          'time_enabled': False,
          'time_offset': 0.0,
          'time_offset_units': 'years',
          'time_step': 0.0,
          'time_step_units': 'hours',
          'transform': {'ref_id': 11,
                        'transforms': [],
                        'type': 'CompositeXForm',
                        'version': 2},
          'transparency': 0,
          'type': 'RasterLayer',
          'version': 18,
          'visible': True,
          'weight': 200.0,
          'zoom_max': 0.0,
          'zoom_min': 0.0}}
