{'root': {'allow_interactive_display': False,
          'cached': False,
          'custom_extent': None,
          'dataset_name': {'file_name': 'raster_6class.tif',
                           'path': 'RASTER: Workspace = C:\\temp\\; '
                                   'RasterDataset = raster_6class.tif;',
                           'ref_id': 1,
                           'type': 'RasterDatasetName',
                           'version': 4,
                           'workspace_name': {'browse_name': 'Raster Data',
                                              'connection_properties': {'DATABASE': 'C:\\temp\\',
                                                                        'ref_id': 3,
                                                                        'type': 'PropertySet',
                                                                        'version': 1},
                                              'name': 'C:\\temp\\',
                                              'name_string': 'Raster Workspace '
                                                             '= C:\\temp\\;',
                                              'path_name': '',
                                              'ref_id': 2,
                                              'type': 'WorkspaceName',
                                              'version': 1,
                                              'workspace_factory': {'type': 'RasterWorkspaceFactory',
                                                                    'version': 1},
                                              'workspace_type': 'ESRI_FILESYSTEM_WORKSPACE'}},
          'description': '',
          'extensions': [{'properties': {'ServiceLayerID': 25,
                                         'ref_id': 41,
                                         'type': 'PropertySet',
                                         'version': 1},
                          'ref_id': 40,
                          'type': 'ServerLayerExtension',
                          'version': 1}],
          'extent': {'crs': {'is_high_precision': True,
                             'm_origin': -100000.0,
                             'm_scale': 10000.0,
                             'm_tolerance': 0.001,
                             'ref_id': 46,
                             'type': 'ProjectedCoordinateSystem',
                             'version': 6,
                             'wkt': 'PROJCS["grs80_Lambert_Conformal_Conic",GEOGCS["GCS_grs80",DATUM["D_unknown",SPHEROID["Geodetic_Reference_System_1980",6378137.0,298.257222101]],PRIMEM["Greenwich",0.0],UNIT["Degree",0.0174532925199433]],PROJECTION["Lambert_Conformal_Conic"],PARAMETER["false_easting",700000.0],PARAMETER["false_northing",6600000.0],PARAMETER["central_meridian",3.0],PARAMETER["standard_parallel_1",44.0],PARAMETER["standard_parallel_2",49.0],PARAMETER["latitude_of_origin",46.5],UNIT["Meter",1.0]]',
                             'x_origin': -35597500.0,
                             'xy_scale': 124074650.52332792,
                             'xy_tolerance': 0.001,
                             'y_origin': -23641900.0,
                             'z_origin': -100000.0,
                             'z_scale': 10000.0,
                             'z_tolerance': 0.001},
                     'ref_id': 47,
                     'type': 'Envelope',
                     'version': 3,
                     'x_max': 358400.0,
                     'x_min': 344500.0,
                     'y_max': 6693700.0,
                     'y_min': 6682800.0},
          'extent_bottom': 5966648.433855438,
          'extent_left': -189560.0273558416,
          'extent_right': -168219.9892416914,
          'extent_top': 5983895.131182463,
          'file': 'raster_6class.tif',
          'histogram': None,
          'joins': [],
          'path': '.',
          'ref_id': 0,
          'relations': [],
          'render_quality_percent': 100,
          'renderer': {'all_other_legend_label': '<all other values>',
                       'all_other_symbol': {'color': {'B': 47,
                                                      'G': 242,
                                                      'R': 223,
                                                      'dither': False,
                                                      'is_null': False,
                                                      'ref_id': 6,
                                                      'type': 'RgbColor',
                                                      'version': 1},
                                            'enabled': True,
                                            'locked': False,
                                            'ref_id': 5,
                                            'symbol_level': 0,
                                            'type': 'ColorSymbol',
                                            'version': 1},
                       'all_other_values_checked': False,
                       'alpha_band': None,
                       'alpha_checked': False,
                       'backup_value_count': [],
                       'brightness': 0,
                       'contrast': 0,
                       'legend_groups': [{'classes': [{'description': '',
                                                       'feature_count': None,
                                                       'format': None,
                                                       'label': 'label 1',
                                                       'ref_id': 8,
                                                       'symbol': {'color': {'B': 200,
                                                                            'G': 219,
                                                                            'R': 31,
                                                                            'dither': False,
                                                                            'is_null': False,
                                                                            'ref_id': 12,
                                                                            'type': 'HsvColor',
                                                                            'version': 1},
                                                                  'enabled': True,
                                                                  'fill_style': 'solid',
                                                                  'locked': False,
                                                                  'outline': {'color': {'B': 110,
                                                                                        'G': 110,
                                                                                        'R': 110,
                                                                                        'dither': True,
                                                                                        'is_null': False,
                                                                                        'ref_id': 11,
                                                                                        'type': 'RgbColor',
                                                                                        'version': 1},
                                                                              'enabled': True,
                                                                              'line_type': 'solid',
                                                                              'locked': False,
                                                                              'ref_id': 10,
                                                                              'symbol_level': 0,
                                                                              'type': 'SimpleLineSymbol',
                                                                              'version': 1,
                                                                              'width': 1.0},
                                                                  'ref_id': 9,
                                                                  'symbol_level': 0,
                                                                  'type': 'SimpleFillSymbol',
                                                                  'version': 1},
                                                       'type': 'LegendClass',
                                                       'version': 2},
                                                      {'description': '',
                                                       'feature_count': None,
                                                       'format': None,
                                                       'label': 'label 2',
                                                       'ref_id': 13,
                                                       'symbol': {'color': {'B': 181,
                                                                            'G': 31,
                                                                            'R': 86,
                                                                            'dither': False,
                                                                            'is_null': False,
                                                                            'ref_id': 17,
                                                                            'type': 'HsvColor',
                                                                            'version': 1},
                                                                  'enabled': True,
                                                                  'fill_style': 'solid',
                                                                  'locked': False,
                                                                  'outline': {'color': {'B': 110,
                                                                                        'G': 110,
                                                                                        'R': 110,
                                                                                        'dither': True,
                                                                                        'is_null': False,
                                                                                        'ref_id': 16,
                                                                                        'type': 'RgbColor',
                                                                                        'version': 1},
                                                                              'enabled': True,
                                                                              'line_type': 'solid',
                                                                              'locked': False,
                                                                              'ref_id': 15,
                                                                              'symbol_level': 0,
                                                                              'type': 'SimpleLineSymbol',
                                                                              'version': 1,
                                                                              'width': 1.0},
                                                                  'ref_id': 14,
                                                                  'symbol_level': 0,
                                                                  'type': 'SimpleFillSymbol',
                                                                  'version': 1},
                                                       'type': 'LegendClass',
                                                       'version': 2},
                                                      {'description': '',
                                                       'feature_count': None,
                                                       'format': None,
                                                       'label': 'label 3',
                                                       'ref_id': 18,
                                                       'symbol': {'color': {'B': 0,
                                                                            'G': 60,
                                                                            'R': 235,
                                                                            'dither': False,
                                                                            'is_null': False,
                                                                            'ref_id': 22,
                                                                            'type': 'HsvColor',
                                                                            'version': 1},
                                                                  'enabled': True,
                                                                  'fill_style': 'solid',
                                                                  'locked': False,
                                                                  'outline': {'color': {'B': 110,
                                                                                        'G': 110,
                                                                                        'R': 110,
                                                                                        'dither': True,
                                                                                        'is_null': False,
                                                                                        'ref_id': 21,
                                                                                        'type': 'RgbColor',
                                                                                        'version': 1},
                                                                              'enabled': True,
                                                                              'line_type': 'solid',
                                                                              'locked': False,
                                                                              'ref_id': 20,
                                                                              'symbol_level': 0,
                                                                              'type': 'SimpleLineSymbol',
                                                                              'version': 1,
                                                                              'width': 1.0},
                                                                  'ref_id': 19,
                                                                  'symbol_level': 0,
                                                                  'type': 'SimpleFillSymbol',
                                                                  'version': 1},
                                                       'type': 'LegendClass',
                                                       'version': 2},
                                                      {'description': '',
                                                       'feature_count': None,
                                                       'format': None,
                                                       'label': 'label 4',
                                                       'ref_id': 23,
                                                       'symbol': {'color': {'B': 7,
                                                                            'G': 227,
                                                                            'R': 198,
                                                                            'dither': False,
                                                                            'is_null': False,
                                                                            'ref_id': 27,
                                                                            'type': 'HsvColor',
                                                                            'version': 1},
                                                                  'enabled': True,
                                                                  'fill_style': 'solid',
                                                                  'locked': False,
                                                                  'outline': {'color': {'B': 110,
                                                                                        'G': 110,
                                                                                        'R': 110,
                                                                                        'dither': True,
                                                                                        'is_null': False,
                                                                                        'ref_id': 26,
                                                                                        'type': 'RgbColor',
                                                                                        'version': 1},
                                                                              'enabled': True,
                                                                              'line_type': 'solid',
                                                                              'locked': False,
                                                                              'ref_id': 25,
                                                                              'symbol_level': 0,
                                                                              'type': 'SimpleLineSymbol',
                                                                              'version': 1,
                                                                              'width': 1.0},
                                                                  'ref_id': 24,
                                                                  'symbol_level': 0,
                                                                  'type': 'SimpleFillSymbol',
                                                                  'version': 1},
                                                       'type': 'LegendClass',
                                                       'version': 2},
                                                      {'description': '',
                                                       'feature_count': None,
                                                       'format': None,
                                                       'label': 'label 5',
                                                       'ref_id': 28,
                                                       'symbol': {'color': {'B': 54,
                                                                            'G': 56,
                                                                            'R': 76,
                                                                            'dither': False,
                                                                            'is_null': False,
                                                                            'ref_id': 32,
                                                                            'type': 'HsvColor',
                                                                            'version': 1},
                                                                  'enabled': True,
                                                                  'fill_style': 'solid',
                                                                  'locked': False,
                                                                  'outline': {'color': {'B': 110,
                                                                                        'G': 110,
                                                                                        'R': 110,
                                                                                        'dither': True,
                                                                                        'is_null': False,
                                                                                        'ref_id': 31,
                                                                                        'type': 'RgbColor',
                                                                                        'version': 1},
                                                                              'enabled': True,
                                                                              'line_type': 'solid',
                                                                              'locked': False,
                                                                              'ref_id': 30,
                                                                              'symbol_level': 0,
                                                                              'type': 'SimpleLineSymbol',
                                                                              'version': 1,
                                                                              'width': 1.0},
                                                                  'ref_id': 29,
                                                                  'symbol_level': 0,
                                                                  'type': 'SimpleFillSymbol',
                                                                  'version': 1},
                                                       'type': 'LegendClass',
                                                       'version': 2},
                                                      {'description': '',
                                                       'feature_count': None,
                                                       'format': None,
                                                       'label': 'label 6',
                                                       'ref_id': 33,
                                                       'symbol': {'color': {'B': 132,
                                                                            'G': 57,
                                                                            'R': 237,
                                                                            'dither': False,
                                                                            'is_null': False,
                                                                            'ref_id': 37,
                                                                            'type': 'HsvColor',
                                                                            'version': 1},
                                                                  'enabled': True,
                                                                  'fill_style': 'solid',
                                                                  'locked': False,
                                                                  'outline': {'color': {'B': 110,
                                                                                        'G': 110,
                                                                                        'R': 110,
                                                                                        'dither': True,
                                                                                        'is_null': False,
                                                                                        'ref_id': 36,
                                                                                        'type': 'RgbColor',
                                                                                        'version': 1},
                                                                              'enabled': True,
                                                                              'line_type': 'solid',
                                                                              'locked': False,
                                                                              'ref_id': 35,
                                                                              'symbol_level': 0,
                                                                              'type': 'SimpleLineSymbol',
                                                                              'version': 1,
                                                                              'width': 1.0},
                                                                  'ref_id': 34,
                                                                  'symbol_level': 0,
                                                                  'type': 'SimpleFillSymbol',
                                                                  'version': 1},
                                                       'type': 'LegendClass',
                                                       'version': 2}],
                                          'editable_or_expanded': True,
                                          'heading': '',
                                          'ref_id': 7,
                                          'type': 'LegendGroup',
                                          'version': 3,
                                          'visible': True}],
                       'nodata_color': {'B': 255,
                                        'G': 255,
                                        'R': 255,
                                        'dither': False,
                                        'is_null': True,
                                        'type': 'RgbColor',
                                        'version': 1},
                       'primary_display_field': False,
                       'ramp': {'hue_range': [0, 360],
                                'ref_id': 39,
                                'same_everywhere': False,
                                'saturation_range': [0, 100],
                                'type': 'RandomColorRamp',
                                'value_range': [0, 100],
                                'version': 1},
                       'ramp_name': 'Random Color Ramp',
                       'ref_id': 4,
                       'resampling_type': 'nearest_neighbor',
                       'type': 'RasterUniqueValueRenderer',
                       'unique_values': {'ref_id': 38,
                                         'type': 'UniqueValues',
                                         'values': [[1, 1999],
                                                    [2, 920],
                                                    [3, 2110],
                                                    [4, 3010],
                                                    [5, 1960],
                                                    [6, 5001]],
                                         'version': 1},
                       'value_name': 'Value',
                       'values': [[1.0], [2.0], [3.0], [4.0], [5.0], [6.0]],
                       'version': 4},
          'show_map_tips': False,
          'show_resolution_in_toc': False,
          'stored_zoom_max': 0.0,
          'stored_zoom_min': 0.0,
          'time_data_changes_regularly': False,
          'time_enabled': False,
          'time_offset': 0.0,
          'time_offset_units': 'years',
          'time_step': 0.0,
          'time_step_units': 'hours',
          'transform': {'ref_id': 42,
                        'transforms': [],
                        'type': 'CompositeXForm',
                        'version': 2},
          'transparency': 0,
          'type': 'RasterLayer',
          'version': 18,
          'visible': True,
          'weight': 200.0,
          'zoom_max': 0.0,
          'zoom_min': 0.0}}
