{'root': {'allow_interactive_display': False,
          'cached': False,
          'custom_extent': None,
          'dataset_name': {'band': 8,
                           'dataset_name': {'file_name': 'landsat_4326.tif',
                                            'path': 'RASTER: Workspace = '
                                                    'C:\\temp\\; RasterDataset '
                                                    '= landsat_4326.tif;',
                                            'ref_id': 2,
                                            'type': 'RasterDatasetName',
                                            'version': 4,
                                            'workspace_name': {'browse_name': 'Raster '
                                                                              'Data',
                                                               'connection_properties': {'DATABASE': 'C:\\temp\\',
                                                                                         'ref_id': 4,
                                                                                         'type': 'PropertySet',
                                                                                         'version': 1},
                                                               'name': 'C:\\temp\\',
                                                               'name_string': 'Raster '
                                                                              'Workspace '
                                                                              '= '
                                                                              'C:\\temp\\;',
                                                               'path_name': '',
                                                               'ref_id': 3,
                                                               'type': 'WorkspaceName',
                                                               'version': 1,
                                                               'workspace_factory': {'type': 'RasterWorkspaceFactory',
                                                                                     'version': 1},
                                                               'workspace_type': 'ESRI_FILESYSTEM_WORKSPACE'}},
                           'ref_id': 1,
                           'type': 'RasterBandName',
                           'version': 1},
          'description': '',
          'extensions': [{'properties': {'ServiceLayerID': 1,
                                         'ref_id': 47,
                                         'type': 'PropertySet',
                                         'version': 1},
                          'ref_id': 46,
                          'type': 'ServerLayerExtension',
                          'version': 1}],
          'extent': {'crs': {'is_high_precision': True,
                             'm_origin': -100000.0,
                             'm_scale': 10000.0,
                             'm_tolerance': 0.001,
                             'ref_id': 49,
                             'type': 'GeographicCoordinateSystem',
                             'version': 7,
                             'wkt': 'GEOGCS["GCS_WGS_1984",DATUM["D_WGS_1984",SPHEROID["WGS_1984",6378137.0,298.257223563]],PRIMEM["Greenwich",0.0],UNIT["Degree",0.0174532925199433]]',
                             'x_origin': -400.0,
                             'xy_scale': 11258999068426.238,
                             'xy_tolerance': 8.983152841195215e-09,
                             'y_origin': -400.0,
                             'z_origin': -100000.0,
                             'z_scale': 10000.0,
                             'z_tolerance': 0.001},
                     'ref_id': 50,
                     'type': 'Envelope',
                     'version': 3,
                     'x_max': 17.944711316801786,
                     'x_min': 17.942776656861874,
                     'y_max': 30.23161581671292,
                     'y_min': 30.229681156773008},
          'extent_bottom': 30.229681156773008,
          'extent_left': 17.942776656861874,
          'extent_right': 17.944711316801786,
          'extent_top': 30.23161581671292,
          'file': 'landsat_4326.tif - Band_8',
          'histogram': None,
          'joins': [],
          'path': '.',
          'ref_id': 0,
          'relations': [],
          'render_quality_percent': 100,
          'renderer': {'all_other_legend_label': '<all other values>',
                       'all_other_symbol': {'color': {'B': 198,
                                                      'G': 51,
                                                      'R': 39,
                                                      'dither': False,
                                                      'is_null': False,
                                                      'ref_id': 7,
                                                      'type': 'RgbColor',
                                                      'version': 1},
                                            'enabled': True,
                                            'locked': False,
                                            'ref_id': 6,
                                            'symbol_level': 0,
                                            'type': 'ColorSymbol',
                                            'version': 1},
                       'all_other_values_checked': False,
                       'alpha_band': None,
                       'alpha_checked': False,
                       'backup_value_count': [],
                       'brightness': 0,
                       'contrast': 0,
                       'legend_groups': [{'classes': [{'description': '',
                                                       'feature_count': None,
                                                       'format': None,
                                                       'label': '209',
                                                       'ref_id': 9,
                                                       'symbol': {'color': {'B': 135,
                                                                            'G': 15,
                                                                            'R': 121,
                                                                            'dither': False,
                                                                            'is_null': False,
                                                                            'ref_id': 13,
                                                                            'type': 'HsvColor',
                                                                            'version': 1},
                                                                  'enabled': True,
                                                                  'fill_style': 'solid',
                                                                  'locked': False,
                                                                  'outline': {'color': {'B': 110,
                                                                                        'G': 110,
                                                                                        'R': 110,
                                                                                        'dither': True,
                                                                                        'is_null': False,
                                                                                        'ref_id': 12,
                                                                                        'type': 'RgbColor',
                                                                                        'version': 1},
                                                                              'enabled': True,
                                                                              'line_type': 'solid',
                                                                              'locked': False,
                                                                              'ref_id': 11,
                                                                              'symbol_level': 0,
                                                                              'type': 'SimpleLineSymbol',
                                                                              'version': 1,
                                                                              'width': 1.0},
                                                                  'ref_id': 10,
                                                                  'symbol_level': 0,
                                                                  'type': 'SimpleFillSymbol',
                                                                  'version': 1},
                                                       'type': 'LegendClass',
                                                       'version': 2},
                                                      {'description': '',
                                                       'feature_count': None,
                                                       'format': None,
                                                       'label': '213',
                                                       'ref_id': 14,
                                                       'symbol': {'color': {'B': 50,
                                                                            'G': 214,
                                                                            'R': 28,
                                                                            'dither': False,
                                                                            'is_null': False,
                                                                            'ref_id': 18,
                                                                            'type': 'HsvColor',
                                                                            'version': 1},
                                                                  'enabled': True,
                                                                  'fill_style': 'solid',
                                                                  'locked': False,
                                                                  'outline': {'color': {'B': 110,
                                                                                        'G': 110,
                                                                                        'R': 110,
                                                                                        'dither': True,
                                                                                        'is_null': False,
                                                                                        'ref_id': 17,
                                                                                        'type': 'RgbColor',
                                                                                        'version': 1},
                                                                              'enabled': True,
                                                                              'line_type': 'solid',
                                                                              'locked': False,
                                                                              'ref_id': 16,
                                                                              'symbol_level': 0,
                                                                              'type': 'SimpleLineSymbol',
                                                                              'version': 1,
                                                                              'width': 1.0},
                                                                  'ref_id': 15,
                                                                  'symbol_level': 0,
                                                                  'type': 'SimpleFillSymbol',
                                                                  'version': 1},
                                                       'type': 'LegendClass',
                                                       'version': 2},
                                                      {'description': '',
                                                       'feature_count': None,
                                                       'format': None,
                                                       'label': '217',
                                                       'ref_id': 19,
                                                       'symbol': {'color': {'B': 104,
                                                                            'G': 171,
                                                                            'R': 247,
                                                                            'dither': False,
                                                                            'is_null': False,
                                                                            'ref_id': 23,
                                                                            'type': 'HsvColor',
                                                                            'version': 1},
                                                                  'enabled': True,
                                                                  'fill_style': 'solid',
                                                                  'locked': False,
                                                                  'outline': {'color': {'B': 110,
                                                                                        'G': 110,
                                                                                        'R': 110,
                                                                                        'dither': True,
                                                                                        'is_null': False,
                                                                                        'ref_id': 22,
                                                                                        'type': 'RgbColor',
                                                                                        'version': 1},
                                                                              'enabled': True,
                                                                              'line_type': 'solid',
                                                                              'locked': False,
                                                                              'ref_id': 21,
                                                                              'symbol_level': 0,
                                                                              'type': 'SimpleLineSymbol',
                                                                              'version': 1,
                                                                              'width': 1.0},
                                                                  'ref_id': 20,
                                                                  'symbol_level': 0,
                                                                  'type': 'SimpleFillSymbol',
                                                                  'version': 1},
                                                       'type': 'LegendClass',
                                                       'version': 2},
                                                      {'description': '',
                                                       'feature_count': None,
                                                       'format': None,
                                                       'label': '219',
                                                       'ref_id': 24,
                                                       'symbol': {'color': {'B': 201,
                                                                            'G': 179,
                                                                            'R': 30,
                                                                            'dither': False,
                                                                            'is_null': False,
                                                                            'ref_id': 28,
                                                                            'type': 'HsvColor',
                                                                            'version': 1},
                                                                  'enabled': True,
                                                                  'fill_style': 'solid',
                                                                  'locked': False,
                                                                  'outline': {'color': {'B': 110,
                                                                                        'G': 110,
                                                                                        'R': 110,
                                                                                        'dither': True,
                                                                                        'is_null': False,
                                                                                        'ref_id': 27,
                                                                                        'type': 'RgbColor',
                                                                                        'version': 1},
                                                                              'enabled': True,
                                                                              'line_type': 'solid',
                                                                              'locked': False,
                                                                              'ref_id': 26,
                                                                              'symbol_level': 0,
                                                                              'type': 'SimpleLineSymbol',
                                                                              'version': 1,
                                                                              'width': 1.0},
                                                                  'ref_id': 25,
                                                                  'symbol_level': 0,
                                                                  'type': 'SimpleFillSymbol',
                                                                  'version': 1},
                                                       'type': 'LegendClass',
                                                       'version': 2},
                                                      {'description': '',
                                                       'feature_count': None,
                                                       'format': None,
                                                       'label': '220',
                                                       'ref_id': 29,
                                                       'symbol': {'color': {'B': 71,
                                                                            'G': 9,
                                                                            'R': 217,
                                                                            'dither': False,
                                                                            'is_null': False,
                                                                            'ref_id': 33,
                                                                            'type': 'HsvColor',
                                                                            'version': 1},
                                                                  'enabled': True,
                                                                  'fill_style': 'solid',
                                                                  'locked': False,
                                                                  'outline': {'color': {'B': 110,
                                                                                        'G': 110,
                                                                                        'R': 110,
                                                                                        'dither': True,
                                                                                        'is_null': False,
                                                                                        'ref_id': 32,
                                                                                        'type': 'RgbColor',
                                                                                        'version': 1},
                                                                              'enabled': True,
                                                                              'line_type': 'solid',
                                                                              'locked': False,
                                                                              'ref_id': 31,
                                                                              'symbol_level': 0,
                                                                              'type': 'SimpleLineSymbol',
                                                                              'version': 1,
                                                                              'width': 1.0},
                                                                  'ref_id': 30,
                                                                  'symbol_level': 0,
                                                                  'type': 'SimpleFillSymbol',
                                                                  'version': 1},
                                                       'type': 'LegendClass',
                                                       'version': 2},
                                                      {'description': '',
                                                       'feature_count': None,
                                                       'format': None,
                                                       'label': '221',
                                                       'ref_id': 34,
                                                       'symbol': {'color': {'B': 8,
                                                                            'G': 77,
                                                                            'R': 46,
                                                                            'dither': False,
                                                                            'is_null': False,
                                                                            'ref_id': 38,
                                                                            'type': 'HsvColor',
                                                                            'version': 1},
                                                                  'enabled': True,
                                                                  'fill_style': 'solid',
                                                                  'locked': False,
                                                                  'outline': {'color': {'B': 110,
                                                                                        'G': 110,
                                                                                        'R': 110,
                                                                                        'dither': True,
                                                                                        'is_null': False,
                                                                                        'ref_id': 37,
                                                                                        'type': 'RgbColor',
                                                                                        'version': 1},
                                                                              'enabled': True,
                                                                              'line_type': 'solid',
                                                                              'locked': False,
                                                                              'ref_id': 36,
                                                                              'symbol_level': 0,
                                                                              'type': 'SimpleLineSymbol',
                                                                              'version': 1,
                                                                              'width': 1.0},
                                                                  'ref_id': 35,
                                                                  'symbol_level': 0,
                                                                  'type': 'SimpleFillSymbol',
                                                                  'version': 1},
                                                       'type': 'LegendClass',
                                                       'version': 2},
                                                      {'description': '',
                                                       'feature_count': None,
                                                       'format': None,
                                                       'label': '225',
                                                       'ref_id': 39,
                                                       'symbol': {'color': {'B': 76,
                                                                            'G': 56,
                                                                            'R': 76,
                                                                            'dither': False,
                                                                            'is_null': False,
                                                                            'ref_id': 43,
                                                                            'type': 'HsvColor',
                                                                            'version': 1},
                                                                  'enabled': True,
                                                                  'fill_style': 'solid',
                                                                  'locked': False,
                                                                  'outline': {'color': {'B': 110,
                                                                                        'G': 110,
                                                                                        'R': 110,
                                                                                        'dither': True,
                                                                                        'is_null': False,
                                                                                        'ref_id': 42,
                                                                                        'type': 'RgbColor',
                                                                                        'version': 1},
                                                                              'enabled': True,
                                                                              'line_type': 'solid',
                                                                              'locked': False,
                                                                              'ref_id': 41,
                                                                              'symbol_level': 0,
                                                                              'type': 'SimpleLineSymbol',
                                                                              'version': 1,
                                                                              'width': 1.0},
                                                                  'ref_id': 40,
                                                                  'symbol_level': 0,
                                                                  'type': 'SimpleFillSymbol',
                                                                  'version': 1},
                                                       'type': 'LegendClass',
                                                       'version': 2}],
                                          'editable_or_expanded': True,
                                          'heading': '',
                                          'ref_id': 8,
                                          'type': 'LegendGroup',
                                          'version': 3,
                                          'visible': True}],
                       'nodata_color': {'B': 255,
                                        'G': 255,
                                        'R': 255,
                                        'dither': False,
                                        'is_null': True,
                                        'type': 'RgbColor',
                                        'version': 1},
                       'primary_display_field': False,
                       'ramp': {'hue_range': [0, 360],
                                'ref_id': 45,
                                'same_everywhere': False,
                                'saturation_range': [0, 100],
                                'type': 'RandomColorRamp',
                                'value_range': [0, 100],
                                'version': 1},
                       'ramp_name': 'Random Color Ramp',
                       'ref_id': 5,
                       'resampling_type': 'nearest_neighbor',
                       'type': 'RasterUniqueValueRenderer',
                       'unique_values': {'ref_id': 44,
                                         'type': 'UniqueValues',
                                         'values': [[209, 1],
                                                    [213, 2],
                                                    [217, 3],
                                                    [219, 4],
                                                    [220, 4],
                                                    [221, 1],
                                                    [225, 1]],
                                         'version': 1},
                       'value_name': 'Value',
                       'values': [[209.0],
                                  [213.0],
                                  [217.0],
                                  [219.0],
                                  [220.0],
                                  [221.0],
                                  [225.0]],
                       'version': 4},
          'show_map_tips': False,
          'show_resolution_in_toc': False,
          'stored_zoom_max': 0.0,
          'stored_zoom_min': 0.0,
          'time_data_changes_regularly': False,
          'time_enabled': False,
          'time_offset': 0.0,
          'time_offset_units': 'years',
          'time_step': 0.0,
          'time_step_units': 'hours',
          'transform': {'crs': {'is_high_precision': True,
                                'm_origin': -100000.0,
                                'm_scale': 10000.0,
                                'm_tolerance': 0.001,
                                'ref_id': 49,
                                'type': 'GeographicCoordinateSystem',
                                'version': 7,
                                'wkt': 'GEOGCS["GCS_WGS_1984",DATUM["D_WGS_1984",SPHEROID["WGS_1984",6378137.0,298.257223563]],PRIMEM["Greenwich",0.0],UNIT["Degree",0.0174532925199433]]',
                                'x_origin': -400.0,
                                'xy_scale': 11258999068426.238,
                                'xy_tolerance': 8.983152841195215e-09,
                                'y_origin': -400.0,
                                'z_origin': -100000.0,
                                'z_scale': 10000.0,
                                'z_tolerance': 0.001},
                        'ref_id': 48,
                        'type': 'IdentityXForm',
                        'version': 2},
          'transparency': 0,
          'type': 'RasterLayer',
          'version': 18,
          'visible': True,
          'weight': 200.0,
          'zoom_max': 0.0,
          'zoom_min': 0.0}}
