{
  "root": {
    "name": "lines",
    "description": "",
    "datasource_type": "Shapefile Feature Class",
    "dataset_name": {
      "name": "lines",
      "dataset_name": {
        "name": "C:\\temp",
        "browse_name": "Shapefile Data",
        "connection_properties": {
          "DATABASE": "C:\\temp",
          "type": "PropertySet",
          "version": 1,
          "ref_id": 3
        },
        "path_name": "",
        "workspace_type": "ESRI_FILESYSTEM_WORKSPACE",
        "workspace_factory": {
          "type": "ShapefileWorkspaceFactory",
          "version": 1
        },
        "name_string": "",
        "type": "WorkspaceName",
        "version": 1,
        "ref_id": 2
      },
      "datasource_type": "Shapefile Feature Class",
      "feature_type": "FT_SIMPLE",
      "shape_field_name": "Shape",
      "shape_type": "polyline",
      "type": "FeatureClassName",
      "version": 2,
      "ref_id": 1
    },
    "renderer": {
      "rotation_attribute": "",
      "rotation_type": "geographic",
      "rotate_flag_3d": "none",
      "rotation_expression_x": "",
      "rotation_expression_y": "",
      "rotation_expression_z": "",
      "transparency_attribute": "",
      "random_rotation_min_x": 0.0,
      "random_rotation_max_x": 360.0,
      "random_rotation_min_y": 0.0,
      "random_rotation_max_y": 360.0,
      "random_rotation_min_z": 0.0,
      "random_rotation_max_z": 360.0,
      "graduated_expression": "",
      "graduated_size_type": "",
      "random_size_min": 0.1,
      "random_size_max": 100.0,
      "symbol": {
        "color": {
          "R": 171,
          "G": 0,
          "B": 83,
          "dither": false,
          "is_null": false,
          "type": "RgbColor",
          "version": 1,
          "ref_id": 6
        },
        "width": 1.0,
        "line_type": "solid",
        "type": "SimpleLineSymbol",
        "version": 1,
        "ref_id": 5,
        "enabled": true,
        "locked": false,
        "symbol_level": 0
      },
      "legend_group": {
        "heading": "",
        "visible": true,
        "editable_or_expanded": true,
        "classes": [
          {
            "symbol": {
              "color": {
                "R": 171,
                "G": 0,
                "B": 83,
                "dither": false,
                "is_null": false,
                "type": "RgbColor",
                "version": 1,
                "ref_id": 6
              },
              "width": 1.0,
              "line_type": "solid",
              "type": "SimpleLineSymbol",
              "version": 1,
              "ref_id": 5,
              "enabled": true,
              "locked": false,
              "symbol_level": 0
            },
            "format": null,
            "label": "",
            "description": "",
            "feature_count": null,
            "type": "LegendClass",
            "version": 2,
            "ref_id": 8
          }
        ],
        "type": "LegendGroup",
        "version": 3,
        "ref_id": 7
      },
      "type": "SimpleRenderer",
      "version": 3,
      "ref_id": 4
    },
    "field_format": {
      "lines.FID": {
        "alias": "FID",
        "number_format": null,
        "visible": true,
        "highlight": false,
        "read_only": true,
        "value_as_ratio": false,
        "type": "FieldInfo",
        "version": 4,
        "ref_id": 9
      },
      "lines.Shape": {
        "alias": "Shape",
        "number_format": null,
        "visible": true,
        "highlight": false,
        "read_only": false,
        "value_as_ratio": false,
        "type": "FieldInfo",
        "version": 4,
        "ref_id": 10
      },
      "lines.Name": {
        "alias": "Name",
        "number_format": null,
        "visible": true,
        "highlight": false,
        "read_only": false,
        "value_as_ratio": false,
        "type": "FieldInfo",
        "version": 4,
        "ref_id": 11
      },
      "lines.Value": {
        "alias": "Value",
        "number_format": {
          "alignment": "ALIGN_RIGHT",
          "alignment_width": 12,
          "rounding": "ROUND_NUMBER_OF_DECIMALS",
          "rounding_value": 6,
          "show_plus_sign": false,
          "zero_pad": false,
          "thousands": false,
          "type": "NumericFormat",
          "version": 1,
          "ref_id": 13
        },
        "visible": true,
        "highlight": false,
        "read_only": false,
        "value_as_ratio": false,
        "type": "FieldInfo",
        "version": 4,
        "ref_id": 12
      },
      "points.FID": {
        "alias": "FID",
        "number_format": null,
        "visible": true,
        "highlight": false,
        "read_only": true,
        "value_as_ratio": false,
        "type": "FieldInfo",
        "version": 4,
        "ref_id": 14
      },
      "points.Class": {
        "alias": "Class",
        "number_format": null,
        "visible": true,
        "highlight": false,
        "read_only": false,
        "value_as_ratio": false,
        "type": "FieldInfo",
        "version": 4,
        "ref_id": 15
      },
      "points.Heading": {
        "alias": "Heading",
        "number_format": {
          "alignment": "ALIGN_RIGHT",
          "alignment_width": 12,
          "rounding": "ROUND_NUMBER_OF_DECIMALS",
          "rounding_value": 0,
          "show_plus_sign": false,
          "zero_pad": false,
          "thousands": false,
          "type": "NumericFormat",
          "version": 1,
          "ref_id": 17
        },
        "visible": true,
        "highlight": false,
        "read_only": false,
        "value_as_ratio": false,
        "type": "FieldInfo",
        "version": 4,
        "ref_id": 16
      },
      "points.Importance": {
        "alias": "Importance",
        "number_format": {
          "alignment": "ALIGN_RIGHT",
          "alignment_width": 12,
          "rounding": "ROUND_NUMBER_OF_DECIMALS",
          "rounding_value": 3,
          "show_plus_sign": false,
          "zero_pad": false,
          "thousands": false,
          "type": "NumericFormat",
          "version": 1,
          "ref_id": 19
        },
        "visible": true,
        "highlight": false,
        "read_only": false,
        "value_as_ratio": false,
        "type": "FieldInfo",
        "version": 4,
        "ref_id": 18
      },
      "points.Pilots": {
        "alias": "Pilots",
        "number_format": {
          "alignment": "ALIGN_RIGHT",
          "alignment_width": 12,
          "rounding": "ROUND_NUMBER_OF_DECIMALS",
          "rounding_value": 0,
          "show_plus_sign": false,
          "zero_pad": false,
          "thousands": false,
          "type": "NumericFormat",
          "version": 1,
          "ref_id": 21
        },
        "visible": true,
        "highlight": false,
        "read_only": false,
        "value_as_ratio": false,
        "type": "FieldInfo",
        "version": 4,
        "ref_id": 20
      },
      "points.Cabin Crew": {
        "alias": "Cabin Crew",
        "number_format": {
          "alignment": "ALIGN_RIGHT",
          "alignment_width": 12,
          "rounding": "ROUND_NUMBER_OF_DECIMALS",
          "rounding_value": 0,
          "show_plus_sign": false,
          "zero_pad": false,
          "thousands": false,
          "type": "NumericFormat",
          "version": 1,
          "ref_id": 23
        },
        "visible": true,
        "highlight": false,
        "read_only": false,
        "value_as_ratio": false,
        "type": "FieldInfo",
        "version": 4,
        "ref_id": 22
      },
      "points.Staff": {
        "alias": "Staff",
        "number_format": {
          "alignment": "ALIGN_RIGHT",
          "alignment_width": 12,
          "rounding": "ROUND_NUMBER_OF_DECIMALS",
          "rounding_value": 0,
          "show_plus_sign": false,
          "zero_pad": false,
          "thousands": false,
          "type": "NumericFormat",
          "version": 1,
          "ref_id": 25
        },
        "visible": true,
        "highlight": false,
        "read_only": false,
        "value_as_ratio": false,
        "type": "FieldInfo",
        "version": 4,
        "ref_id": 24
      },
      "polys.FID": {
        "alias": "FID",
        "number_format": {
          "alignment": "ALIGN_RIGHT",
          "alignment_width": 12,
          "rounding": "ROUND_NUMBER_OF_DECIMALS",
          "rounding_value": 0,
          "show_plus_sign": false,
          "zero_pad": false,
          "thousands": false,
          "type": "NumericFormat",
          "version": 1,
          "ref_id": 27
        },
        "visible": true,
        "highlight": false,
        "read_only": true,
        "value_as_ratio": false,
        "type": "FieldInfo",
        "version": 4,
        "ref_id": 26
      },
      "polys.Name": {
        "alias": "Name",
        "number_format": null,
        "visible": true,
        "highlight": false,
        "read_only": false,
        "value_as_ratio": false,
        "type": "FieldInfo",
        "version": 4,
        "ref_id": 28
      },
      "polys.Value": {
        "alias": "Value",
        "number_format": {
          "alignment": "ALIGN_RIGHT",
          "alignment_width": 12,
          "rounding": "ROUND_NUMBER_OF_DECIMALS",
          "rounding_value": 6,
          "show_plus_sign": false,
          "zero_pad": false,
          "thousands": false,
          "type": "NumericFormat",
          "version": 1,
          "ref_id": 30
        },
        "visible": true,
        "highlight": false,
        "read_only": false,
        "value_as_ratio": false,
        "type": "FieldInfo",
        "version": 4,
        "ref_id": 29
      }
    },
    "visible": true,
    "zoom_min": 0.0,
    "zoom_max": 0.0,
    "stored_zoom_min": 0.0,
    "stored_zoom_max": 0.0,
    "definition_query": "",
    "definition_query_search_order": "spatial_first",
    "labels_enabled": false,
    "annotation_collection": {
      "properties": [
        {
          "label_features": true,
          "class_name": "Default",
          "class_filter": "",
          "expression": "[lines.Name]",
          "advanced_expression": false,
          "scale_range_min": 0.0,
          "scale_range_max": 0.0,
          "text_symbol": {
            "color": {
              "R": 0,
              "G": 0,
              "B": 0,
              "dither": false,
              "is_null": false,
              "type": "RgbColor",
              "version": 1,
              "ref_id": 34
            },
            "raster_op": 13,
            "symbol_level": 0,
            "character_spacing": 0.0,
            "character_width": 100.0,
            "word_spacing": 100.0,
            "flip_angle": 90.0,
            "leading": 0.0,
            "right_to_left": false,
            "cjk_orientation": false,
            "kerning": true,
            "case": "normal",
            "x_offset": 0.0,
            "y_offset": 0.0,
            "position": "normal",
            "shadow_x_offset": 0.0,
            "shadow_y_offset": 0.0,
            "shadow_color": {
              "R": 0,
              "G": 0,
              "B": 0,
              "dither": false,
              "is_null": false,
              "type": "RgbColor",
              "version": 1,
              "ref_id": 35
            },
            "angle": 0.0,
            "font_size": 8.0,
            "font": {
              "font_name": "Arial",
              "charset": 0,
              "weight": 400,
              "size": 8.0,
              "italic": false,
              "strikethrough": false,
              "underline": false,
              "type": "Font",
              "version": 1,
              "ref_id": 36
            },
            "halo_enabled": false,
            "halo_size": 2.0,
            "halo_symbol": null,
            "background_symbol": null,
            "horizontal_alignment": "center",
            "vertical_alignment": "bottom",
            "text_fill_symbol": null,
            "text_direction": 0,
            "type_setting": true,
            "break_character": null,
            "clip": false,
            "rotate_with_transform": true,
            "type": "TextSymbol",
            "version": 4,
            "ref_id": 33
          },
          "overposter": {
            "line_label_position": {
              "above": true,
              "below": false,
              "online": false,
              "follow_line_orientation": false,
              "curved": false,
              "parallel": true,
              "perpendicular": false,
              "horizontal": false,
              "at_start": false,
              "at_end": false,
              "before_after_distance": 0.0,
              "best_position_along_line": true,
              "right_of_line": false,
              "type": "LineLabelPosition",
              "version": 2,
              "ref_id": 38
            },
            "line_label_priorities": {
              "above_before": 3,
              "above_at": 3,
              "above_after": 3,
              "on_line_before": 3,
              "on_line_at": 3,
              "on_line_after": 3,
              "below_before": 3,
              "below_at": 3,
              "below_after": 3,
              "type": "LineLabelPlacementPriorities",
              "version": 1,
              "ref_id": 39
            },
            "point_placement_method": "around",
            "point_placement_priorities": {
              "top_left": 2,
              "top_center": 2,
              "top_right": 1,
              "center_right": 2,
              "bottom_right": 2,
              "bottom_center": 3,
              "bottom_left": 3,
              "center_left": 3,
              "type": "PointPlacementPriorities",
              "version": 1,
              "ref_id": 40
            },
            "point_label_angle_field": "",
            "point_label_angle_perpendicular": false,
            "point_place_over_feature": false,
            "specified_point_angles": [],
            "polygon_placement_method": "always_horizontal",
            "polygon_only_inside": false,
            "margin_size": 0.0,
            "offset": 0.0,
            "number_restriction": "one_per_name",
            "feature_weight": "none",
            "label_weight": "high",
            "place_overlapping": false,
            "geometry_type": 1,
            "generate_unplaced": true,
            "max_distance_from_feature": 0.0,
            "point_label_angle_type": 1,
            "is_barrier": false,
            "place_labels": false,
            "place_symbols": false,
            "type": "BasicOverposterLayerProperties",
            "version": 6,
            "ref_id": 37
          },
          "expression_parser": null,
          "offset": 0.0,
          "label_which_features": 1,
          "symbol_id": 65535,
          "layer_full_extent": null,
          "scale_ratio": 0.0,
          "reference_scale": 0.0,
          "units_world_coordinates": "unknown",
          "priority": 1,
          "create_unplaced_elements": true,
          "feature_linked": false,
          "use_output": 65535,
          "annotation_class_id": 0,
          "add_unplaced_to_graphics_container": true,
          "type": "LabelEngineLayerProperties",
          "version": 7,
          "ref_id": 32
        }
      ],
      "type": "AnnotateLayerPropertiesCollection",
      "version": 2,
      "ref_id": 31
    },
    "display_filter": null,
    "transparency": 0,
    "brightness": 0,
    "hyperlink_type": "document",
    "hyperlink_field": "",
    "hyperlink_macro_name": "",
    "scale_symbols": true,
    "selection_color": null,
    "show_selection_using_symbol": false,
    "cached": false,
    "show_map_tips": false,
    "selected_feature_symbol": {
      "color": {
        "R": 0,
        "G": 255,
        "B": 255,
        "dither": true,
        "is_null": false,
        "type": "RgbColor",
        "version": 1,
        "ref_id": 70
      },
      "width": 2.0,
      "line_type": "solid",
      "type": "SimpleLineSymbol",
      "version": 1,
      "ref_id": 69,
      "enabled": true,
      "locked": false,
      "symbol_level": 0
    },
    "layer_extent": {
      "x_min": -117.62319839219053,
      "x_max": -82.32264950769274,
      "y_min": 23.20820580488509,
      "y_max": 46.18290982947509,
      "crs": {
        "wkt": "GEOGCS[\"WGS 84\",DATUM[\"unknown\",SPHEROID[\"WGS84\",6378137.0,298.257223563]],PRIMEM[\"Greenwich\",0.0],UNIT[\"degree\",0.0174532925199433]]",
        "x_origin": -400.0,
        "y_origin": -400.0,
        "xy_scale": 11258999068426.238,
        "z_origin": -100000.0,
        "z_scale": 10000.0,
        "m_origin": -100000.0,
        "m_scale": 10000.0,
        "xy_tolerance": 8.983152841195215e-09,
        "z_tolerance": 0.001,
        "m_tolerance": 0.001,
        "is_high_precision": true,
        "type": "GeographicCoordinateSystem",
        "version": 7,
        "ref_id": 72
      },
      "type": "Envelope",
      "version": 3,
      "ref_id": 71
    },
    "features_excluded_from_rendering": {
      "features": [],
      "type": "FeatureIDSet",
      "version": 1,
      "ref_id": 41
    },
    "uid": {
      "value": "01004145-0d1c-11d2-a26f-080009b6f22b",
      "sub_type": 0,
      "type": "UID",
      "version": 1,
      "ref_id": 73
    },
    "display_expression_properties": {
      "expression": "[Name]",
      "advanced": false,
      "expression_parser": {
        "show_coded": true,
        "type": "AnnotationVBScriptEngine",
        "version": 2,
        "ref_id": 75
      },
      "type": "DisplayExpressionProperties",
      "version": 1,
      "ref_id": 74
    },
    "map_tip_hide_field_name": false,
    "map_tip_show_coded": true,
    "map_tip_field_name": "",
    "map_tip_url_prefix": "",
    "map_tip_url_suffix": "",
    "map_tip_xsl": "",
    "html_popup_enabled": true,
    "html_popup_style": "two_column_table",
    "html_popup_download_attachment": false,
    "use_advanced_symbol_levels": false,
    "time_enabled": false,
    "time_zone": null,
    "time_step": 0.0,
    "time_step_units": "hours",
    "time_offset": 0.0,
    "time_offset_units": "years",
    "time_data_changes_regularly": true,
    "time_format": "",
    "time_display_cumulative": false,
    "time_field": "",
    "time_end_field": "",
    "time_extent": null,
    "time_dimension_name": "",
    "time_dimension_format": "",
    "track_id_field_name": "",
    "extensions": [
      {
        "properties": {
          "ServiceLayerID": 8,
          "type": "PropertySet",
          "version": 1,
          "ref_id": 68
        },
        "type": "ServerLayerExtension",
        "version": 1
      }
    ],
    "join_type": "left_outer",
    "join": {
      "name": "JoinUIRelationship",
      "destination_name": {
        "name": "polys",
        "dataset_name": {
          "name": "C:\\temp",
          "browse_name": "Shapefile Data",
          "connection_properties": {
            "DATABASE": "C:\\temp",
            "type": "PropertySet",
            "version": 1,
            "ref_id": 3
          },
          "path_name": "",
          "workspace_type": "ESRI_FILESYSTEM_WORKSPACE",
          "workspace_factory": {
            "type": "ShapefileWorkspaceFactory",
            "version": 1
          },
          "name_string": "",
          "type": "WorkspaceName",
          "version": 1,
          "ref_id": 44
        },
        "datasource_type": "Shapefile Feature Class",
        "feature_type": "FT_SIMPLE",
        "shape_field_name": "Shape",
        "shape_type": "polygon",
        "type": "FeatureClassName",
        "version": 2,
        "ref_id": 43
      },
      "origin_name": {
        "name": "lines_points",
        "workspace_name": {
          "name": "JoinUIRelationship",
          "destination_name": {
            "name": "points",
            "dataset_name": {
              "name": "C:\\temp",
              "browse_name": "Shapefile Data",
              "connection_properties": {
                "DATABASE": "C:\\temp",
                "type": "PropertySet",
                "version": 1,
                "ref_id": 3
              },
              "path_name": "",
              "workspace_type": "ESRI_FILESYSTEM_WORKSPACE",
              "workspace_factory": {
                "type": "ShapefileWorkspaceFactory",
                "version": 1
              },
              "name_string": "",
              "type": "WorkspaceName",
              "version": 1,
              "ref_id": 48
            },
            "datasource_type": "Shapefile Feature Class",
            "feature_type": "FT_SIMPLE",
            "shape_field_name": "Shape",
            "shape_type": "point",
            "type": "FeatureClassName",
            "version": 2,
            "ref_id": 47
          },
          "origin_name": {
            "name": "lines",
            "dataset_name": {
              "name": "C:\\temp",
              "browse_name": "Shapefile Data",
              "connection_properties": {
                "DATABASE": "C:\\temp",
                "type": "PropertySet",
                "version": 1,
                "ref_id": 3
              },
              "path_name": "",
              "workspace_type": "ESRI_FILESYSTEM_WORKSPACE",
              "workspace_factory": {
                "type": "ShapefileWorkspaceFactory",
                "version": 1
              },
              "name_string": "",
              "type": "WorkspaceName",
              "version": 1,
              "ref_id": 50
            },
            "datasource_type": "Shapefile Feature Class",
            "feature_type": "FT_SIMPLE",
            "shape_field_name": "Shape",
            "shape_type": "polyline",
            "type": "FeatureClassName",
            "version": 2,
            "ref_id": 49
          },
          "origin_primary_key": "Class",
          "origin_foreign_key": "Name",
          "forward_path_label": "Forwards",
          "backward_path_label": "Backwards",
          "type": "MemoryRelationshipClassName",
          "version": 1,
          "ref_id": 46
        },
        "filter": {
          "sub_fields": "*",
          "where_clause": "",
          "output_spatial_reference_field_name": "",
          "output_spatial_reference": null,
          "spatial_resolution": 0.0,
          "postfix_clause": "",
          "prefix_clause": "",
          "filter_defs": {
            "type": "ArrayOfFilterDef",
            "version": 1,
            "ref_id": 52
          },
          "row_offset": null,
          "row_count": null,
          "spatial_relation": 0,
          "spatial_relation_description": "",
          "reference_geometry": null,
          "geometry_field_name": "Shape",
          "fid_set": null,
          "type": "SpatialFilter",
          "version": 1,
          "ref_id": 51
        },
        "type": "RelQueryTableName",
        "version": 3,
        "ref_id": 45
      },
      "origin_primary_key": "Value",
      "origin_foreign_key": "points.Importance",
      "forward_path_label": "Forwards",
      "backward_path_label": "Backwards",
      "type": "MemoryRelationshipClassName",
      "version": 1,
      "ref_id": 42
    },
    "relations": [
      {
        "name": "Relate1",
        "destination_name": {
          "name": "lines_points_polys",
          "workspace_name": {
            "name": "JoinUIRelationship",
            "destination_name": {
              "name": "polys",
              "dataset_name": {
                "name": "C:\\temp",
                "browse_name": "Shapefile Data",
                "connection_properties": {
                  "DATABASE": "C:\\temp",
                  "type": "PropertySet",
                  "version": 1,
                  "ref_id": 3
                },
                "path_name": "",
                "workspace_type": "ESRI_FILESYSTEM_WORKSPACE",
                "workspace_factory": {
                  "type": "ShapefileWorkspaceFactory",
                  "version": 1
                },
                "name_string": "",
                "type": "WorkspaceName",
                "version": 1,
                "ref_id": 57
              },
              "datasource_type": "Shapefile Feature Class",
              "feature_type": "FT_SIMPLE",
              "shape_field_name": "Shape",
              "shape_type": "polygon",
              "type": "FeatureClassName",
              "version": 2,
              "ref_id": 56
            },
            "origin_name": {
              "name": "lines_points",
              "workspace_name": {
                "name": "JoinUIRelationship",
                "destination_name": {
                  "name": "points",
                  "dataset_name": {
                    "name": "C:\\temp",
                    "browse_name": "Shapefile Data",
                    "connection_properties": {
                      "DATABASE": "C:\\temp",
                      "type": "PropertySet",
                      "version": 1,
                      "ref_id": 3
                    },
                    "path_name": "",
                    "workspace_type": "ESRI_FILESYSTEM_WORKSPACE",
                    "workspace_factory": {
                      "type": "ShapefileWorkspaceFactory",
                      "version": 1
                    },
                    "name_string": "",
                    "type": "WorkspaceName",
                    "version": 1,
                    "ref_id": 61
                  },
                  "datasource_type": "Shapefile Feature Class",
                  "feature_type": "FT_SIMPLE",
                  "shape_field_name": "Shape",
                  "shape_type": "point",
                  "type": "FeatureClassName",
                  "version": 2,
                  "ref_id": 60
                },
                "origin_name": {
                  "name": "lines",
                  "dataset_name": {
                    "name": "C:\\temp",
                    "browse_name": "Shapefile Data",
                    "connection_properties": {
                      "DATABASE": "C:\\temp",
                      "type": "PropertySet",
                      "version": 1,
                      "ref_id": 3
                    },
                    "path_name": "",
                    "workspace_type": "ESRI_FILESYSTEM_WORKSPACE",
                    "workspace_factory": {
                      "type": "ShapefileWorkspaceFactory",
                      "version": 1
                    },
                    "name_string": "",
                    "type": "WorkspaceName",
                    "version": 1,
                    "ref_id": 63
                  },
                  "datasource_type": "Shapefile Feature Class",
                  "feature_type": "FT_SIMPLE",
                  "shape_field_name": "Shape",
                  "shape_type": "polyline",
                  "type": "FeatureClassName",
                  "version": 2,
                  "ref_id": 62
                },
                "origin_primary_key": "Class",
                "origin_foreign_key": "Name",
                "forward_path_label": "Forwards",
                "backward_path_label": "Backwards",
                "type": "MemoryRelationshipClassName",
                "version": 1,
                "ref_id": 59
              },
              "filter": {
                "sub_fields": "*",
                "where_clause": "",
                "output_spatial_reference_field_name": "",
                "output_spatial_reference": null,
                "spatial_resolution": 0.0,
                "postfix_clause": "",
                "prefix_clause": "",
                "filter_defs": {
                  "type": "ArrayOfFilterDef",
                  "version": 1,
                  "ref_id": 52
                },
                "row_offset": null,
                "row_count": null,
                "spatial_relation": 0,
                "spatial_relation_description": "",
                "reference_geometry": null,
                "geometry_field_name": "Shape",
                "fid_set": null,
                "type": "SpatialFilter",
                "version": 1,
                "ref_id": 51
              },
              "type": "RelQueryTableName",
              "version": 3,
              "ref_id": 58
            },
            "origin_primary_key": "Value",
            "origin_foreign_key": "points.Importance",
            "forward_path_label": "Forwards",
            "backward_path_label": "Backwards",
            "type": "MemoryRelationshipClassName",
            "version": 1,
            "ref_id": 55
          },
          "filter": {
            "sub_fields": "*",
            "where_clause": "",
            "output_spatial_reference_field_name": "",
            "output_spatial_reference": null,
            "spatial_resolution": 0.0,
            "postfix_clause": "",
            "prefix_clause": "",
            "filter_defs": {
              "type": "ArrayOfFilterDef",
              "version": 1,
              "ref_id": 65
            },
            "row_offset": null,
            "row_count": null,
            "spatial_relation": 0,
            "spatial_relation_description": "",
            "reference_geometry": null,
            "geometry_field_name": "Shape",
            "fid_set": null,
            "type": "SpatialFilter",
            "version": 1,
            "ref_id": 64
          },
          "type": "RelQueryTableName",
          "version": 3,
          "ref_id": 54
        },
        "origin_name": {
          "name": "points",
          "dataset_name": {
            "name": "C:\\temp",
            "browse_name": "Shapefile Data",
            "connection_properties": {
              "DATABASE": "C:\\temp",
              "type": "PropertySet",
              "version": 1,
              "ref_id": 3
            },
            "path_name": "",
            "workspace_type": "ESRI_FILESYSTEM_WORKSPACE",
            "workspace_factory": {
              "type": "ShapefileWorkspaceFactory",
              "version": 1
            },
            "name_string": "",
            "type": "WorkspaceName",
            "version": 1,
            "ref_id": 67
          },
          "datasource_type": "Shapefile Feature Class",
          "feature_type": "FT_SIMPLE",
          "shape_field_name": "Shape",
          "shape_type": "point",
          "type": "FeatureClassName",
          "version": 2,
          "ref_id": 66
        },
        "origin_primary_key": "lines.Name",
        "origin_foreign_key": "Class",
        "forward_path_label": "points",
        "backward_path_label": "lines_points_polys",
        "type": "MemoryRelationshipClassName",
        "version": 1,
        "ref_id": 53
      }
    ],
    "hyperlinks": [],
    "selection_set": [],
    "hyperlink_expression_properties": {
      "expression": "",
      "is_expression_simple": true,
      "parser": null,
      "type": "HotLinkExpressionProperties",
      "version": 1,
      "ref_id": 76
    },
    "selectable": true,
    "weight": 99.0,
    "shape_type": "polyline",
    "use_page_definition_query": false,
    "page_name_field": "",
    "page_name_match_operator": "",
    "display_field": "Name",
    "area_of_interest": null,
    "type": "FeatureLayer",
    "version": 34,
    "ref_id": 0
  }
}