{
  "root": {
    "name": "lines",
    "description": "",
    "datasource_type": "File Geodatabase Feature Class",
    "dataset_name": {
      "name": "lines",
      "dataset_name": {
        "name": "C:\\temp\\New File Geodatabase.gdb",
        "browse_name": "New File Geodatabase",
        "connection_properties": {
          "DATABASE": "C:\\temp\\New File Geodatabase.gdb",
          "type": "PropertySet",
          "version": 1,
          "ref_id": 3
        },
        "path_name": "",
        "workspace_type": "ESRI_LOCALDATABASE_WORKSPACE",
        "workspace_factory": {
          "type": "FileGDBWorkspaceFactory",
          "version": 1
        },
        "name_string": "",
        "type": "WorkspaceName",
        "version": 1,
        "ref_id": 2
      },
      "datasource_type": "File Geodatabase Feature Class",
      "feature_type": "FT_SIMPLE",
      "shape_field_name": "Shape",
      "shape_type": "polyline",
      "compressed": false,
      "name_string": "",
      "type": "FgdbFeatureClassName",
      "version": 1,
      "ref_id": 1
    },
    "renderer": {
      "rotation_attribute": "",
      "rotation_type": "geographic",
      "rotate_flag_3d": "none",
      "rotation_expression_x": "",
      "rotation_expression_y": "",
      "rotation_expression_z": "",
      "transparency_attribute": "",
      "random_rotation_min_x": 0.0,
      "random_rotation_max_x": 360.0,
      "random_rotation_min_y": 0.0,
      "random_rotation_max_y": 360.0,
      "random_rotation_min_z": 0.0,
      "random_rotation_max_z": 360.0,
      "graduated_expression": "",
      "graduated_size_type": "",
      "random_size_min": 0.1,
      "random_size_max": 100.0,
      "fields": [
        "Name",
        "Value",
        "Shape_Length"
      ],
      "concatenator": ", ",
      "symbol": {
        "color": {
          "R": 0,
          "G": 135,
          "B": 131,
          "dither": false,
          "is_null": false,
          "type": "RgbColor",
          "version": 1,
          "ref_id": 6
        },
        "width": 1.0,
        "line_type": "solid",
        "type": "SimpleLineSymbol",
        "version": 1,
        "ref_id": 5,
        "enabled": true,
        "locked": false,
        "symbol_level": 0
      },
      "groups": [
        {
          "heading": "",
          "visible": true,
          "editable_or_expanded": true,
          "classes": [
            {
              "symbol": {
                "color": {
                  "R": 0,
                  "G": 135,
                  "B": 131,
                  "dither": false,
                  "is_null": false,
                  "type": "RgbColor",
                  "version": 1,
                  "ref_id": 6
                },
                "width": 1.0,
                "line_type": "solid",
                "type": "SimpleLineSymbol",
                "version": 1,
                "ref_id": 5,
                "enabled": true,
                "locked": false,
                "symbol_level": 0
              },
              "format": null,
              "label": "all other label",
              "description": "",
              "feature_count": null,
              "type": "LegendClass",
              "version": 2,
              "ref_id": 8
            }
          ],
          "type": "LegendGroup",
          "version": 3,
          "ref_id": 7
        },
        {
          "heading": "Name, Value, Shape_Length",
          "visible": true,
          "editable_or_expanded": true,
          "classes": [
            {
              "symbol": {
                "color": {
                  "R": 252,
                  "G": 200,
                  "B": 184,
                  "dither": false,
                  "is_null": false,
                  "type": "HsvColor",
                  "version": 1,
                  "ref_id": 12
                },
                "width": 1.0,
                "line_type": "solid",
                "type": "SimpleLineSymbol",
                "version": 1,
                "ref_id": 11,
                "enabled": true,
                "locked": false,
                "symbol_level": 0
              },
              "format": null,
              "label": "Arterial, 2, 12.5077982876669",
              "description": "",
              "feature_count": null,
              "type": "LegendClass",
              "version": 2,
              "ref_id": 10
            },
            {
              "symbol": {
                "color": {
                  "R": 200,
                  "G": 252,
                  "B": 179,
                  "dither": false,
                  "is_null": false,
                  "type": "HsvColor",
                  "version": 1,
                  "ref_id": 15
                },
                "width": 1.0,
                "line_type": "solid",
                "type": "SimpleLineSymbol",
                "version": 1,
                "ref_id": 14,
                "enabled": true,
                "locked": false,
                "symbol_level": 0
              },
              "format": null,
              "label": "Arterial, 2, 4.49612197865792",
              "description": "",
              "feature_count": null,
              "type": "LegendClass",
              "version": 2,
              "ref_id": 13
            },
            {
              "symbol": {
                "color": {
                  "R": 189,
                  "G": 252,
                  "B": 223,
                  "dither": false,
                  "is_null": false,
                  "type": "HsvColor",
                  "version": 1,
                  "ref_id": 18
                },
                "width": 1.0,
                "line_type": "solid",
                "type": "SimpleLineSymbol",
                "version": 1,
                "ref_id": 17,
                "enabled": true,
                "locked": false,
                "symbol_level": 0
              },
              "format": null,
              "label": "Arterial, 2, 8.21568923016661",
              "description": "",
              "feature_count": null,
              "type": "LegendClass",
              "version": 2,
              "ref_id": 16
            },
            {
              "symbol": {
                "color": {
                  "R": 252,
                  "G": 241,
                  "B": 179,
                  "dither": false,
                  "is_null": false,
                  "type": "HsvColor",
                  "version": 1,
                  "ref_id": 21
                },
                "width": 1.0,
                "line_type": "solid",
                "type": "SimpleLineSymbol",
                "version": 1,
                "ref_id": 20,
                "enabled": true,
                "locked": false,
                "symbol_level": 0
              },
              "format": null,
              "label": "Arterial, 2, 9.86476960027784",
              "description": "",
              "feature_count": null,
              "type": "LegendClass",
              "version": 2,
              "ref_id": 19
            },
            {
              "symbol": {
                "color": {
                  "R": 231,
                  "G": 187,
                  "B": 252,
                  "dither": false,
                  "is_null": false,
                  "type": "HsvColor",
                  "version": 1,
                  "ref_id": 24
                },
                "width": 1.0,
                "line_type": "solid",
                "type": "SimpleLineSymbol",
                "version": 1,
                "ref_id": 23,
                "enabled": true,
                "locked": false,
                "symbol_level": 0
              },
              "format": null,
              "label": "Highway, 1, 29.4272030183679",
              "description": "",
              "feature_count": null,
              "type": "LegendClass",
              "version": 2,
              "ref_id": 22
            },
            {
              "symbol": {
                "color": {
                  "R": 189,
                  "G": 238,
                  "B": 252,
                  "dither": false,
                  "is_null": false,
                  "type": "HsvColor",
                  "version": 1,
                  "ref_id": 27
                },
                "width": 1.0,
                "line_type": "solid",
                "type": "SimpleLineSymbol",
                "version": 1,
                "ref_id": 26,
                "enabled": true,
                "locked": false,
                "symbol_level": 0
              },
              "format": null,
              "label": "Highway, 1, 36.9978992990381",
              "description": "",
              "feature_count": null,
              "type": "LegendClass",
              "version": 2,
              "ref_id": 25
            }
          ],
          "type": "LegendGroup",
          "version": 3,
          "ref_id": 9
        }
      ],
      "values": [
        "Arterial, 2, 12.5077982876669",
        "Arterial, 2, 4.49612197865792",
        "Arterial, 2, 8.21568923016661",
        "Arterial, 2, 9.86476960027784",
        "Highway, 1, 29.4272030183679",
        "Highway, 1, 36.9978992990381"
      ],
      "include_all_other": true,
      "all_other_value": "all other label",
      "reversed": false,
      "ramp": {
        "value_range": [
          99,
          100
        ],
        "saturation_range": [
          15,
          30
        ],
        "hue_range": [
          0,
          360
        ],
        "same_everywhere": false,
        "type": "RandomColorRamp",
        "version": 1,
        "ref_id": 28
      },
      "ramp_name": "Pastels",
      "style_path": "",
      "flip_symbols": false,
      "type": "UniqueValueRenderer",
      "version": 5,
      "ref_id": 4
    },
    "field_format": {
      "OBJECTID": {
        "alias": "OBJECTID",
        "number_format": null,
        "visible": true,
        "highlight": false,
        "read_only": true,
        "value_as_ratio": false,
        "type": "FieldInfo",
        "version": 4,
        "ref_id": 29
      },
      "Shape": {
        "alias": "Shape",
        "number_format": null,
        "visible": true,
        "highlight": false,
        "read_only": false,
        "value_as_ratio": false,
        "type": "FieldInfo",
        "version": 4,
        "ref_id": 30
      },
      "Name": {
        "alias": "Name",
        "number_format": null,
        "visible": true,
        "highlight": false,
        "read_only": false,
        "value_as_ratio": false,
        "type": "FieldInfo",
        "version": 4,
        "ref_id": 31
      },
      "Value": {
        "alias": "Value",
        "number_format": {
          "alignment": "ALIGN_RIGHT",
          "alignment_width": 12,
          "rounding": "ROUND_NUMBER_OF_DECIMALS",
          "rounding_value": 6,
          "show_plus_sign": false,
          "zero_pad": false,
          "thousands": false,
          "type": "NumericFormat",
          "version": 1,
          "ref_id": 33
        },
        "visible": true,
        "highlight": false,
        "read_only": false,
        "value_as_ratio": false,
        "type": "FieldInfo",
        "version": 4,
        "ref_id": 32
      },
      "Shape_Length": {
        "alias": "Shape_Length",
        "number_format": {
          "alignment": "ALIGN_RIGHT",
          "alignment_width": 12,
          "rounding": "ROUND_NUMBER_OF_DECIMALS",
          "rounding_value": 6,
          "show_plus_sign": false,
          "zero_pad": false,
          "thousands": false,
          "type": "NumericFormat",
          "version": 1,
          "ref_id": 35
        },
        "visible": true,
        "highlight": false,
        "read_only": true,
        "value_as_ratio": false,
        "type": "FieldInfo",
        "version": 4,
        "ref_id": 34
      }
    },
    "visible": false,
    "zoom_min": 0.0,
    "zoom_max": 0.0,
    "stored_zoom_min": 0.0,
    "stored_zoom_max": 0.0,
    "definition_query": "",
    "definition_query_search_order": "spatial_first",
    "labels_enabled": false,
    "annotation_collection": {
      "properties": [
        {
          "label_features": true,
          "class_name": "Default",
          "class_filter": "",
          "expression": "[Name]",
          "advanced_expression": false,
          "scale_range_min": 0.0,
          "scale_range_max": 0.0,
          "text_symbol": {
            "color": {
              "R": 0,
              "G": 0,
              "B": 0,
              "dither": false,
              "is_null": false,
              "type": "RgbColor",
              "version": 1,
              "ref_id": 39
            },
            "raster_op": 13,
            "symbol_level": 0,
            "character_spacing": 0.0,
            "character_width": 100.0,
            "word_spacing": 100.0,
            "flip_angle": 90.0,
            "leading": 0.0,
            "right_to_left": false,
            "cjk_orientation": false,
            "kerning": true,
            "case": "normal",
            "x_offset": 0.0,
            "y_offset": 0.0,
            "position": "normal",
            "shadow_x_offset": 0.0,
            "shadow_y_offset": 0.0,
            "shadow_color": {
              "R": 0,
              "G": 0,
              "B": 0,
              "dither": false,
              "is_null": false,
              "type": "RgbColor",
              "version": 1,
              "ref_id": 40
            },
            "angle": 0.0,
            "font_size": 8.0,
            "font": {
              "font_name": "Arial",
              "charset": 0,
              "weight": 400,
              "size": 8.25,
              "italic": false,
              "strikethrough": false,
              "underline": false,
              "type": "Font",
              "version": 1,
              "ref_id": 41
            },
            "halo_enabled": false,
            "halo_size": 2.0,
            "halo_symbol": null,
            "background_symbol": null,
            "horizontal_alignment": "center",
            "vertical_alignment": "bottom",
            "text_fill_symbol": null,
            "text_direction": 0,
            "type_setting": true,
            "break_character": null,
            "clip": false,
            "rotate_with_transform": true,
            "type": "TextSymbol",
            "version": 4,
            "ref_id": 38
          },
          "overposter": {
            "line_label_position": {
              "above": true,
              "below": false,
              "online": false,
              "follow_line_orientation": false,
              "curved": false,
              "parallel": true,
              "perpendicular": false,
              "horizontal": false,
              "at_start": false,
              "at_end": false,
              "before_after_distance": 0.0,
              "best_position_along_line": true,
              "right_of_line": false,
              "type": "LineLabelPosition",
              "version": 2,
              "ref_id": 43
            },
            "line_label_priorities": {
              "above_before": 3,
              "above_at": 3,
              "above_after": 3,
              "on_line_before": 3,
              "on_line_at": 3,
              "on_line_after": 3,
              "below_before": 3,
              "below_at": 3,
              "below_after": 3,
              "type": "LineLabelPlacementPriorities",
              "version": 1,
              "ref_id": 44
            },
            "point_placement_method": "around",
            "point_placement_priorities": {
              "top_left": 2,
              "top_center": 2,
              "top_right": 1,
              "center_right": 2,
              "bottom_right": 2,
              "bottom_center": 3,
              "bottom_left": 3,
              "center_left": 3,
              "type": "PointPlacementPriorities",
              "version": 1,
              "ref_id": 45
            },
            "point_label_angle_field": "",
            "point_label_angle_perpendicular": false,
            "point_place_over_feature": false,
            "specified_point_angles": [],
            "polygon_placement_method": "always_horizontal",
            "polygon_only_inside": false,
            "margin_size": 0.0,
            "offset": 0.0,
            "number_restriction": "one_per_name",
            "feature_weight": "none",
            "label_weight": "high",
            "place_overlapping": false,
            "geometry_type": 1,
            "generate_unplaced": true,
            "max_distance_from_feature": 0.0,
            "point_label_angle_type": 1,
            "is_barrier": false,
            "place_labels": false,
            "place_symbols": false,
            "type": "BasicOverposterLayerProperties",
            "version": 6,
            "ref_id": 42
          },
          "expression_parser": null,
          "offset": 0.0,
          "label_which_features": 1,
          "symbol_id": 65535,
          "layer_full_extent": null,
          "scale_ratio": 0.0,
          "reference_scale": 0.0,
          "units_world_coordinates": "unknown",
          "priority": 2,
          "create_unplaced_elements": true,
          "feature_linked": false,
          "use_output": 65535,
          "annotation_class_id": 1,
          "add_unplaced_to_graphics_container": true,
          "type": "LabelEngineLayerProperties",
          "version": 7,
          "ref_id": 37
        }
      ],
      "type": "AnnotateLayerPropertiesCollection",
      "version": 2,
      "ref_id": 36
    },
    "display_filter": null,
    "transparency": 0,
    "brightness": 0,
    "hyperlink_type": "document",
    "hyperlink_field": "",
    "hyperlink_macro_name": "",
    "scale_symbols": true,
    "selection_color": null,
    "show_selection_using_symbol": false,
    "cached": false,
    "show_map_tips": false,
    "selected_feature_symbol": {
      "color": {
        "R": 0,
        "G": 255,
        "B": 255,
        "dither": true,
        "is_null": false,
        "type": "RgbColor",
        "version": 1,
        "ref_id": 49
      },
      "width": 2.0,
      "line_type": "solid",
      "type": "SimpleLineSymbol",
      "version": 1,
      "ref_id": 48,
      "enabled": true,
      "locked": false,
      "symbol_level": 0
    },
    "layer_extent": {
      "x_min": -117.62319839219202,
      "x_max": -82.32264950756866,
      "y_min": 23.208205805153852,
      "y_max": 46.18290982922531,
      "crs": {
        "wkt": "GEOGCS[\"WGS 84\",DATUM[\"unknown\",SPHEROID[\"WGS84\",6378137.0,298.257223563]],PRIMEM[\"Greenwich\",0.0],UNIT[\"degree\",0.0174532925199433]]",
        "x_origin": -400.0,
        "y_origin": -400.0,
        "xy_scale": 1111948722.222222,
        "z_origin": -100000.0,
        "z_scale": 10000.0,
        "m_origin": -100000.0,
        "m_scale": 10000.0,
        "xy_tolerance": 8.983152841195215e-09,
        "z_tolerance": 0.001,
        "m_tolerance": 0.001,
        "is_high_precision": true,
        "type": "GeographicCoordinateSystem",
        "version": 7,
        "ref_id": 51
      },
      "type": "Envelope",
      "version": 3,
      "ref_id": 50
    },
    "features_excluded_from_rendering": {
      "features": [],
      "type": "FeatureIDSet",
      "version": 1,
      "ref_id": 46
    },
    "uid": {
      "value": "01004145-0d1c-11d2-a26f-080009b6f22b",
      "sub_type": 0,
      "type": "UID",
      "version": 1,
      "ref_id": 52
    },
    "display_expression_properties": {
      "expression": "[Name]",
      "advanced": false,
      "expression_parser": {
        "show_coded": true,
        "type": "AnnotationVBScriptEngine",
        "version": 2,
        "ref_id": 54
      },
      "type": "DisplayExpressionProperties",
      "version": 1,
      "ref_id": 53
    },
    "map_tip_hide_field_name": false,
    "map_tip_show_coded": true,
    "map_tip_field_name": "",
    "map_tip_url_prefix": "",
    "map_tip_url_suffix": "",
    "map_tip_xsl": "",
    "html_popup_enabled": true,
    "html_popup_style": "two_column_table",
    "html_popup_download_attachment": false,
    "use_advanced_symbol_levels": false,
    "time_enabled": false,
    "time_zone": null,
    "time_step": 0.0,
    "time_step_units": "hours",
    "time_offset": 0.0,
    "time_offset_units": "years",
    "time_data_changes_regularly": true,
    "time_format": "",
    "time_display_cumulative": false,
    "time_field": "",
    "time_end_field": "",
    "time_extent": null,
    "time_dimension_name": "",
    "time_dimension_format": "",
    "track_id_field_name": "",
    "extensions": [
      {
        "properties": {
          "ServiceLayerID": 2,
          "type": "PropertySet",
          "version": 1,
          "ref_id": 47
        },
        "type": "ServerLayerExtension",
        "version": 1
      }
    ],
    "join_type": "left_outer",
    "join": null,
    "relations": [],
    "hyperlinks": [],
    "selection_set": [],
    "hyperlink_expression_properties": {
      "expression": "",
      "is_expression_simple": true,
      "parser": null,
      "type": "HotLinkExpressionProperties",
      "version": 1,
      "ref_id": 55
    },
    "selectable": true,
    "weight": 99.0,
    "shape_type": "polyline",
    "use_page_definition_query": false,
    "page_name_field": "",
    "page_name_match_operator": "",
    "display_field": "Name",
    "area_of_interest": null,
    "type": "FeatureLayer",
    "version": 34,
    "ref_id": 0
  }
}