{
  "root": {
    "name": "se_asia",
    "description": "",
    "datasource_type": "Shapefile Feature Class",
    "dataset_name": {
      "name": "se_asia",
      "dataset_name": {
        "name": "F:\\Gis Data\\Asian Cities and Boundaries",
        "browse_name": "Shapefile Data",
        "connection_properties": {
          "DATABASE": "F:\\Gis Data\\Asian Cities and Boundaries",
          "type": "PropertySet",
          "version": 1,
          "ref_id": 3
        },
        "path_name": "",
        "workspace_type": "ESRI_FILESYSTEM_WORKSPACE",
        "workspace_factory": {
          "type": "ShapefileWorkspaceFactory",
          "version": 1
        },
        "name_string": "",
        "type": "WorkspaceName",
        "version": 1,
        "ref_id": 2
      },
      "datasource_type": "Shapefile Feature Class",
      "feature_type": "FT_SIMPLE",
      "shape_field_name": "Shape",
      "shape_type": "polygon",
      "type": "FeatureClassName",
      "version": 2,
      "ref_id": 1
    },
    "renderer": {
      "rotation_attribute": "",
      "rotation_type": "geographic",
      "rotate_flag_3d": "none",
      "rotation_expression_x": "",
      "rotation_expression_y": "",
      "rotation_expression_z": "",
      "transparency_attribute": "",
      "random_rotation_min_x": 0.0,
      "random_rotation_max_x": 360,
      "random_rotation_min_y": 0.0,
      "random_rotation_max_y": 360,
      "random_rotation_min_z": 0.0,
      "random_rotation_max_z": 360,
      "graduated_expression": "",
      "graduated_size_type": "",
      "random_size_min": 0.1,
      "random_size_max": 100.0,
      "fields": [
        "COUNTRY"
      ],
      "concatenator": ", ",
      "symbol": {
        "levels": [
          {
            "color": {
              "R": 240,
              "G": 240,
              "B": 240,
              "dither": true,
              "is_null": true,
              "type": "RgbColor",
              "version": 1,
              "ref_id": 10
            },
            "outline": {
              "color": {
                "R": 110,
                "G": 110,
                "B": 110,
                "dither": true,
                "is_null": false,
                "type": "RgbColor",
                "version": 1,
                "ref_id": 9
              },
              "width": 0.4,
              "line_type": "solid",
              "type": "SimpleLineSymbol",
              "version": 1,
              "ref_id": 8,
              "enabled": true,
              "locked": false,
              "symbol_level": 0
            },
            "fill_style": "solid",
            "type": "SimpleFillSymbol",
            "version": 1,
            "ref_id": 7,
            "enabled": true,
            "locked": false,
            "symbol_level": 0
          }
        ],
        "symbol_level": 0,
        "type": "MultiLayerFillSymbol",
        "version": 1,
        "ref_id": 5
      },
      "groups": [
        {
          "heading": "",
          "visible": true,
          "editable_or_expanded": true,
          "classes": [
            {
              "symbol": {
                "levels": [
                  {
                    "color": {
                      "R": 240,
                      "G": 240,
                      "B": 240,
                      "dither": true,
                      "is_null": true,
                      "type": "RgbColor",
                      "version": 1,
                      "ref_id": 10
                    },
                    "outline": {
                      "color": {
                        "R": 110,
                        "G": 110,
                        "B": 110,
                        "dither": true,
                        "is_null": false,
                        "type": "RgbColor",
                        "version": 1,
                        "ref_id": 9
                      },
                      "width": 0.4,
                      "line_type": "solid",
                      "type": "SimpleLineSymbol",
                      "version": 1,
                      "ref_id": 8,
                      "enabled": true,
                      "locked": false,
                      "symbol_level": 0
                    },
                    "fill_style": "solid",
                    "type": "SimpleFillSymbol",
                    "version": 1,
                    "ref_id": 7,
                    "enabled": true,
                    "locked": false,
                    "symbol_level": 0
                  }
                ],
                "symbol_level": 0,
                "type": "MultiLayerFillSymbol",
                "version": 1,
                "ref_id": 5
              },
              "format": null,
              "label": "<all other values>",
              "description": "",
              "feature_count": null,
              "type": "LegendClass",
              "version": 1,
              "ref_id": 12
            }
          ],
          "type": "LegendGroup",
          "version": 2,
          "ref_id": 11
        },
        {
          "heading": "COUNTRY",
          "visible": true,
          "editable_or_expanded": true,
          "classes": [
            {
              "symbol": {
                "levels": [
                  {
                    "color": {
                      "R": 223,
                      "G": 115,
                      "B": 255,
                      "dither": false,
                      "is_null": false,
                      "type": "RgbColor",
                      "version": 1,
                      "ref_id": 20
                    },
                    "outline": {
                      "color": {
                        "R": 110,
                        "G": 110,
                        "B": 110,
                        "dither": true,
                        "is_null": false,
                        "type": "RgbColor",
                        "version": 1,
                        "ref_id": 19
                      },
                      "width": 0.0,
                      "line_type": "solid",
                      "type": "SimpleLineSymbol",
                      "version": 1,
                      "ref_id": 18,
                      "enabled": true,
                      "locked": false,
                      "symbol_level": 0
                    },
                    "fill_style": "solid",
                    "type": "SimpleFillSymbol",
                    "version": 1,
                    "ref_id": 17,
                    "enabled": true,
                    "locked": false,
                    "symbol_level": 0
                  }
                ],
                "symbol_level": 0,
                "type": "MultiLayerFillSymbol",
                "version": 1,
                "ref_id": 15
              },
              "format": null,
              "label": "1",
              "description": "",
              "feature_count": null,
              "type": "LegendClass",
              "version": 1,
              "ref_id": 14
            },
            {
              "symbol": {
                "levels": [
                  {
                    "color": {
                      "R": 240,
                      "G": 240,
                      "B": 240,
                      "dither": true,
                      "is_null": true,
                      "type": "RgbColor",
                      "version": 1,
                      "ref_id": 27
                    },
                    "outline": {
                      "color": {
                        "R": 110,
                        "G": 110,
                        "B": 110,
                        "dither": true,
                        "is_null": false,
                        "type": "RgbColor",
                        "version": 1,
                        "ref_id": 26
                      },
                      "width": 0.4,
                      "line_type": "solid",
                      "type": "SimpleLineSymbol",
                      "version": 1,
                      "ref_id": 25,
                      "enabled": true,
                      "locked": false,
                      "symbol_level": 0
                    },
                    "fill_style": "solid",
                    "type": "SimpleFillSymbol",
                    "version": 1,
                    "ref_id": 24,
                    "enabled": true,
                    "locked": false,
                    "symbol_level": 0
                  }
                ],
                "symbol_level": 0,
                "type": "MultiLayerFillSymbol",
                "version": 1,
                "ref_id": 22
              },
              "format": null,
              "label": "2",
              "description": "",
              "feature_count": null,
              "type": "LegendClass",
              "version": 1,
              "ref_id": 21
            },
            {
              "symbol": {
                "levels": [
                  {
                    "color": {
                      "R": 240,
                      "G": 240,
                      "B": 240,
                      "dither": true,
                      "is_null": true,
                      "type": "RgbColor",
                      "version": 1,
                      "ref_id": 34
                    },
                    "outline": {
                      "color": {
                        "R": 110,
                        "G": 110,
                        "B": 110,
                        "dither": true,
                        "is_null": false,
                        "type": "RgbColor",
                        "version": 1,
                        "ref_id": 33
                      },
                      "width": 0.4,
                      "line_type": "solid",
                      "type": "SimpleLineSymbol",
                      "version": 1,
                      "ref_id": 32,
                      "enabled": true,
                      "locked": false,
                      "symbol_level": 0
                    },
                    "fill_style": "solid",
                    "type": "SimpleFillSymbol",
                    "version": 1,
                    "ref_id": 31,
                    "enabled": true,
                    "locked": false,
                    "symbol_level": 0
                  }
                ],
                "symbol_level": 0,
                "type": "MultiLayerFillSymbol",
                "version": 1,
                "ref_id": 29
              },
              "format": null,
              "label": "3",
              "description": "",
              "feature_count": null,
              "type": "LegendClass",
              "version": 1,
              "ref_id": 28
            },
            {
              "symbol": {
                "levels": [
                  {
                    "color": {
                      "R": 240,
                      "G": 240,
                      "B": 240,
                      "dither": true,
                      "is_null": true,
                      "type": "RgbColor",
                      "version": 1,
                      "ref_id": 41
                    },
                    "outline": {
                      "color": {
                        "R": 110,
                        "G": 110,
                        "B": 110,
                        "dither": true,
                        "is_null": false,
                        "type": "RgbColor",
                        "version": 1,
                        "ref_id": 40
                      },
                      "width": 0.4,
                      "line_type": "solid",
                      "type": "SimpleLineSymbol",
                      "version": 1,
                      "ref_id": 39,
                      "enabled": true,
                      "locked": false,
                      "symbol_level": 0
                    },
                    "fill_style": "solid",
                    "type": "SimpleFillSymbol",
                    "version": 1,
                    "ref_id": 38,
                    "enabled": true,
                    "locked": false,
                    "symbol_level": 0
                  }
                ],
                "symbol_level": 0,
                "type": "MultiLayerFillSymbol",
                "version": 1,
                "ref_id": 36
              },
              "format": null,
              "label": "4",
              "description": "",
              "feature_count": null,
              "type": "LegendClass",
              "version": 1,
              "ref_id": 35
            },
            {
              "symbol": {
                "levels": [
                  {
                    "color": {
                      "R": 240,
                      "G": 240,
                      "B": 240,
                      "dither": true,
                      "is_null": true,
                      "type": "RgbColor",
                      "version": 1,
                      "ref_id": 48
                    },
                    "outline": {
                      "color": {
                        "R": 110,
                        "G": 110,
                        "B": 110,
                        "dither": true,
                        "is_null": false,
                        "type": "RgbColor",
                        "version": 1,
                        "ref_id": 47
                      },
                      "width": 0.4,
                      "line_type": "solid",
                      "type": "SimpleLineSymbol",
                      "version": 1,
                      "ref_id": 46,
                      "enabled": true,
                      "locked": false,
                      "symbol_level": 0
                    },
                    "fill_style": "solid",
                    "type": "SimpleFillSymbol",
                    "version": 1,
                    "ref_id": 45,
                    "enabled": true,
                    "locked": false,
                    "symbol_level": 0
                  }
                ],
                "symbol_level": 0,
                "type": "MultiLayerFillSymbol",
                "version": 1,
                "ref_id": 43
              },
              "format": null,
              "label": "5",
              "description": "",
              "feature_count": null,
              "type": "LegendClass",
              "version": 1,
              "ref_id": 42
            },
            {
              "symbol": {
                "levels": [
                  {
                    "color": {
                      "R": 240,
                      "G": 240,
                      "B": 240,
                      "dither": true,
                      "is_null": true,
                      "type": "RgbColor",
                      "version": 1,
                      "ref_id": 55
                    },
                    "outline": {
                      "color": {
                        "R": 110,
                        "G": 110,
                        "B": 110,
                        "dither": true,
                        "is_null": false,
                        "type": "RgbColor",
                        "version": 1,
                        "ref_id": 54
                      },
                      "width": 0.4,
                      "line_type": "solid",
                      "type": "SimpleLineSymbol",
                      "version": 1,
                      "ref_id": 53,
                      "enabled": true,
                      "locked": false,
                      "symbol_level": 0
                    },
                    "fill_style": "solid",
                    "type": "SimpleFillSymbol",
                    "version": 1,
                    "ref_id": 52,
                    "enabled": true,
                    "locked": false,
                    "symbol_level": 0
                  }
                ],
                "symbol_level": 0,
                "type": "MultiLayerFillSymbol",
                "version": 1,
                "ref_id": 50
              },
              "format": null,
              "label": "6",
              "description": "",
              "feature_count": null,
              "type": "LegendClass",
              "version": 1,
              "ref_id": 49
            },
            {
              "symbol": {
                "levels": [
                  {
                    "color": {
                      "R": 240,
                      "G": 240,
                      "B": 240,
                      "dither": true,
                      "is_null": true,
                      "type": "RgbColor",
                      "version": 1,
                      "ref_id": 62
                    },
                    "outline": {
                      "color": {
                        "R": 110,
                        "G": 110,
                        "B": 110,
                        "dither": true,
                        "is_null": false,
                        "type": "RgbColor",
                        "version": 1,
                        "ref_id": 61
                      },
                      "width": 0.4,
                      "line_type": "solid",
                      "type": "SimpleLineSymbol",
                      "version": 1,
                      "ref_id": 60,
                      "enabled": true,
                      "locked": false,
                      "symbol_level": 0
                    },
                    "fill_style": "solid",
                    "type": "SimpleFillSymbol",
                    "version": 1,
                    "ref_id": 59,
                    "enabled": true,
                    "locked": false,
                    "symbol_level": 0
                  }
                ],
                "symbol_level": 0,
                "type": "MultiLayerFillSymbol",
                "version": 1,
                "ref_id": 57
              },
              "format": null,
              "label": "7",
              "description": "",
              "feature_count": null,
              "type": "LegendClass",
              "version": 1,
              "ref_id": 56
            }
          ],
          "type": "LegendGroup",
          "version": 2,
          "ref_id": 13
        }
      ],
      "values": [
        "1",
        "2",
        "3",
        "4",
        "5",
        "6",
        "7"
      ],
      "include_all_other": true,
      "all_other_value": "<all other values>",
      "reversed": false,
      "ramp": null,
      "ramp_name": "Pastels",
      "style_path": "",
      "flip_symbols": false,
      "type": "UniqueValueRenderer",
      "version": 2,
      "ref_id": 4
    },
    "field_format": {
      "FID": {
        "alias": "FID",
        "number_format": null,
        "visible": true,
        "highlight": true,
        "read_only": true,
        "value_as_ratio": false,
        "type": "FieldInfo",
        "version": 3,
        "ref_id": 63
      },
      "Shape": {
        "alias": "Shape",
        "number_format": null,
        "visible": true,
        "highlight": true,
        "read_only": true,
        "value_as_ratio": false,
        "type": "FieldInfo",
        "version": 3,
        "ref_id": 64
      },
      "AREA": {
        "alias": "AREA",
        "number_format": {
          "alignment": "ALIGN_RIGHT",
          "alignment_width": 12,
          "rounding": "ROUND_NUMBER_OF_DECIMALS",
          "rounding_value": 3,
          "show_plus_sign": false,
          "zero_pad": false,
          "thousands": false,
          "type": "NumericFormat",
          "version": 1,
          "ref_id": 66
        },
        "visible": true,
        "highlight": true,
        "read_only": true,
        "value_as_ratio": false,
        "type": "FieldInfo",
        "version": 3,
        "ref_id": 65
      },
      "PERIMETER": {
        "alias": "PERIMETER",
        "number_format": {
          "alignment": "ALIGN_RIGHT",
          "alignment_width": 12,
          "rounding": "ROUND_NUMBER_OF_DECIMALS",
          "rounding_value": 3,
          "show_plus_sign": false,
          "zero_pad": false,
          "thousands": false,
          "type": "NumericFormat",
          "version": 1,
          "ref_id": 68
        },
        "visible": true,
        "highlight": true,
        "read_only": true,
        "value_as_ratio": false,
        "type": "FieldInfo",
        "version": 3,
        "ref_id": 67
      },
      "COUNTRY": {
        "alias": "COUNTRY",
        "number_format": {
          "alignment": "ALIGN_RIGHT",
          "alignment_width": 12,
          "rounding": "ROUND_NUMBER_OF_DECIMALS",
          "rounding_value": 0,
          "show_plus_sign": false,
          "zero_pad": false,
          "thousands": false,
          "type": "NumericFormat",
          "version": 1,
          "ref_id": 70
        },
        "visible": true,
        "highlight": true,
        "read_only": true,
        "value_as_ratio": false,
        "type": "FieldInfo",
        "version": 3,
        "ref_id": 69
      }
    },
    "visible": true,
    "zoom_min": 0.0,
    "zoom_max": 0.0,
    "stored_zoom_min": 0.0,
    "stored_zoom_max": 0.0,
    "definition_query": "",
    "definition_query_search_order": "spatial_first",
    "labels_enabled": false,
    "annotation_collection": {
      "properties": [
        {
          "label_features": true,
          "class_name": "Default",
          "class_filter": "",
          "expression": "[COUNTRY]",
          "advanced_expression": false,
          "scale_range_min": 0.0,
          "scale_range_max": 0.0,
          "text_symbol": {
            "color": {
              "R": 0,
              "G": 0,
              "B": 0,
              "dither": false,
              "is_null": false,
              "type": "RgbColor",
              "version": 1,
              "ref_id": 74
            },
            "raster_op": 13,
            "symbol_level": 0,
            "character_spacing": 0.0,
            "character_width": 100.0,
            "word_spacing": 100.0,
            "flip_angle": 90.0,
            "leading": 0.0,
            "right_to_left": false,
            "cjk_orientation": false,
            "kerning": true,
            "case": "normal",
            "x_offset": 0.0,
            "y_offset": 0.0,
            "position": "normal",
            "shadow_x_offset": 0.0,
            "shadow_y_offset": 0.0,
            "shadow_color": {
              "R": 0,
              "G": 0,
              "B": 0,
              "dither": false,
              "is_null": false,
              "type": "RgbColor",
              "version": 1,
              "ref_id": 75
            },
            "angle": 0.0,
            "font_size": 8.0,
            "font": {
              "font_name": "Arial",
              "charset": 0,
              "weight": 400,
              "size": 8.0,
              "italic": false,
              "strikethrough": false,
              "underline": false,
              "type": "Font",
              "version": 1,
              "ref_id": 76
            },
            "halo_enabled": false,
            "halo_size": 2.0,
            "halo_symbol": null,
            "background_symbol": null,
            "horizontal_alignment": "center",
            "vertical_alignment": "bottom",
            "text_fill_symbol": null,
            "text_direction": 0,
            "type_setting": true,
            "break_character": null,
            "clip": false,
            "rotate_with_transform": false,
            "type": "TextSymbol",
            "version": 4,
            "ref_id": 73
          },
          "overposter": {
            "line_label_position": {
              "above": true,
              "below": false,
              "online": false,
              "follow_line_orientation": false,
              "curved": false,
              "parallel": true,
              "perpendicular": false,
              "horizontal": false,
              "at_start": false,
              "at_end": false,
              "before_after_distance": 0.0,
              "best_position_along_line": true,
              "right_of_line": false,
              "type": "LineLabelPosition",
              "version": 2,
              "ref_id": 78
            },
            "line_label_priorities": {
              "above_before": 3,
              "above_at": 3,
              "above_after": 3,
              "on_line_before": 3,
              "on_line_at": 3,
              "on_line_after": 3,
              "below_before": 3,
              "below_at": 3,
              "below_after": 3,
              "type": "LineLabelPlacementPriorities",
              "version": 1,
              "ref_id": 79
            },
            "point_placement_method": "around",
            "point_placement_priorities": {
              "top_left": 2,
              "top_center": 2,
              "top_right": 1,
              "center_right": 2,
              "bottom_right": 2,
              "bottom_center": 3,
              "bottom_left": 3,
              "center_left": 3,
              "type": "PointPlacementPriorities",
              "version": 1,
              "ref_id": 80
            },
            "point_label_angle_field": "",
            "point_label_angle_perpendicular": false,
            "point_place_over_feature": false,
            "specified_point_angles": [],
            "polygon_placement_method": "always_horizontal",
            "polygon_only_inside": false,
            "margin_size": 0.0,
            "offset": 0.0,
            "number_restriction": "one_per_part",
            "feature_weight": "none",
            "label_weight": "high",
            "place_overlapping": false,
            "geometry_type": 2,
            "generate_unplaced": true,
            "max_distance_from_feature": 0.0,
            "point_label_angle_type": 1,
            "is_barrier": false,
            "place_labels": false,
            "place_symbols": false,
            "type": "BasicOverposterLayerProperties",
            "version": 6,
            "ref_id": 77
          },
          "expression_parser": {
            "show_coded": true,
            "type": "AnnotationVBScriptEngine",
            "version": 2,
            "ref_id": 81
          },
          "offset": 0.0,
          "label_which_features": 1,
          "symbol_id": 65535,
          "layer_full_extent": null,
          "scale_ratio": 0.0,
          "reference_scale": 0.0,
          "units_world_coordinates": "unknown",
          "priority": 4294967295,
          "create_unplaced_elements": true,
          "feature_linked": false,
          "use_output": 65535,
          "annotation_class_id": 0,
          "add_unplaced_to_graphics_container": true,
          "type": "LabelEngineLayerProperties",
          "version": 7,
          "ref_id": 72
        }
      ],
      "type": "AnnotateLayerPropertiesCollection",
      "version": 2,
      "ref_id": 71
    },
    "display_filter": null,
    "transparency": 0,
    "brightness": 0,
    "hyperlink_type": "document",
    "hyperlink_field": "",
    "hyperlink_macro_name": "",
    "scale_symbols": true,
    "selection_color": null,
    "show_selection_using_symbol": false,
    "cached": false,
    "show_map_tips": false,
    "selected_feature_symbol": {
      "color": {
        "R": 0,
        "G": 0,
        "B": 0,
        "dither": true,
        "is_null": true,
        "type": "RgbColor",
        "version": 1,
        "ref_id": 86
      },
      "outline": {
        "color": {
          "R": 0,
          "G": 255,
          "B": 255,
          "dither": true,
          "is_null": false,
          "type": "RgbColor",
          "version": 1,
          "ref_id": 85
        },
        "width": 2.0,
        "line_type": "solid",
        "type": "SimpleLineSymbol",
        "version": 1,
        "ref_id": 84,
        "enabled": true,
        "locked": false,
        "symbol_level": 0
      },
      "fill_style": "solid",
      "type": "SimpleFillSymbol",
      "version": 1,
      "ref_id": 83,
      "enabled": true,
      "locked": false,
      "symbol_level": 0
    },
    "layer_extent": {
      "x_min": -131980.359375,
      "x_max": 1007716.875,
      "y_min": 921925.0,
      "y_max": 2516196.25,
      "crs": {
        "name": "Unknown",
        "x_origin": -757835.1796875,
        "y_origin": 523357.1875,
        "m_origin": NaN,
        "z_origin": NaN,
        "xy_resolution": 3766485473.0088496,
        "z_resolution": NaN,
        "m_resolution": NaN,
        "xy_tolerance": 0.001,
        "z_tolerance": 0.001,
        "m_tolerance": 0.001,
        "is_high_precision": true,
        "type": "UnknownCoordinateSystem",
        "version": 3,
        "ref_id": 88
      },
      "type": "Envelope",
      "version": 3,
      "ref_id": 87
    },
    "features_excluded_from_rendering": {
      "features": [],
      "type": "FeatureIDSet",
      "version": 1,
      "ref_id": 82
    },
    "uid": {
      "value": "01004145-0d1c-11d2-a26f-080009b6f22b",
      "sub_type": 0,
      "type": "UID",
      "version": 1,
      "ref_id": 89
    },
    "display_expression_properties": null,
    "map_tip_hide_field_name": false,
    "map_tip_show_coded": true,
    "map_tip_field_name": "",
    "map_tip_url_prefix": "",
    "map_tip_url_suffix": "",
    "map_tip_xsl": "",
    "html_popup_enabled": false,
    "html_popup_style": "two_column_table",
    "html_popup_download_attachment": false,
    "use_advanced_symbol_levels": false,
    "time_enabled": false,
    "time_zone": null,
    "time_step": 0,
    "time_step_units": "unknown",
    "time_offset": 0,
    "time_offset_units": "unknown",
    "time_data_changes_regularly": false,
    "time_format": "",
    "time_display_cumulative": false,
    "time_field": "",
    "time_end_field": "",
    "time_extent": null,
    "time_dimension_name": "",
    "time_dimension_format": "",
    "track_id_field_name": "",
    "extensions": [],
    "join_type": "left_outer",
    "join": null,
    "relations": [],
    "hyperlinks": [],
    "selection_set": [],
    "hyperlink_expression_properties": null,
    "selectable": true,
    "weight": 100.0,
    "shape_type": "polygon",
    "use_page_definition_query": false,
    "page_name_field": "",
    "page_name_match_operator": "",
    "display_field": "AREA",
    "area_of_interest": null,
    "type": "FeatureLayer",
    "version": 25,
    "ref_id": 0
  }
}