{
  "root": {
    "name": "IP villages English - complete Events",
    "description": "",
    "datasource_type": "XY Event Source",
    "dataset_name": {
      "name": "IP villages English - complete_Features",
      "feature_dataset_name": {
        "name": "IP villages English - complete",
        "category": "",
        "datasource_type": "dBASE Table",
        "workspace_name": {
          "name": "d:\\henry documents\\gis\\villages",
          "browse_name": "Shapefile Data",
          "connection_properties": {
            "DATABASE": "D:\\Henry Documents\\GIS\\Villages",
            "type": "PropertySet",
            "version": 1,
            "ref_id": 4
          },
          "path_name": "",
          "workspace_type": "ESRI_FILESYSTEM_WORKSPACE",
          "workspace_factory": {
            "type": "ShapefileWorkspaceFactory",
            "version": 1
          },
          "name_string": "ARCINFO: Workspace = \\\\C56\\D$\\henry documents\\gis\\villages;",
          "type": "WorkspaceName",
          "version": 1,
          "ref_id": 3
        },
        "type": "TableName",
        "version": 1,
        "ref_id": 2
      },
      "event_properties": {
        "x_field": "X",
        "y_field": "Y",
        "z_field": "",
        "type": "XYEvent2FieldsProperties",
        "version": 1,
        "ref_id": 5
      },
      "crs": {
        "name": "Unknown",
        "x_origin": -4012604.513152,
        "y_origin": -3610343.013152,
        "m_origin": 0.0,
        "z_origin": 0.0,
        "xy_resolution": 244.14062477262632,
        "z_resolution": 100000.0,
        "m_resolution": 100000.0,
        "xy_tolerance": null,
        "z_tolerance": null,
        "m_tolerance": null,
        "is_high_precision": false,
        "type": "UnknownCoordinateSystem",
        "version": 1,
        "ref_id": 6
      },
      "type": "XYEventSourceName",
      "version": 1,
      "ref_id": 1
    },
    "renderer": {
      "rotation_attribute": "",
      "rotation_type": "geographic",
      "rotate_flag_3d": "none",
      "rotation_expression_x": "",
      "rotation_expression_y": "",
      "rotation_expression_z": "",
      "transparency_attribute": "",
      "random_rotation_min_x": 0.0,
      "random_rotation_max_x": 360,
      "random_rotation_min_y": 0.0,
      "random_rotation_max_y": 360,
      "random_rotation_min_z": 0.0,
      "random_rotation_max_z": 360,
      "graduated_expression": "",
      "graduated_size_type": "",
      "random_size_min": 0.1,
      "random_size_max": 100.0,
      "symbol": {
        "color": {
          "R": 72,
          "G": 0,
          "B": 128,
          "dither": false,
          "is_null": false,
          "type": "HsvColor",
          "version": 1,
          "ref_id": 9
        },
        "marker_type": "circle",
        "size": 4.0,
        "x_offset": 0.0,
        "y_offset": 0.0,
        "outline_enabled": true,
        "outline_color": {
          "R": 0,
          "G": 0,
          "B": 0,
          "dither": false,
          "is_null": false,
          "type": "RgbColor",
          "version": 1,
          "ref_id": 10
        },
        "outline_size": 1.0,
        "rotate_with_transform": true,
        "angle": 0.0,
        "type": "SimpleMarkerSymbol",
        "version": 2,
        "ref_id": 8,
        "enabled": true,
        "locked": false,
        "symbol_level": 0
      },
      "legend_group": {
        "heading": "",
        "visible": true,
        "editable_or_expanded": true,
        "classes": [
          {
            "symbol": {
              "color": {
                "R": 72,
                "G": 0,
                "B": 128,
                "dither": false,
                "is_null": false,
                "type": "HsvColor",
                "version": 1,
                "ref_id": 9
              },
              "marker_type": "circle",
              "size": 4.0,
              "x_offset": 0.0,
              "y_offset": 0.0,
              "outline_enabled": true,
              "outline_color": {
                "R": 0,
                "G": 0,
                "B": 0,
                "dither": false,
                "is_null": false,
                "type": "RgbColor",
                "version": 1,
                "ref_id": 10
              },
              "outline_size": 1.0,
              "rotate_with_transform": true,
              "angle": 0.0,
              "type": "SimpleMarkerSymbol",
              "version": 2,
              "ref_id": 8,
              "enabled": true,
              "locked": false,
              "symbol_level": 0
            },
            "format": null,
            "label": "",
            "description": "",
            "feature_count": null,
            "type": "LegendClass",
            "version": 1,
            "ref_id": 12
          }
        ],
        "type": "LegendGroup",
        "version": 2,
        "ref_id": 11
      },
      "type": "SimpleRenderer",
      "version": 2,
      "ref_id": 7
    },
    "field_format": {
      "OID": {
        "alias": "OID",
        "number_format": null,
        "visible": true,
        "highlight": false,
        "read_only": false,
        "value_as_ratio": false,
        "type": "FieldInfo",
        "version": 2,
        "ref_id": 13
      },
      "PROVINCE": {
        "alias": "PROVINCE",
        "number_format": null,
        "visible": true,
        "highlight": false,
        "read_only": false,
        "value_as_ratio": false,
        "type": "FieldInfo",
        "version": 2,
        "ref_id": 14
      },
      "DISTRICT": {
        "alias": "DISTRICT",
        "number_format": null,
        "visible": true,
        "highlight": false,
        "read_only": false,
        "value_as_ratio": false,
        "type": "FieldInfo",
        "version": 2,
        "ref_id": 15
      },
      "COMMUNE": {
        "alias": "COMMUNE",
        "number_format": null,
        "visible": true,
        "highlight": false,
        "read_only": false,
        "value_as_ratio": false,
        "type": "FieldInfo",
        "version": 2,
        "ref_id": 16
      },
      "VILLAGE": {
        "alias": "VILLAGE",
        "number_format": null,
        "visible": true,
        "highlight": false,
        "read_only": false,
        "value_as_ratio": false,
        "type": "FieldInfo",
        "version": 2,
        "ref_id": 17
      },
      "ID": {
        "alias": "ID",
        "number_format": null,
        "visible": true,
        "highlight": false,
        "read_only": false,
        "value_as_ratio": false,
        "type": "FieldInfo",
        "version": 2,
        "ref_id": 18
      },
      "X": {
        "alias": "X",
        "number_format": {
          "alignment": "ALIGN_RIGHT",
          "alignment_width": 12,
          "rounding": "ROUND_NUMBER_OF_DECIMALS",
          "rounding_value": 0,
          "show_plus_sign": false,
          "zero_pad": false,
          "thousands": false,
          "type": "NumericFormat",
          "version": 1,
          "ref_id": 20
        },
        "visible": true,
        "highlight": false,
        "read_only": false,
        "value_as_ratio": false,
        "type": "FieldInfo",
        "version": 2,
        "ref_id": 19
      },
      "Y": {
        "alias": "Y",
        "number_format": {
          "alignment": "ALIGN_RIGHT",
          "alignment_width": 12,
          "rounding": "ROUND_NUMBER_OF_DECIMALS",
          "rounding_value": 0,
          "show_plus_sign": false,
          "zero_pad": false,
          "thousands": false,
          "type": "NumericFormat",
          "version": 1,
          "ref_id": 22
        },
        "visible": true,
        "highlight": false,
        "read_only": false,
        "value_as_ratio": false,
        "type": "FieldInfo",
        "version": 2,
        "ref_id": 21
      },
      "KREUNG": {
        "alias": "KREUNG",
        "number_format": null,
        "visible": true,
        "highlight": false,
        "read_only": false,
        "value_as_ratio": false,
        "type": "FieldInfo",
        "version": 2,
        "ref_id": 23
      },
      "JARAI": {
        "alias": "JARAI",
        "number_format": null,
        "visible": true,
        "highlight": false,
        "read_only": false,
        "value_as_ratio": false,
        "type": "FieldInfo",
        "version": 2,
        "ref_id": 24
      },
      "BRAO": {
        "alias": "BRAO",
        "number_format": null,
        "visible": true,
        "highlight": false,
        "read_only": false,
        "value_as_ratio": false,
        "type": "FieldInfo",
        "version": 2,
        "ref_id": 25
      },
      "KACHAK": {
        "alias": "KACHAK",
        "number_format": null,
        "visible": true,
        "highlight": false,
        "read_only": false,
        "value_as_ratio": false,
        "type": "FieldInfo",
        "version": 2,
        "ref_id": 26
      },
      "LUN": {
        "alias": "LUN",
        "number_format": null,
        "visible": true,
        "highlight": false,
        "read_only": false,
        "value_as_ratio": false,
        "type": "FieldInfo",
        "version": 2,
        "ref_id": 27
      },
      "PUNONG": {
        "alias": "PUNONG",
        "number_format": null,
        "visible": true,
        "highlight": false,
        "read_only": false,
        "value_as_ratio": false,
        "type": "FieldInfo",
        "version": 2,
        "ref_id": 28
      },
      "KAVET": {
        "alias": "KAVET",
        "number_format": null,
        "visible": true,
        "highlight": false,
        "read_only": false,
        "value_as_ratio": false,
        "type": "FieldInfo",
        "version": 2,
        "ref_id": 29
      },
      "TUMPUON": {
        "alias": "TUMPUON",
        "number_format": null,
        "visible": true,
        "highlight": false,
        "read_only": false,
        "value_as_ratio": false,
        "type": "FieldInfo",
        "version": 2,
        "ref_id": 30
      },
      "KUI": {
        "alias": "KUI",
        "number_format": null,
        "visible": true,
        "highlight": false,
        "read_only": false,
        "value_as_ratio": false,
        "type": "FieldInfo",
        "version": 2,
        "ref_id": 31
      },
      "STIENG": {
        "alias": "STIENG",
        "number_format": null,
        "visible": true,
        "highlight": false,
        "read_only": false,
        "value_as_ratio": false,
        "type": "FieldInfo",
        "version": 2,
        "ref_id": 32
      },
      "KHAONH": {
        "alias": "KHAONH",
        "number_format": null,
        "visible": true,
        "highlight": false,
        "read_only": false,
        "value_as_ratio": false,
        "type": "FieldInfo",
        "version": 2,
        "ref_id": 33
      },
      "KRAOL": {
        "alias": "KRAOL",
        "number_format": null,
        "visible": true,
        "highlight": false,
        "read_only": false,
        "value_as_ratio": false,
        "type": "FieldInfo",
        "version": 2,
        "ref_id": 34
      },
      "MIL": {
        "alias": "MIL",
        "number_format": null,
        "visible": true,
        "highlight": false,
        "read_only": false,
        "value_as_ratio": false,
        "type": "FieldInfo",
        "version": 2,
        "ref_id": 35
      },
      "CHONG": {
        "alias": "CHONG",
        "number_format": null,
        "visible": true,
        "highlight": false,
        "read_only": false,
        "value_as_ratio": false,
        "type": "FieldInfo",
        "version": 2,
        "ref_id": 36
      },
      "THMON": {
        "alias": "THMON",
        "number_format": null,
        "visible": true,
        "highlight": false,
        "read_only": false,
        "value_as_ratio": false,
        "type": "FieldInfo",
        "version": 2,
        "ref_id": 37
      },
      "KANCHRUK": {
        "alias": "KANCHRUK",
        "number_format": null,
        "visible": true,
        "highlight": false,
        "read_only": false,
        "value_as_ratio": false,
        "type": "FieldInfo",
        "version": 2,
        "ref_id": 38
      },
      "POR": {
        "alias": "POR",
        "number_format": null,
        "visible": true,
        "highlight": false,
        "read_only": false,
        "value_as_ratio": false,
        "type": "FieldInfo",
        "version": 2,
        "ref_id": 39
      },
      "SUOY": {
        "alias": "SUOY",
        "number_format": null,
        "visible": true,
        "highlight": false,
        "read_only": false,
        "value_as_ratio": false,
        "type": "FieldInfo",
        "version": 2,
        "ref_id": 40
      },
      "K.DAOEM": {
        "alias": "K.DAOEM",
        "number_format": null,
        "visible": true,
        "highlight": false,
        "read_only": false,
        "value_as_ratio": false,
        "type": "FieldInfo",
        "version": 2,
        "ref_id": 41
      },
      "S'OCH": {
        "alias": "S'OCH",
        "number_format": null,
        "visible": true,
        "highlight": false,
        "read_only": false,
        "value_as_ratio": false,
        "type": "FieldInfo",
        "version": 2,
        "ref_id": 42
      },
      "R'ONG": {
        "alias": "R'ONG",
        "number_format": null,
        "visible": true,
        "highlight": false,
        "read_only": false,
        "value_as_ratio": false,
        "type": "FieldInfo",
        "version": 2,
        "ref_id": 43
      },
      "Shape": {
        "alias": "Shape",
        "number_format": null,
        "visible": true,
        "highlight": false,
        "read_only": false,
        "value_as_ratio": false,
        "type": "FieldInfo",
        "version": 2,
        "ref_id": 44
      }
    },
    "visible": false,
    "zoom_min": 0.0,
    "zoom_max": 0.0,
    "stored_zoom_min": 0.0,
    "stored_zoom_max": 0.0,
    "definition_query": "",
    "definition_query_search_order": "spatial_first",
    "labels_enabled": false,
    "annotation_collection": {
      "properties": [
        {
          "label_features": true,
          "class_name": "Default",
          "class_filter": "",
          "expression": "[PROVINCE]",
          "advanced_expression": false,
          "scale_range_min": 0.0,
          "scale_range_max": 0.0,
          "text_symbol": {
            "color": {
              "R": 0,
              "G": 0,
              "B": 0,
              "dither": false,
              "is_null": false,
              "type": "RgbColor",
              "version": 1,
              "ref_id": 48
            },
            "raster_op": 13,
            "symbol_level": 0,
            "character_spacing": 0.0,
            "character_width": 100.0,
            "word_spacing": 100.0,
            "flip_angle": 90.0,
            "leading": 0.0,
            "right_to_left": false,
            "cjk_orientation": false,
            "kerning": true,
            "case": "normal",
            "x_offset": 0.0,
            "y_offset": 0.0,
            "position": "normal",
            "shadow_x_offset": 0.0,
            "shadow_y_offset": 0.0,
            "shadow_color": {
              "R": 0,
              "G": 0,
              "B": 0,
              "dither": false,
              "is_null": false,
              "type": "RgbColor",
              "version": 1,
              "ref_id": 49
            },
            "angle": 0.0,
            "font_size": 8.0,
            "font": {
              "font_name": "Arial",
              "charset": 0,
              "weight": 400,
              "size": 8.0,
              "italic": false,
              "strikethrough": false,
              "underline": false,
              "type": "Font",
              "version": 1,
              "ref_id": 50
            },
            "halo_enabled": false,
            "halo_size": 2.0,
            "halo_symbol": null,
            "background_symbol": null,
            "horizontal_alignment": "center",
            "vertical_alignment": "bottom",
            "text_fill_symbol": null,
            "text_direction": 0,
            "type_setting": true,
            "break_character": null,
            "clip": false,
            "rotate_with_transform": true,
            "type": "TextSymbol",
            "version": 4,
            "ref_id": 47
          },
          "overposter": {
            "line_label_position": {
              "above": true,
              "below": false,
              "online": false,
              "follow_line_orientation": false,
              "curved": false,
              "parallel": true,
              "perpendicular": false,
              "horizontal": false,
              "at_start": false,
              "at_end": false,
              "before_after_distance": 0.0,
              "best_position_along_line": true,
              "right_of_line": false,
              "type": "LineLabelPosition",
              "version": 2,
              "ref_id": 52
            },
            "line_label_priorities": {
              "above_before": 3,
              "above_at": 3,
              "above_after": 3,
              "on_line_before": 3,
              "on_line_at": 3,
              "on_line_after": 3,
              "below_before": 3,
              "below_at": 3,
              "below_after": 3,
              "type": "LineLabelPlacementPriorities",
              "version": 1,
              "ref_id": 53
            },
            "point_placement_method": "around",
            "point_placement_priorities": {
              "top_left": 2,
              "top_center": 2,
              "top_right": 1,
              "center_right": 2,
              "bottom_right": 2,
              "bottom_center": 3,
              "bottom_left": 3,
              "center_left": 3,
              "type": "PointPlacementPriorities",
              "version": 1,
              "ref_id": 54
            },
            "point_label_angle_field": "",
            "point_label_angle_perpendicular": false,
            "point_place_over_feature": false,
            "specified_point_angles": [],
            "polygon_placement_method": "always_horizontal",
            "polygon_only_inside": false,
            "margin_size": 0.0,
            "offset": 0.0,
            "number_restriction": "one_per_name",
            "feature_weight": "none",
            "label_weight": "high",
            "place_overlapping": false,
            "geometry_type": 0,
            "generate_unplaced": true,
            "max_distance_from_feature": 0.0,
            "point_label_angle_type": 1,
            "is_barrier": false,
            "place_labels": false,
            "place_symbols": false,
            "type": "BasicOverposterLayerProperties",
            "version": 6,
            "ref_id": 51
          },
          "expression_parser": null,
          "offset": 0.0,
          "label_which_features": 1,
          "symbol_id": 65535,
          "layer_full_extent": null,
          "scale_ratio": 0.0,
          "reference_scale": 0.0,
          "units_world_coordinates": "unknown",
          "priority": 4294967295,
          "create_unplaced_elements": true,
          "feature_linked": false,
          "use_output": 65535,
          "annotation_class_id": 0,
          "add_unplaced_to_graphics_container": true,
          "type": "LabelEngineLayerProperties",
          "version": 7,
          "ref_id": 46
        }
      ],
      "type": "AnnotateLayerPropertiesCollection",
      "version": 2,
      "ref_id": 45
    },
    "display_filter": null,
    "transparency": 0,
    "brightness": 0,
    "hyperlink_type": "document",
    "hyperlink_field": "",
    "hyperlink_macro_name": "",
    "scale_symbols": true,
    "selection_color": null,
    "show_selection_using_symbol": false,
    "cached": false,
    "show_map_tips": false,
    "selected_feature_symbol": {
      "color": {
        "R": 0,
        "G": 255,
        "B": 255,
        "dither": true,
        "is_null": false,
        "type": "RgbColor",
        "version": 1,
        "ref_id": 57
      },
      "marker_type": "circle",
      "size": 8.0,
      "x_offset": 0.0,
      "y_offset": 0.0,
      "outline_enabled": false,
      "outline_color": {
        "R": 0,
        "G": 0,
        "B": 0,
        "dither": false,
        "is_null": false,
        "type": "RgbColor",
        "version": 1,
        "ref_id": 58
      },
      "outline_size": 1.0,
      "rotate_with_transform": true,
      "angle": 0.0,
      "type": "SimpleMarkerSymbol",
      "version": 2,
      "ref_id": 56,
      "enabled": true,
      "locked": false,
      "symbol_level": 0
    },
    "layer_extent": {
      "x_min": 0.0,
      "x_max": 770884.0,
      "y_min": 0.0,
      "y_max": 1575407.0,
      "crs": {
        "name": "Unknown",
        "x_origin": -4012604.513152,
        "y_origin": -3610343.013152,
        "m_origin": 0.0,
        "z_origin": 0.0,
        "xy_resolution": 244.14062477262632,
        "z_resolution": 100000.0,
        "m_resolution": 100000.0,
        "xy_tolerance": null,
        "z_tolerance": null,
        "m_tolerance": null,
        "is_high_precision": false,
        "type": "UnknownCoordinateSystem",
        "version": 1,
        "ref_id": 6
      },
      "type": "Envelope",
      "version": 3,
      "ref_id": 59
    },
    "features_excluded_from_rendering": {
      "features": [],
      "type": "FeatureIDSet",
      "version": 1,
      "ref_id": 55
    },
    "uid": {
      "value": "01004145-0d1c-11d2-a26f-080009b6f22b",
      "sub_type": 0,
      "type": "UID",
      "version": 1,
      "ref_id": 60
    },
    "display_expression_properties": null,
    "map_tip_hide_field_name": false,
    "map_tip_show_coded": false,
    "map_tip_field_name": "",
    "map_tip_url_prefix": "",
    "map_tip_url_suffix": "",
    "map_tip_xsl": "",
    "html_popup_enabled": false,
    "html_popup_style": "two_column_table",
    "html_popup_download_attachment": false,
    "use_advanced_symbol_levels": false,
    "time_enabled": false,
    "time_zone": null,
    "time_step": 0,
    "time_step_units": "unknown",
    "time_offset": 0,
    "time_offset_units": "unknown",
    "time_data_changes_regularly": false,
    "time_format": "",
    "time_display_cumulative": false,
    "time_field": "",
    "time_end_field": "",
    "time_extent": null,
    "time_dimension_name": "",
    "time_dimension_format": "",
    "track_id_field_name": "",
    "extensions": [],
    "join_type": "left_outer",
    "join": null,
    "relations": [],
    "hyperlinks": [],
    "selection_set": [],
    "hyperlink_expression_properties": null,
    "selectable": true,
    "weight": -1.0,
    "shape_type": "point",
    "use_page_definition_query": false,
    "page_name_field": "",
    "page_name_match_operator": "",
    "display_field": "PROVINCE",
    "area_of_interest": null,
    "type": "FeatureLayer",
    "version": 22,
    "ref_id": 0
  }
}