{'colors': [{'B': 0,
             'G': 0,
             'R': 255,
             'dither': True,
             'is_null': False,
             'stream_offset': '0x42',
             'type': 'RgbColor',
             'version': 1},
            {'B': 0,
             'G': 255,
             'R': 0,
             'dither': True,
             'is_null': False,
             'stream_offset': '0x71',
             'type': 'RgbColor',
             'version': 1},
            {'B': 255,
             'G': 0,
             'R': 0,
             'dither': True,
             'is_null': False,
             'stream_offset': '0xa0',
             'type': 'RgbColor',
             'version': 1},
            {'B': 0,
             'G': 0,
             'R': 255,
             'dither': True,
             'is_null': False,
             'stream_offset': '0xcf',
             'type': 'RgbColor',
             'version': 1},
            {'B': 0,
             'G': 255,
             'R': 0,
             'dither': True,
             'is_null': False,
             'stream_offset': '0xfe',
             'type': 'RgbColor',
             'version': 1},
            {'B': 255,
             'G': 0,
             'R': 0,
             'dither': True,
             'is_null': False,
             'stream_offset': '0x12d',
             'type': 'RgbColor',
             'version': 1},
            {'B': 0,
             'G': 0,
             'R': 255,
             'dither': True,
             'is_null': False,
             'stream_offset': '0x15c',
             'type': 'RgbColor',
             'version': 1},
            {'B': 0,
             'G': 255,
             'R': 0,
             'dither': True,
             'is_null': False,
             'stream_offset': '0x18b',
             'type': 'RgbColor',
             'version': 1},
            {'B': 255,
             'G': 0,
             'R': 0,
             'dither': True,
             'is_null': False,
             'stream_offset': '0x1ba',
             'type': 'RgbColor',
             'version': 1},
            {'B': 0,
             'G': 0,
             'R': 255,
             'dither': True,
             'is_null': False,
             'stream_offset': '0x1e9',
             'type': 'RgbColor',
             'version': 1},
            {'B': 0,
             'G': 255,
             'R': 0,
             'dither': True,
             'is_null': False,
             'stream_offset': '0x218',
             'type': 'RgbColor',
             'version': 1},
            {'B': 255,
             'G': 0,
             'R': 0,
             'dither': True,
             'is_null': False,
             'stream_offset': '0x247',
             'type': 'RgbColor',
             'version': 1},
            {'B': 0,
             'G': 0,
             'R': 255,
             'dither': True,
             'is_null': False,
             'stream_offset': '0x276',
             'type': 'RgbColor',
             'version': 1}],
 'stream_offset': '0x0',
 'type': 'PresetColorRamp',
 'version': 1}
