{'name': 'Area Patch MultiPolygon',
 'polygon': {'crs': {'is_high_precision': True,
                     'm_origin': -100000.0,
                     'm_scale': 10000.0,
                     'm_tolerance': 0.001,
                     'type': 'GeographicCoordinateSystem',
                     'version': 7,
                     'wkt': 'GEOGCS["WGS '
                            '84",DATUM["unknown",SPHEROID["WGS84",6378137.0,298.257223563]],PRIMEM["Greenwich",0.0],UNIT["degree",0.0174532925199433]]',
                     'x_origin': -400.0,
                     'xy_scale': 11258999068426.238,
                     'xy_tolerance': 8.983152841195215e-09,
                     'y_origin': -400.0,
                     'z_origin': -100000.0,
                     'z_scale': 10000.0,
                     'z_tolerance': 0.001},
             'parts': [[(-109.18970290834305, 45.4535155983999),
                        (-108.96786894267926, 45.730808055479656),
                        (-108.63511799418356, 46.008100512559395),
                        (-108.13599157144002, 46.22993447822319),
                        (-107.69232364011242, 46.28539296963914),
                        (-107.41503118303268, 46.340851461055095),
                        (-106.91590476028914, 46.340851461055095),
                        (-106.47223682896154, 46.340851461055095),
                        (-106.13948588046586, 46.17447598680724),
                        (-105.97311040621801, 46.06355900397534),
                        (-105.86219342338612, 45.8971835297275),
                        (-105.64035945772231, 45.730808055479656),
                        (-105.52944247489042, 45.34259861556801),
                        (-105.47398398347447, 45.28714012415206),
                        (-105.41852549205852, 45.009847667072314),
                        (-105.25215001781066, 44.78801370140852),
                        (-104.86394057789903, 44.51072124432878),
                        (-104.69756510365119, 44.399804261496875),
                        (-104.58664812081929, 44.233428787249025),
                        (-104.53118962940334, 43.95613633016929),
                        (-104.53118962940334, 43.678843873089534),
                        (-104.58664812081929, 43.34609292459385),
                        (-104.69756510365119, 43.179717450346),
                        (-104.86394057789903, 42.9578834846822),
                        (-105.03031605214687, 42.791508010434356),
                        (-105.36306700064257, 42.56967404477056),
                        (-105.47398398347447, 42.5142155533546),
                        (-106.36131984612965, 42.29238158769081),
                        (-106.58315381179345, 42.40329857052271),
                        (-107.02682174312105, 42.73604951901841),
                        (-107.13773872595294, 42.846966501850304),
                        (-107.19319721736889, 43.068800467514095),
                        (-107.19319721736889, 43.235175941761945),
                        (-107.19319721736889, 43.45700990742574),
                        (-107.24865570878484, 43.845219347337384),
                        (-107.24865570878484, 43.845219347337384),
                        (-107.35957269161673, 43.90067783875334),
                        (-107.58140665728052, 43.90067783875334),
                        (-107.85869911436028, 43.90067783875334),
                        (-107.96961609719217, 43.90067783875334),
                        (-108.08053308002407, 43.789760855921436),
                        (-108.30236704568787, 43.789760855921436),
                        (-108.63511799418356, 43.90067783875334),
                        (-108.96786894267926, 44.233428787249025),
                        (-109.18970290834305, 44.34434577008092),
                        (-109.30061989117495, 44.51072124432878),
                        (-109.30061989117495, 44.78801370140852),
                        (-109.30061989117495, 45.06530615848826),
                        (-109.30061989117495, 45.176223141320165),
                        (-109.18970290834305, 45.4535155983999)],
                       [(-107.75016530954461, 45.359716390770956),
                        (-107.95111475954454, 45.03819727077107),
                        (-107.87073497954457, 44.87743771077113),
                        (-107.83054508954459, 44.756868040771174),
                        (-107.70997541954463, 44.63629837077122),
                        (-107.58940574954467, 44.63629837077122),
                        (-107.14731695954484, 44.51572870077126),
                        (-107.06693717954487, 44.4353489207713),
                        (-106.94636750954491, 44.39515903077131),
                        (-106.86598772954494, 44.234399470771365),
                        (-106.74541805954499, 44.073639910771426),
                        (-106.58465849954504, 44.03345002077144),
                        (-106.46408882954509, 44.03345002077144),
                        (-106.26313937954517, 44.03345002077144),
                        (-106.22294948954519, 44.073639910771426),
                        (-106.10237981954522, 44.1540196907714),
                        (-106.06218992954524, 44.354969140771324),
                        (-106.10237981954522, 44.51572870077126),
                        (-106.1425697095452, 44.71667815077119),
                        (-106.26313937954517, 44.83724782077115),
                        (-106.34351915954514, 44.91762760077111),
                        (-106.46408882954509, 44.998007380771085),
                        (-106.58465849954504, 45.03819727077107),
                        (-106.74541805954499, 45.19895683077101),
                        (-106.78560794954497, 45.239146720771),
                        (-106.90617761954492, 45.359716390770956),
                        (-106.98655739954489, 45.520475950770894),
                        (-107.2276967395448, 45.56066584077088),
                        (-107.46883607954472, 45.520475950770894),
                        (-107.75016530954461, 45.359716390770956)],
                       [(-103.4900369695462, 45.96256474077073),
                        (-103.40965718954622, 46.203704080770635),
                        (-103.28908751954627, 46.44484342077055),
                        (-103.00775828954637, 46.565413090770505),
                        (-102.52547960954655, 46.726172650770444),
                        (-102.28434026954665, 46.68598276077046),
                        (-102.16377059954668, 46.565413090770505),
                        (-102.08339081954671, 46.44484342077055),
                        (-102.00301103954675, 46.324273750770594),
                        (-101.8422514795468, 46.163514190770655),
                        (-101.72168180954685, 46.042944520770696),
                        (-101.68149191954686, 45.922374850770744),
                        (-101.68149191954686, 45.761615290770806),
                        (-101.68149191954686, 45.641045620770846),
                        (-101.80206158954681, 45.48028606077091),
                        (-101.88244136954678, 45.359716390770956),
                        (-101.96282114954676, 45.31952650077096),
                        (-102.08339081954671, 45.158766940771024),
                        (-102.1235807095467, 45.11857705077104),
                        (-102.32453015954663, 45.11857705077104),
                        (-102.44509982954658, 45.11857705077104),
                        (-102.56566949954653, 45.11857705077104),
                        (-102.96756839954638, 45.19895683077101),
                        (-102.96756839954638, 45.239146720771),
                        (-103.1685178495463, 45.399906280770935),
                        (-103.2087077395463, 45.48028606077091),
                        (-103.36946729954624, 45.56066584077088),
                        (-103.4900369695462, 45.96256474077073)]],
             'segments': [],
             'type': 'Polygon',
             'version': 2,
             'x_max': -101.68149191954686,
             'x_min': -109.30061989117495,
             'y_max': 46.726172650770444,
             'y_min': 42.29238158769081},
 'preserve_aspect': True,
 'type': 'AreaPatch',
 'version': 3}
