{'name': '',
 'polygon': {'crs': None,
             'parts': [[(0.0, 0.0),
                        (0.0, 100.0),
                        (100.0, 100.0),
                        (100.0, 0.0),
                        (0.0, 0.0)]],
             'segments': [],
             'stream_offset': '0x12',
             'type': 'Polygon',
             'version': 2,
             'x_max': 100.0,
             'x_min': 0.0,
             'y_max': 100.0,
             'y_min': 0.0},
 'preserve_aspect': True,
 'stream_offset': '0x0',
 'type': 'AreaPatch',
 'version': 3}
