{'name': '',
 'polygon': {'crs': None,
             'parts': [[(0.0, 0.0),
                        (0.0, 100.0),
                        (100.0, 100.0),
                        (100.0, 0.0),
                        (0.0, 0.0)]],
             'segments': [],
             'type': 'Polygon',
             'version': 2,
             'x_max': 100.0,
             'x_min': 0.0,
             'y_max': 100.0,
             'y_min': 0.0},
 'preserve_aspect': False,
 'type': 'AreaPatch',
 'version': 3}
