{'name': '',
 'polyline': {'crs': None,
              'parts': [[(0.0, 0.0), (100.0, 0.0)]],
              'segments': [],
              'type': 'Polyline',
              'version': 2,
              'x_max': 100.0,
              'x_min': 0.0,
              'y_max': 0.0,
              'y_min': 0.0},
 'preserve_aspect': False,
 'type': 'LinePatch',
 'version': 3}
