{'gap_x': 0.0,
 'gap_y': 0.0,
 'rounding': 0,
 'symbol': {'color': {'B': 0,
                      'G': 230,
                      'R': 76,
                      'dither': False,
                      'is_null': False,
                      'type': 'RgbColor',
                      'version': 1},
            'enabled': True,
            'fill_style': 'solid',
            'locked': False,
            'outline': {'color': {'B': 110,
                                  'G': 110,
                                  'R': 110,
                                  'dither': True,
                                  'is_null': False,
                                  'type': 'RgbColor',
                                  'version': 1},
                        'enabled': True,
                        'line_type': 'solid',
                        'locked': False,
                        'symbol_level': 0,
                        'type': 'SimpleLineSymbol',
                        'version': 1,
                        'width': 3.4},
            'symbol_level': 0,
            'type': 'SimpleFillSymbol',
            'version': 1},
 'type': 'SymbolBackground',
 'version': 2}
