{'gap_x': 0.0,
 'gap_y': 0.0,
 'rounding': 0,
 'symbol': {'color': {'B': 0,
                      'G': 0,
                      'R': 255,
                      'dither': False,
                      'is_null': False,
                      'type': 'RgbColor',
                      'version': 1},
            'enabled': True,
            'line_type': 'solid',
            'locked': False,
            'symbol_level': 0,
            'type': 'SimpleLineSymbol',
            'version': 1,
            'width': 3.2},
 'type': 'SymbolBorder',
 'version': 2}
