{'angle': 0,
 'calculated_angle': 0.0,
 'calibration_angle': 0.0,
 'linked_map': None,
 'marker_element': {'anchor': 'middle',
                    'auto_transform': False,
                    'background': None,
                    'border': None,
                    'custom_property': None,
                    'draft_mode': False,
                    'element_name': '',
                    'element_type': 'Marker',
                    'height': 0.0,
                    'locked': False,
                    'preserve_aspect': True,
                    'reference_scale': 0.0,
                    'shadow': None,
                    'shape': {'crs': None,
                              'm': None,
                              'type': 'Point',
                              'version': 2,
                              'x': 0.0,
                              'y': 0.0,
                              'z': None},
                    'symbol': {'angle': 0.0,
                               'color': {'B': 0,
                                         'G': 0,
                                         'R': 0,
                                         'dither': False,
                                         'is_null': False,
                                         'type': 'RgbColor',
                                         'version': 1},
                               'enabled': True,
                               'font': 'Arial',
                               'locked': False,
                               'rotate_with_transform': True,
                               'size': 72.0,
                               'std_font': {'charset': 0,
                                            'font_name': 'Arial',
                                            'italic': False,
                                            'size': 72.0,
                                            'strikethrough': False,
                                            'type': 'Font',
                                            'underline': False,
                                            'version': 1,
                                            'weight': 400},
                               'symbol_level': 0,
                               'type': 'CharacterMarkerSymbol',
                               'unicode': 46,
                               'version': 4,
                               'x_offset': 0.0,
                               'x_scale': 1.0,
                               'y_offset': 0.0,
                               'y_scale': 1.0},
                    'type': 'MarkerElement',
                    'version': 3,
                    'width': nan,
                    'x': nan,
                    'y': 0.0},
 'name': 'North Arrow',
 'orientation_type': 'absolute',
 'reference_location': None,
 'size': 72.0,
 'type': 'MarkerNorthArrow',
 'version': 2}
