{'fixed_aspect_ratio': False,
 'format': '',
 'map': None,
 'map_unit_label': 'nautical miles label',
 'map_units': 'nautical_miles',
 'name': 'Scale Text',
 'number_format': {'alignment': 'ALIGN_LEFT',
                   'alignment_width': 12,
                   'rounding': 'ROUND_NUMBER_OF_DECIMALS',
                   'rounding_value': 2,
                   'show_plus_sign': False,
                   'thousands': True,
                   'type': 'NumericFormat',
                   'version': 1,
                   'zero_pad': False},
 'page_unit_label': 'point',
 'page_units': 'points',
 'relative': True,
 'separator': ' = ',
 'text_element': {'anchor': 'bottom_left',
                  'annotation_group_index': 1,
                  'auto_transform': True,
                  'background': None,
                  'border': None,
                  'custom_property': None,
                  'draft_mode': False,
                  'element_name': '',
                  'element_type': 'Text',
                  'locked': False,
                  'preserve_aspect': False,
                  'reference_scale': 0.0,
                  'shadow': None,
                  'shape': {'crs': None,
                            'm': None,
                            'type': 'Point',
                            'version': 2,
                            'x': 0.0,
                            'y': 0.0,
                            'z': None},
                  'symbol': None,
                  'text': '',
                  'text_symbol': {'angle': 0.0,
                                  'background_symbol': None,
                                  'break_character': None,
                                  'case': 'normal',
                                  'character_spacing': 0.0,
                                  'character_width': 100.0,
                                  'cjk_orientation': False,
                                  'clip': False,
                                  'color': {'B': 0,
                                            'G': 0,
                                            'R': 0,
                                            'dither': False,
                                            'is_null': False,
                                            'type': 'RgbColor',
                                            'version': 1},
                                  'flip_angle': 0.0,
                                  'font': {'charset': 0,
                                           'font_name': 'Arial',
                                           'italic': False,
                                           'size': 12.0,
                                           'strikethrough': False,
                                           'type': 'Font',
                                           'underline': False,
                                           'version': 1,
                                           'weight': 400},
                                  'font_size': 12.0,
                                  'halo_enabled': False,
                                  'halo_size': 2.0,
                                  'halo_symbol': None,
                                  'horizontal_alignment': 'left',
                                  'kerning': True,
                                  'leading': 0.0,
                                  'position': 'normal',
                                  'raster_op': 13,
                                  'right_to_left': False,
                                  'rotate_with_transform': True,
                                  'shadow_color': {'B': 0,
                                                   'G': 0,
                                                   'R': 0,
                                                   'dither': False,
                                                   'is_null': False,
                                                   'type': 'RgbColor',
                                                   'version': 1},
                                  'shadow_x_offset': 0.0,
                                  'shadow_y_offset': 0.0,
                                  'symbol_level': 0,
                                  'text_direction': 0,
                                  'text_fill_symbol': None,
                                  'type': 'TextSymbol',
                                  'type_setting': True,
                                  'version': 4,
                                  'vertical_alignment': 'baseline',
                                  'word_spacing': 100.0,
                                  'x_offset': 0.0,
                                  'y_offset': 0.0},
                  'type': 'TextElement',
                  'version': 8},
 'type': 'ScaleText',
 'version': 3}
