{'offset_x': 10.0,
 'offset_y': -10.0,
 'rounding': 0,
 'symbol': {'levels': [{'angle': 0.0,
                        'color_background': {'B': 255,
                                             'G': 255,
                                             'R': 255,
                                             'dither': False,
                                             'is_null': False,
                                             'type': 'RgbColor',
                                             'version': 1},
                        'color_background_model': 'rgb',
                        'color_foreground': {'B': 0,
                                             'G': 0,
                                             'R': 0,
                                             'dither': False,
                                             'is_null': False,
                                             'type': 'RgbColor',
                                             'version': 1},
                        'color_foreground_model': 'rgb',
                        'color_transparent': {'B': 255,
                                              'G': 255,
                                              'R': 255,
                                              'dither': False,
                                              'is_null': False,
                                              'type': 'RgbColor',
                                              'version': 1},
                        'color_transparent_model': 'rgb',
                        'enabled': True,
                        'locked': False,
                        'offset_x': 0.0,
                        'offset_y': 0.0,
                        'outline': {'levels': [{'color': {'B': 0,
                                                          'G': 0,
                                                          'R': 0,
                                                          'dither': False,
                                                          'is_null': False,
                                                          'type': 'RgbColor',
                                                          'version': 1},
                                                'enabled': True,
                                                'line_type': 'solid',
                                                'locked': False,
                                                'symbol_level': 0,
                                                'type': 'SimpleLineSymbol',
                                                'version': 1,
                                                'width': 0.4}],
                                    'symbol_level': 0,
                                    'type': 'MultiLayerLineSymbol',
                                    'version': 2},
                        'picture': {'content': b'Qk1uAAAAAAAAAD4AAAAoAAAADAAA'
                                               b'AAwAAAABAAEAAAAAADAAAAAAAAAA'
                                               b'AAAAAAAAAAAAAAAAAAAAAP///wD/'
                                               b'8AAA3dAAAP/wAAD/8AAA//AAAN3Q'
                                               b'AAD/8AAA//AAAP/wAADd0AAA//AA'
                                               b'AP/wAAA=',
                                    'picture_type': 'BmpPicture',
                                    'type': 'StdPicture',
                                    'version': 1},
                        'scale_x': 1.0,
                        'scale_y': 1.0,
                        'separation_x': 0.0,
                        'separation_y': 0.0,
                        'swap_fg_bg': False,
                        'symbol_level': 0,
                        'type': 'PictureFillSymbol',
                        'version': 8}],
            'symbol_level': 0,
            'type': 'MultiLayerFillSymbol',
            'version': 2},
 'type': 'SymbolShadow',
 'version': 1}
