{'levels': [{'angle': 0.0,
             'color': {'B': 0,
                       'G': 0,
                       'R': 255,
                       'dither': False,
                       'is_null': False,
                       'stream_offset': '0x6f',
                       'type': 'RgbColor',
                       'version': 1},
             'enabled': True,
             'locked': False,
             'outline': {'color': {'B': 110,
                                   'G': 110,
                                   'R': 110,
                                   'dither': True,
                                   'is_null': False,
                                   'stream_offset': '0xc0',
                                   'type': 'RgbColor',
                                   'version': 1},
                         'enabled': True,
                         'line_type': 'solid',
                         'locked': False,
                         'stream_offset': '0xae',
                         'symbol_level': 0,
                         'type': 'SimpleLineSymbol',
                         'version': 1,
                         'width': 1.0},
             'size': 1.0,
             'stream_offset': '0x4d',
             'symbol_level': 0,
             'texture': None,
             'transparency_color': None,
             'type': 'TextureFillSymbol',
             'version': 2}],
 'stream_offset': '0x0',
 'symbol_level': 0,
 'type': 'MultiLayerFillSymbol',
 'version': 2}
