{'levels': [{'angle': 0.0,
             'color_background': {'B': 0,
                                  'G': 0,
                                  'R': 0,
                                  'dither': False,
                                  'is_null': True,
                                  'stream_offset': '0x3777',
                                  'type': 'RgbColor',
                                  'version': 1},
             'color_background_model': 'rgb',
             'color_foreground': None,
             'color_foreground_model': None,
             'color_transparent': {'B': 0,
                                   'G': 0,
                                   'R': 255,
                                   'dither': True,
                                   'is_null': False,
                                   'stream_offset': '0x37b6',
                                   'type': 'RgbColor',
                                   'version': 1},
             'color_transparent_model': 'rgb',
             'enabled': True,
             'locked': False,
             'offset_x': 0.0,
             'offset_y': 0.0,
             'outline': {'color': {'B': 110,
                                   'G': 110,
                                   'R': 110,
                                   'dither': True,
                                   'is_null': False,
                                   'stream_offset': '0x37f7',
                                   'type': 'RgbColor',
                                   'version': 1},
                         'enabled': True,
                         'line_type': 'solid',
                         'locked': False,
                         'stream_offset': '0x37e5',
                         'symbol_level': 0,
                         'type': 'SimpleLineSymbol',
                         'version': 1,
                         'width': 1.0},
             'picture': {'content': b'AQAAAHQAAABzAQAA0f3//78BAAAN/v//Si0AAMO7'
                                    b'//+RNgAAFsP//yBFTUYAAAEADDcAAAsAAAACAAAA'
                                    b'DQAAAFgAAAAAAAAAAAQAAAADAABAAQAA8AAAAEEA'
                                    b'ZABvAGIAZQAgAFMAeQBzAHQAZQBtAHMAAAARAAAA'
                                    b'DAAAAAgAAAASAAAADAAAAAEAAAAKAAAAEAAAAAAA'
                                    b'AAAAAAAADAAAABAAAAAAAAAAAAAAAAkAAAAQAAAA'
                                    b'rAIAABwCAAALAAAAEAAAAOQAAAC0AAAAJAAAACQA'
                                    b'AAAAAEBAAAAAgAAAAAAAAEDAAACLRACA0cQCAAAA'
                                    b'UQAAAOg1AABzAQAA0f3//78BAAAN/v//AAAAAMT/'
                                    b'//8AAAAAAAAAAEwAAAA8AAAAUAAAACgAAAB4AAAA'
                                    b'cDUAAAAAAAAgAMwATAAAADwAAAAoAAAATAAAADwA'
                                    b'AAABABgAAAAAAHA1AAATCwAAEwsAAAAAAAAAAAAA'
                                    b'////////////////////////////////////////'
                                    b'////////////6KgX6KgX6KgX6KgX////////////'
                                    b'////////////////////////////////6KgX6KgX'
                                    b'6KgX6KgX////////////////////////////////'
                                    b'////6KgX6KgX6KgX////////////////////////'
                                    b'////////////////////////////////////////'
                                    b'////////////////////6KgX6KgX6KgX6KgX////'
                                    b'////////////////////////////////////////'
                                    b'////////////////////////////////6KgX6KgX'
                                    b'6KgX6KgX////////////////////////////////'
                                    b'////////////6KgX6KgX6KgX6KgX////////////'
                                    b'////////////////////////////////////////'
                                    b'////////////////////////////////////////'
                                    b'////////////////////////////////////////'
                                    b'////////6KgX6KgX////////////////////////'
                                    b'////////////////////////////////////////'
                                    b'////////////////6KgX6KgX6KgX6KgX////////'
                                    b'////////////////////////////////6KgX6KgX'
                                    b'6KgX6KgX////////////////////////////////'
                                    b'////////////////////////////////////////'
                                    b'////////////////////////////////////////'
                                    b'////////////////////////////////////////'
                                    b'////////////////////////////////////////'
                                    b'////////////////////////////////////////'
                                    b'6KgX6KgX////////////////////////////////'
                                    b'////////////////6KgX6KgX////////////////'
                                    b'////////////////////////////////////////'
                                    b'////////////////////////////////////////'
                                    b'////////////////////////////////////////'
                                    b'////////////////////////////////////////'
                                    b'////////////////////////////////////////'
                                    b'////////////////////6KgX6KgX6KgX////////'
                                    b'////////////////////////////////////////'
                                    b'////////////////////////////////////////'
                                    b'////////////////////////////////////////'
                                    b'////////////////////////////////////////'
                                    b'////////////////////////////////////////'
                                    b'////////////////////////////////////////'
                                    b'////////////////////////////////////6KgX'
                                    b'6KgX6KgX6KgX////////////////////////////'
                                    b'////////////////////////////////////////'
                                    b'////////////////////6KgX6KgX////////////'
                                    b'////////////////////////////////////////'
                                    b'////////////////////////////////////6KgX'
                                    b'6KgX////////////////////////////////////'
                                    b'////////////////////////////////////////'
                                    b'////////////////6KgX6KgX6KgX6KgX6KgX////'
                                    b'////////////////////////////////////////'
                                    b'////////////////////////////////////6KgX'
                                    b'6KgX6KgX6KgX////////////////////////////'
                                    b'6KgX6KgX6KgX////////////////////////////'
                                    b'////////6KgX6KgX6KgX6KgX6KgX6KgX6KgX6KgX'
                                    b'6KgX6KgX////////////////////////////////'
                                    b'////////////////////////////////////6KgX'
                                    b'6KgX6KgX6KgX6KgX////////////////////////'
                                    b'////////////////////////////////////////'
                                    b'////////////////6KgX6KgX6KgX6KgX////////'
                                    b'////////////////////////6KgX6KgX6KgX////'
                                    b'////////////////////////6KgX6KgX6KgX6KgX'
                                    b'6KgX6KgX6KgX6KgX6KgX6KgX6KgX6KgX////////'
                                    b'////////////////////////////////////////'
                                    b'////////////////6KgX6KgX6KgX6KgX6KgX6KgX'
                                    b'////////////////////////////////////////'
                                    b'////////////////////////////////////6KgX'
                                    b'6KgX6KgX6KgX6KgX////////////////////////'
                                    b'////////6KgX6KgX6KgX////////////////////'
                                    b'////////6KgX6KgX6KgX////////////////////'
                                    b'////6KgX6KgX6KgX////////////////////////'
                                    b'////////////////////////////////////////'
                                    b'6KgX6KgX6KgX////////////////////////////'
                                    b'////////////////////////////////////////'
                                    b'////////////////6KgX6KgX6KgX6KgX6KgX////'
                                    b'////////////////////////////////6KgX6KgX'
                                    b'6KgX6KgX6KgX////////////6KgX6KgX6KgX6KgX'
                                    b'////////////////////////////////////////'
                                    b'////////////////////////////////////////'
                                    b'////////////////////////////////////////'
                                    b'////////////////////////////////////////'
                                    b'////////////////////////////6KgX6KgX6KgX'
                                    b'6KgX6KgX6KgX////////////////////////////'
                                    b'////////////////6KgX6KgX6KgX6KgX6KgX6KgX'
                                    b'6KgX6KgX6KgX6KgX6KgX6KgX////////////////'
                                    b'////////////////////////////////////////'
                                    b'////////////////////////////////////////'
                                    b'////////////////////////////////////////'
                                    b'////////////////////////////////////////'
                                    b'////////6KgX6KgX6KgX6KgX6KgX6KgX6KgX////'
                                    b'////////////////////////////////////////'
                                    b'////6KgX6KgX6KgX6KgX6KgX6KgX6KgX6KgX6KgX'
                                    b'6KgX////////////////////////////////////'
                                    b'////////////////////////////////////////'
                                    b'////////6KgX6KgX6KgX////////////////////'
                                    b'////////////////////////////////////////'
                                    b'////////////////////////////6KgX6KgX6KgX'
                                    b'6KgX6KgX6KgX////////////////////////////'
                                    b'////////////////////////////////////6KgX'
                                    b'6KgX6KgX6KgX6KgX////////////////////////'
                                    b'////////////////////////////////////////'
                                    b'////////////////////////6KgX6KgX6KgX6KgX'
                                    b'6KgX////////////////////////////////////'
                                    b'////////////////////////////6KgX6KgX6KgX'
                                    b'6KgX6KgX6KgX6KgX6KgX6KgX6KgX6KgX////////'
                                    b'////////////////////////////////////////'
                                    b'////////////////////////////////////////'
                                    b'////////////////////////////////////////'
                                    b'////////////////////////////////////6KgX'
                                    b'6KgX6KgX6KgX6KgX6KgX6KgX////////////////'
                                    b'////////////////////////////////6KgX6KgX'
                                    b'6KgX6KgX6KgX6KgX6KgX6KgX6KgX6KgX6KgX6KgX'
                                    b'6KgX6KgX////////////////////////////////'
                                    b'////////////////////////////////////////'
                                    b'////////////////////////////////////////'
                                    b'////////////////////////////////////////'
                                    b'////////////////6KgX6KgX6KgX6KgX6KgX6KgX'
                                    b'////////////////////////////////////////'
                                    b'////////////////6KgX6KgX6KgX6KgX6KgX6KgX'
                                    b'6KgX6KgX6KgX6KgX6KgX6KgX////////////////'
                                    b'////////////////////////////////////////'
                                    b'////////////////////////////////////////'
                                    b'////////////////////////////////////////'
                                    b'////////////////////////////////////6KgX'
                                    b'6KgX6KgX6KgX6KgX6KgX////////////////////'
                                    b'////////////////////////////////////6KgX'
                                    b'6KgX6KgX6KgX6KgX6KgX6KgX6KgX////////////'
                                    b'////////////////////////////////////////'
                                    b'////////////////////////////////////////'
                                    b'////////////////////////////////////////'
                                    b'////////////////////////////////////////'
                                    b'////////////////6KgX6KgX6KgX6KgX6KgX6KgX'
                                    b'////////////////////////////////////////'
                                    b'////////////////6KgX6KgX6KgX6KgX6KgX////'
                                    b'////////////////////////////////////////'
                                    b'////////////////////////////////////////'
                                    b'6KgX6KgX6KgX////////////////////////////'
                                    b'////////////////////////////////////////'
                                    b'////////////////////////////////6KgX6KgX'
                                    b'6KgX6KgX6KgX6KgX6KgX////////////////////'
                                    b'////////////////////////////////////6KgX'
                                    b'6KgX6KgX6KgX6KgX////////////////////////'
                                    b'////////////////////////////////////////'
                                    b'////////////////////6KgX6KgX6KgX6KgX////'
                                    b'////////////////////////////////////////'
                                    b'////////////////////////////////////////'
                                    b'////////6KgX6KgX6KgX6KgX6KgX6KgX6KgX////'
                                    b'////////////////////////////////////////'
                                    b'////////////////////6KgX6KgX6KgX6KgX6KgX'
                                    b'////////////////////////////////////6KgX'
                                    b'6KgX6KgX////////////////////////////////'
                                    b'6KgX6KgX6KgX6KgX6KgX////////////////////'
                                    b'////////////////////////////////////6KgX'
                                    b'6KgX6KgX6KgX6KgX6KgX6KgX6KgX6KgX6KgX6KgX'
                                    b'6KgX6KgX6KgX6KgX////////////////////////'
                                    b'////////////////////////////////////////'
                                    b'////////6KgX6KgX////////////////////////'
                                    b'////////////6KgX6KgX6KgX6KgX6KgX////////'
                                    b'////////////////////6KgX6KgX6KgX6KgX6KgX'
                                    b'6KgX////////////////////////////////////'
                                    b'////////6KgX6KgX6KgX6KgX6KgX6KgX6KgX6KgX'
                                    b'6KgX6KgX6KgX6KgX6KgX6KgX6KgX6KgX////////'
                                    b'////////////////////////////////////////'
                                    b'////////////////////////////////////////'
                                    b'////////////////////////////////6KgX6KgX'
                                    b'6KgX6KgX6KgX////////////////////////////'
                                    b'////6KgX6KgX6KgX6KgX6KgX////////////////'
                                    b'////////////////////////6KgX6KgX6KgX6KgX'
                                    b'6KgX6KgX6KgX6KgX6KgX6KgX6KgX6KgX6KgX6KgX'
                                    b'6KgX////////////////////////////////////'
                                    b'////////////////////////////////////////'
                                    b'////////////////////////////////////////'
                                    b'////////////////6KgX6KgX6KgX6KgX////////'
                                    b'////////////////////6KgX6KgX6KgX6KgX6KgX'
                                    b'////////////////////////////////////////'
                                    b'////6KgX6KgX6KgX6KgX6KgX6KgX////////////'
                                    b'////////////////////////////////////////'
                                    b'////////////////////////////////////////'
                                    b'////////6KgX6KgX////////////////////////'
                                    b'////////////////////////////6KgX6KgX6KgX'
                                    b'6KgX6KgX6KgX////////////////////////////'
                                    b'////6KgX6KgX6KgX6KgX6KgX////////////////'
                                    b'////////////////////////////6KgX6KgX6KgX'
                                    b'6KgX6KgX////////////////////////////////'
                                    b'////////////////////////////////////////'
                                    b'////////////////////////////6KgX6KgX6KgX'
                                    b'6KgX////////////////////////////////////'
                                    b'////////6KgX6KgX6KgX6KgX6KgX6KgX6KgX////'
                                    b'////////////////////////////6KgX6KgX6KgX'
                                    b'6KgX////////////////////////////////////'
                                    b'////////////////6KgX6KgX////////////////'
                                    b'////////////////////////////////////////'
                                    b'////////////////////////////////////////'
                                    b'////////////6KgX6KgX6KgX6KgX////////////'
                                    b'////////////////////////////6KgX6KgX6KgX'
                                    b'6KgX6KgX6KgX6KgX6KgX////////////////////'
                                    b'////////6KgX6KgX6KgX6KgX////////////////'
                                    b'////////////////////////////////////////'
                                    b'////////////////////////////////////////'
                                    b'////////////////////////////////////////'
                                    b'////////////////////////////////////6KgX'
                                    b'6KgX6KgX////////////////////////////////'
                                    b'////////////6KgX6KgX6KgX6KgX6KgX6KgX////'
                                    b'////////////////////////////////6KgX6KgX'
                                    b'6KgX6KgX////////////////////////////////'
                                    b'////////////////////////////////////////'
                                    b'////////////////////////////////////////'
                                    b'////////////////////////////////////////'
                                    b'////////////////////6KgX6KgX6KgX////////'
                                    b'////////////////////////////////////////'
                                    b'6KgX6KgX6KgX6KgX////////////////////////'
                                    b'////////////////6KgX6KgX6KgX6KgX////////'
                                    b'////////////////////////////////////////'
                                    b'////////////////////////////6KgX6KgX////'
                                    b'////////////////////////////////////////'
                                    b'////////////////////////////////////////'
                                    b'6KgX6KgX6KgX6KgX6KgX6KgX////////////////'
                                    b'////////////////////////////////////////'
                                    b'////////////////////////////////////6KgX'
                                    b'6KgX6KgX6KgX6KgX6KgX////////////////////'
                                    b'////////////////////////////////////////'
                                    b'////////6KgX6KgX6KgX////////////////////'
                                    b'////////////////6KgX6KgX6KgX6KgX////////'
                                    b'////////////////6KgX6KgX6KgX6KgX6KgX6KgX'
                                    b'6KgX6KgX6KgX////////////////////////////'
                                    b'////////////////////////////////////////'
                                    b'////////////////////6KgX6KgX6KgX6KgX6KgX'
                                    b'6KgX6KgX6KgX6KgX////////////////////////'
                                    b'////////////////////////////////6KgX6KgX'
                                    b'6KgX////////////////////////////////////'
                                    b'6KgX6KgX6KgX6KgX6KgX////////////////////'
                                    b'6KgX6KgX6KgX6KgX////////////6KgX6KgX////'
                                    b'////////////////////////////////////////'
                                    b'////////////////////////////////////////'
                                    b'6KgX6KgX6KgX6KgX6KgX6KgX6KgX6KgX6KgX6KgX'
                                    b'////////////////////////////////////////'
                                    b'////////6KgX6KgX6KgX6KgX6KgX////////////'
                                    b'////////////////////////6KgX6KgX6KgX6KgX'
                                    b'6KgX////////////////6KgX6KgX6KgX6KgX////'
                                    b'////////////////////////////////////////'
                                    b'////////////////////////////////////////'
                                    b'////////////////6KgX6KgX6KgX6KgX6KgX6KgX'
                                    b'6KgX////////6KgX6KgX6KgX////////////////'
                                    b'////////////////////////////6KgX6KgX6KgX'
                                    b'6KgX////////////////////////////////////'
                                    b'////////////////6KgX6KgX6KgX6KgX6KgX////'
                                    b'////6KgX6KgX6KgX////////////////////////'
                                    b'////////////////////////////////////////'
                                    b'////////////////////////////////6KgX6KgX'
                                    b'6KgX6KgX6KgX6KgX6KgX////////////////////'
                                    b'////////////////////////////////////////'
                                    b'////6KgX6KgX6KgX6KgX6KgX////////////////'
                                    b'////////////////////////////////////////'
                                    b'////////6KgX6KgX6KgX6KgX6KgX6KgX6KgX6KgX'
                                    b'////////////////////////////////////////'
                                    b'////////////////////////////////////////'
                                    b'////////////////6KgX6KgX6KgX6KgX6KgX////'
                                    b'////////////////////////////////////////'
                                    b'////////////////////6KgX6KgX6KgX6KgX6KgX'
                                    b'6KgX6KgX////////////////////////////////'
                                    b'////////////////////////////////////6KgX'
                                    b'6KgX6KgX6KgX6KgX////////////////////////'
                                    b'////////////////////6KgX6KgX6KgX////////'
                                    b'////////////////////////////6KgX6KgX6KgX'
                                    b'6KgX6KgX6KgX6KgX////////////////////////'
                                    b'////////////////////////////////////////'
                                    b'////6KgX6KgX6KgX6KgX6KgX////////////////'
                                    b'////////////////////////////////////////'
                                    b'////////////////////6KgX6KgX6KgX6KgX6KgX'
                                    b'////////////////////////////////6KgX6KgX'
                                    b'6KgX6KgX6KgX6KgX6KgX6KgX////////////////'
                                    b'////////////6KgX6KgX6KgX6KgX6KgX////////'
                                    b'////////////////////////////////////////'
                                    b'////////////////////////6KgX6KgX6KgX6KgX'
                                    b'6KgX////////////////////////////////////'
                                    b'////////////////////////////////////////'
                                    b'6KgX6KgX6KgX6KgX6KgX////////////////////'
                                    b'////////////////6KgX6KgX6KgX6KgX6KgX6KgX'
                                    b'6KgX6KgX////////////////////////6KgX6KgX'
                                    b'6KgX6KgX6KgX////////////////////////////'
                                    b'////////////////////////////////////////'
                                    b'////6KgX6KgX6KgX6KgX6KgX////////////////'
                                    b'////////////////////////////////////////'
                                    b'////////////////////////6KgX6KgX6KgX6KgX'
                                    b'////////////////////////////////////////'
                                    b'6KgX6KgX6KgX6KgX6KgX6KgX////////////////'
                                    b'////////////////6KgX6KgX6KgX6KgX////////'
                                    b'////////////////////////////////////////'
                                    b'////////////////6KgX6KgX6KgX6KgX6KgX6KgX'
                                    b'6KgX////////////////////////////////////'
                                    b'////////////////////////////////////////'
                                    b'////6KgX6KgX6KgX6KgX6KgX////////////////'
                                    b'////////////////////////6KgX6KgX6KgX////'
                                    b'////////////////////////////////////6KgX'
                                    b'6KgX6KgX6KgX6KgX////////////////////////'
                                    b'////////////////////////////////6KgX6KgX'
                                    b'6KgX6KgX6KgX6KgX6KgX////////////////////'
                                    b'////////////////////////////////////////'
                                    b'////////////////////////////6KgX6KgX6KgX'
                                    b'6KgX////////////////////////////////////'
                                    b'////////////////////////////////////////'
                                    b'////////////6KgX6KgX6KgX6KgX6KgX6KgX////'
                                    b'////////////////////////////////////////'
                                    b'////6KgX6KgX6KgX6KgX6KgX6KgX6KgX6KgX6KgX'
                                    b'////////////////////////////////////////'
                                    b'////////////////////////////////////////'
                                    b'////////////////////////////////////////'
                                    b'////////////////////////////////////////'
                                    b'////////////////////////////////////6KgX'
                                    b'6KgX6KgX6KgX////////////////////////////'
                                    b'////////////////////////6KgX6KgX6KgX6KgX'
                                    b'6KgX6KgX////////////////////////////////'
                                    b'////////////////////////////////////////'
                                    b'////////////////////////////////////////'
                                    b'////////////////////////////////////////'
                                    b'////////////////////////////////////////'
                                    b'////////////////////6KgX6KgX6KgX////////'
                                    b'////////////////////////////////////////'
                                    b'////////6KgX6KgX6KgX6KgX6KgX////////////'
                                    b'////////////////////////////////////////'
                                    b'////////////////////////////////////////'
                                    b'////////////////////////////////////////'
                                    b'////////////////////////6KgX6KgX6KgX////'
                                    b'////////////////////////////////////////'
                                    b'////////////////////////////////////////'
                                    b'////////////6KgX6KgX6KgX6KgX6KgX6KgX6KgX'
                                    b'6KgX6KgX////////////////////////////////'
                                    b'////////////////////////////////////////'
                                    b'////////6KgX6KgX6KgX6KgX////////////////'
                                    b'////////////////////////////////////////'
                                    b'////6KgX6KgX6KgX6KgX////////////////////'
                                    b'////////////////////////////////////////'
                                    b'////////////////////////6KgX6KgX6KgX6KgX'
                                    b'6KgX6KgX6KgX6KgX6KgX6KgX6KgX6KgX////////'
                                    b'////////////////////////////////////////'
                                    b'////////////////////6KgX6KgX6KgX6KgX6KgX'
                                    b'6KgX6KgX////////////////////////////////'
                                    b'////////////////////////////6KgX6KgX6KgX'
                                    b'////////////////////////////////////////'
                                    b'////////////////////////////////////////'
                                    b'////6KgX6KgX6KgX6KgX6KgX////6KgX6KgX6KgX'
                                    b'6KgX6KgX////////////////////////////////'
                                    b'////////////////////////////////////////'
                                    b'////6KgX6KgX6KgX6KgX6KgX6KgX////////////'
                                    b'////////////////////////////////////////'
                                    b'////////6KgX6KgX6KgX6KgX////////////////'
                                    b'////////////////////////////////////////'
                                    b'////////////////////////6KgX6KgX6KgX6KgX'
                                    b'////////////////////6KgX6KgX6KgX////////'
                                    b'////////////////////////////////////////'
                                    b'////////////////////////6KgX6KgX6KgX6KgX'
                                    b'6KgX6KgX6KgX////////////////////////////'
                                    b'////////////////////////////////6KgX6KgX'
                                    b'6KgX6KgX////////////////////////////////'
                                    b'////////////////////////////////////6KgX'
                                    b'6KgX6KgX6KgX6KgX6KgX6KgX////////////////'
                                    b'////////6KgX6KgX////////////////////////'
                                    b'////////////////////////////////////////'
                                    b'////////6KgX6KgX6KgX6KgX6KgX////////////'
                                    b'////////////////////////////6KgX6KgX6KgX'
                                    b'////////6KgX6KgX6KgX6KgX////////////////'
                                    b'////////////////////////////////////////'
                                    b'////6KgX6KgX6KgX6KgX6KgX6KgX6KgX6KgX////'
                                    b'////////////////////////////////6KgX6KgX'
                                    b'////////////////////////////////////////'
                                    b'////////////////////////////6KgX6KgX6KgX'
                                    b'6KgX6KgX////////////////////////////////'
                                    b'////////////6KgX6KgX6KgX6KgX6KgX6KgX6KgX'
                                    b'6KgX6KgX6KgX6KgX6KgX6KgX////////////////'
                                    b'////////////////////////6KgX6KgX6KgX6KgX'
                                    b'6KgX6KgX6KgX6KgX////////////////////////'
                                    b'////////////////6KgX6KgX////////////////'
                                    b'////////////////////////////////////////'
                                    b'////////////6KgX6KgX6KgX6KgX////////////'
                                    b'////////////////////////////////////6KgX'
                                    b'6KgX6KgX6KgX6KgX6KgX6KgX6KgX6KgX6KgX6KgX'
                                    b'6KgX6KgX6KgX6KgX6KgX////////////////////'
                                    b'////////6KgX6KgX6KgX6KgX6KgX////////////'
                                    b'////////////////////////////////////////'
                                    b'6KgX6KgX////////////////////////////////'
                                    b'////////////////////////////////6KgX6KgX'
                                    b'6KgX6KgX6KgX////////////////////////////'
                                    b'////////////////////////////6KgX6KgX6KgX'
                                    b'6KgX6KgX6KgX////////////////6KgX6KgX6KgX'
                                    b'6KgX6KgX////////////////////////////////'
                                    b'////////////////////////////////////////'
                                    b'////////////////////6KgX6KgX6KgX////////'
                                    b'////////////////////////////////////////'
                                    b'////////6KgX6KgX6KgX6KgX6KgX6KgX6KgX6KgX'
                                    b'////////////////////////////////////////'
                                    b'////////////6KgX6KgX6KgX6KgX6KgX////////'
                                    b'////////////////////6KgX6KgX6KgX////////'
                                    b'////////////////////////////////////////'
                                    b'////////////////////////////////////6KgX'
                                    b'6KgX6KgX6KgX6KgX////////////////////////'
                                    b'////////////////////////////6KgX6KgX6KgX'
                                    b'6KgX6KgX6KgX6KgX6KgX6KgX6KgX////////////'
                                    b'////////////////////////////////////////'
                                    b'6KgX6KgX6KgX6KgX////////////////////////'
                                    b'////////////////////////////////////////'
                                    b'////////////////////////////////////////'
                                    b'////////////////6KgX6KgX6KgX6KgX6KgX////'
                                    b'////////////////////////////////////////'
                                    b'////6KgX6KgX6KgX6KgX6KgX6KgX////////6KgX'
                                    b'6KgX6KgX6KgX6KgX6KgX////////////////////'
                                    b'////////////////////////////6KgX////////'
                                    b'////////////////////////////////////////'
                                    b'////////////////////////////////////////'
                                    b'////////////////////////////////////////'
                                    b'6KgX6KgX6KgX6KgX////////////////////////'
                                    b'////////////////6KgX6KgX6KgX6KgX6KgX6KgX'
                                    b'6KgX6KgX////////////////////////6KgX6KgX'
                                    b'6KgX6KgX////////////////////////////////'
                                    b'////////////////////////////////////////'
                                    b'////////////////////////////////////////'
                                    b'////////////////////////////////////////'
                                    b'////////////////////////////////////////'
                                    b'////////////////////////////////////////'
                                    b'6KgX6KgX6KgX6KgX6KgX////////////////////'
                                    b'////////////////////6KgX6KgX6KgX6KgX////'
                                    b'////////////////////////////////////////'
                                    b'////////////////////////////////////////'
                                    b'////////////////////////////////////////'
                                    b'////////////////////////6KgX6KgX////////'
                                    b'////////////////////////////////////////'
                                    b'////////////////6KgX6KgX6KgX6KgX6KgX6KgX'
                                    b'////////////////////////////////////////'
                                    b'////////////6KgX6KgX6KgX////////////////'
                                    b'////////////////////////////////////////'
                                    b'////////////////////////////////////////'
                                    b'////////////////////////////////////////'
                                    b'////////6KgX6KgX6KgX6KgX6KgX////////////'
                                    b'////////////////////////////////6KgX6KgX'
                                    b'6KgX6KgX6KgX////////////////////////////'
                                    b'////////////////////////////////////////'
                                    b'6KgX6KgX6KgX6KgX////////////////////////'
                                    b'////////////////////////////////////////'
                                    b'////////////////////////////////6KgX6KgX'
                                    b'6KgX////////////////////////////6KgX6KgX'
                                    b'6KgX6KgX6KgX////////////////////////////'
                                    b'////////////6KgX6KgX6KgX6KgX6KgX////////'
                                    b'////////////////////////////////////////'
                                    b'////////////////////////6KgX6KgX6KgX6KgX'
                                    b'////////////////////////////////////////'
                                    b'////////////////////////////////////////'
                                    b'////////6KgX6KgX6KgX6KgX6KgX////////////'
                                    b'////////////////////6KgX6KgX6KgX6KgX6KgX'
                                    b'////////////////////////////////6KgX6KgX'
                                    b'6KgX6KgX6KgX6KgX////////////////////////'
                                    b'////////////////////////////////////////'
                                    b'////////6KgX6KgX6KgX6KgX6KgX////////////'
                                    b'////////////////////////////////////////'
                                    b'////////////////////////////6KgX6KgX6KgX'
                                    b'6KgX6KgX////////////////////////////////'
                                    b'////////6KgX6KgX6KgX6KgX////////////////'
                                    b'////////////////6KgX6KgX6KgX6KgX6KgX////'
                                    b'////////////////////////////////////////'
                                    b'////////////////////////////////////6KgX'
                                    b'6KgX6KgX6KgX////////////////////////////'
                                    b'IwAAACAAAAAAAIA/AAAAAAAAAAAAAIA/AAAAAAAA'
                                    b'AAAOAAAAFAAAAAAAAAAQAAAAFAAAAA==',
                         'type': 'EmfPicture',
                         'version': None},
             'scale_x': 1.0,
             'scale_y': 1.0,
             'separation_x': 0.0,
             'separation_y': 0.0,
             'stream_offset': '0x4d',
             'swap_fg_bg': False,
             'symbol_level': 0,
             'type': 'PictureFillSymbol',
             'version': 8}],
 'stream_offset': '0x0',
 'symbol_level': 0,
 'type': 'MultiLayerFillSymbol',
 'version': 2}
